Component: ARM Compiler 5.06 update 3 (build 300) Tool: armlink [4d35c9]

==============================================================================

Section Cross References

    stm32f1xx_hal_tim_ex.o(i.HAL_TIMEx_ConfigCommutationEvent_DMA) refers to stm32f1xx_hal_tim_ex.o(i.TIMEx_DMACommutationCplt) for TIMEx_DMACommutationCplt
    stm32f1xx_hal_tim_ex.o(i.HAL_TIMEx_ConfigCommutationEvent_DMA) refers to stm32f1xx_hal_tim.o(i.TIM_DMAError) for TIM_DMAError
    stm32f1xx_hal_tim_ex.o(i.HAL_TIMEx_HallSensor_DeInit) refers to stm32f1xx_hal_tim_ex.o(i.HAL_TIMEx_HallSensor_MspDeInit) for HAL_TIMEx_HallSensor_MspDeInit
    stm32f1xx_hal_tim_ex.o(i.HAL_TIMEx_HallSensor_Init) refers to stm32f1xx_hal_tim_ex.o(i.HAL_TIMEx_HallSensor_MspInit) for HAL_TIMEx_HallSensor_MspInit
    stm32f1xx_hal_tim_ex.o(i.HAL_TIMEx_HallSensor_Init) refers to stm32f1xx_hal_tim.o(i.TIM_Base_SetConfig) for TIM_Base_SetConfig
    stm32f1xx_hal_tim_ex.o(i.HAL_TIMEx_HallSensor_Init) refers to stm32f1xx_hal_tim.o(i.TIM_TI1_SetConfig) for TIM_TI1_SetConfig
    stm32f1xx_hal_tim_ex.o(i.HAL_TIMEx_HallSensor_Init) refers to stm32f1xx_hal_tim.o(i.TIM_OC2_SetConfig) for TIM_OC2_SetConfig
    stm32f1xx_hal_tim_ex.o(i.HAL_TIMEx_HallSensor_Start) refers to stm32f1xx_hal_tim.o(i.TIM_CCxChannelCmd) for TIM_CCxChannelCmd
    stm32f1xx_hal_tim_ex.o(i.HAL_TIMEx_HallSensor_Start_DMA) refers to stm32f1xx_hal_tim.o(i.TIM_CCxChannelCmd) for TIM_CCxChannelCmd
    stm32f1xx_hal_tim_ex.o(i.HAL_TIMEx_HallSensor_Start_DMA) refers to stm32f1xx_hal_dma.o(i.HAL_DMA_Start_IT) for HAL_DMA_Start_IT
    stm32f1xx_hal_tim_ex.o(i.HAL_TIMEx_HallSensor_Start_DMA) refers to stm32f1xx_hal_tim.o(i.TIM_DMACaptureCplt) for TIM_DMACaptureCplt
    stm32f1xx_hal_tim_ex.o(i.HAL_TIMEx_HallSensor_Start_DMA) refers to stm32f1xx_hal_tim.o(i.TIM_DMAError) for TIM_DMAError
    stm32f1xx_hal_tim_ex.o(i.HAL_TIMEx_HallSensor_Start_IT) refers to stm32f1xx_hal_tim.o(i.TIM_CCxChannelCmd) for TIM_CCxChannelCmd
    stm32f1xx_hal_tim_ex.o(i.HAL_TIMEx_HallSensor_Stop) refers to stm32f1xx_hal_tim.o(i.TIM_CCxChannelCmd) for TIM_CCxChannelCmd
    stm32f1xx_hal_tim_ex.o(i.HAL_TIMEx_HallSensor_Stop_DMA) refers to stm32f1xx_hal_tim.o(i.TIM_CCxChannelCmd) for TIM_CCxChannelCmd
    stm32f1xx_hal_tim_ex.o(i.HAL_TIMEx_HallSensor_Stop_IT) refers to stm32f1xx_hal_tim.o(i.TIM_CCxChannelCmd) for TIM_CCxChannelCmd
    stm32f1xx_hal_tim_ex.o(i.HAL_TIMEx_OCN_Start) refers to stm32f1xx_hal_tim_ex.o(i.TIM_CCxNChannelCmd) for TIM_CCxNChannelCmd
    stm32f1xx_hal_tim_ex.o(i.HAL_TIMEx_OCN_Start_DMA) refers to stm32f1xx_hal_dma.o(i.HAL_DMA_Start_IT) for HAL_DMA_Start_IT
    stm32f1xx_hal_tim_ex.o(i.HAL_TIMEx_OCN_Start_DMA) refers to stm32f1xx_hal_tim_ex.o(i.TIM_CCxNChannelCmd) for TIM_CCxNChannelCmd
    stm32f1xx_hal_tim_ex.o(i.HAL_TIMEx_OCN_Start_DMA) refers to stm32f1xx_hal_tim.o(i.TIM_DMADelayPulseCplt) for TIM_DMADelayPulseCplt
    stm32f1xx_hal_tim_ex.o(i.HAL_TIMEx_OCN_Start_DMA) refers to stm32f1xx_hal_tim.o(i.TIM_DMAError) for TIM_DMAError
    stm32f1xx_hal_tim_ex.o(i.HAL_TIMEx_OCN_Start_IT) refers to stm32f1xx_hal_tim_ex.o(i.TIM_CCxNChannelCmd) for TIM_CCxNChannelCmd
    stm32f1xx_hal_tim_ex.o(i.HAL_TIMEx_OCN_Stop) refers to stm32f1xx_hal_tim_ex.o(i.TIM_CCxNChannelCmd) for TIM_CCxNChannelCmd
    stm32f1xx_hal_tim_ex.o(i.HAL_TIMEx_OCN_Stop_DMA) refers to stm32f1xx_hal_tim_ex.o(i.TIM_CCxNChannelCmd) for TIM_CCxNChannelCmd
    stm32f1xx_hal_tim_ex.o(i.HAL_TIMEx_OCN_Stop_IT) refers to stm32f1xx_hal_tim_ex.o(i.TIM_CCxNChannelCmd) for TIM_CCxNChannelCmd
    stm32f1xx_hal_tim_ex.o(i.HAL_TIMEx_OnePulseN_Start) refers to stm32f1xx_hal_tim_ex.o(i.TIM_CCxNChannelCmd) for TIM_CCxNChannelCmd
    stm32f1xx_hal_tim_ex.o(i.HAL_TIMEx_OnePulseN_Start_IT) refers to stm32f1xx_hal_tim_ex.o(i.TIM_CCxNChannelCmd) for TIM_CCxNChannelCmd
    stm32f1xx_hal_tim_ex.o(i.HAL_TIMEx_OnePulseN_Stop) refers to stm32f1xx_hal_tim_ex.o(i.TIM_CCxNChannelCmd) for TIM_CCxNChannelCmd
    stm32f1xx_hal_tim_ex.o(i.HAL_TIMEx_OnePulseN_Stop_IT) refers to stm32f1xx_hal_tim_ex.o(i.TIM_CCxNChannelCmd) for TIM_CCxNChannelCmd
    stm32f1xx_hal_tim_ex.o(i.HAL_TIMEx_PWMN_Start) refers to stm32f1xx_hal_tim_ex.o(i.TIM_CCxNChannelCmd) for TIM_CCxNChannelCmd
    stm32f1xx_hal_tim_ex.o(i.HAL_TIMEx_PWMN_Start_DMA) refers to stm32f1xx_hal_dma.o(i.HAL_DMA_Start_IT) for HAL_DMA_Start_IT
    stm32f1xx_hal_tim_ex.o(i.HAL_TIMEx_PWMN_Start_DMA) refers to stm32f1xx_hal_tim_ex.o(i.TIM_CCxNChannelCmd) for TIM_CCxNChannelCmd
    stm32f1xx_hal_tim_ex.o(i.HAL_TIMEx_PWMN_Start_DMA) refers to stm32f1xx_hal_tim.o(i.TIM_DMADelayPulseCplt) for TIM_DMADelayPulseCplt
    stm32f1xx_hal_tim_ex.o(i.HAL_TIMEx_PWMN_Start_DMA) refers to stm32f1xx_hal_tim.o(i.TIM_DMAError) for TIM_DMAError
    stm32f1xx_hal_tim_ex.o(i.HAL_TIMEx_PWMN_Start_IT) refers to stm32f1xx_hal_tim_ex.o(i.TIM_CCxNChannelCmd) for TIM_CCxNChannelCmd
    stm32f1xx_hal_tim_ex.o(i.HAL_TIMEx_PWMN_Stop) refers to stm32f1xx_hal_tim_ex.o(i.TIM_CCxNChannelCmd) for TIM_CCxNChannelCmd
[...]
    i.USBD_DFU_Setup                         0x08004578   Section        0  usbd_dfu.o(i.USBD_DFU_Setup)
    USBD_DFU_Setup                           0x08004579   Thumb Code   302  usbd_dfu.o(i.USBD_DFU_Setup)
    i.USBD_FS_ConfigStrDescriptor            0x080046ac   Section        0  usbd_desc.o(i.USBD_FS_ConfigStrDescriptor)
    i.USBD_FS_DeviceDescriptor               0x080046cc   Section        0  usbd_desc.o(i.USBD_FS_DeviceDescriptor)
    i.USBD_FS_InterfaceStrDescriptor         0x080046d8   Section        0  usbd_desc.o(i.USBD_FS_InterfaceStrDescriptor)
    i.USBD_FS_LangIDStrDescriptor            0x080046fc   Section        0  usbd_desc.o(i.USBD_FS_LangIDStrDescriptor)
    i.USBD_FS_ManufacturerStrDescriptor      0x08004708   Section        0  usbd_desc.o(i.USBD_FS_ManufacturerStrDescriptor)
    i.USBD_FS_ProductStrDescriptor           0x08004724   Section        0  usbd_desc.o(i.USBD_FS_ProductStrDescriptor)
    i.USBD_FS_SerialStrDescriptor            0x08004750   Section        0  usbd_desc.o(i.USBD_FS_SerialStrDescriptor)
    i.USBD_GetDescriptor                     0x08004774   Section        0  usbd_ctlreq.o(i.USBD_GetDescriptor)
    USBD_GetDescriptor                       0x08004775   Thumb Code   242  usbd_ctlreq.o(i.USBD_GetDescriptor)
    i.USBD_GetString                         0x08004866   Section        0  usbd_ctlreq.o(i.USBD_GetString)
    i.USBD_Init                              0x080048ac   Section        0  usbd_core.o(i.USBD_Init)
    i.USBD_LL_ClearStallEP                   0x080048d6   Section        0  usbd_conf.o(i.USBD_LL_ClearStallEP)
    i.USBD_LL_DataInStage                    0x080048e4   Section        0  usbd_core.o(i.USBD_LL_DataInStage)
    i.USBD_LL_DataOutStage                   0x0800498e   Section        0  usbd_core.o(i.USBD_LL_DataOutStage)
    i.USBD_LL_Init                           0x080049f8   Section        0  usbd_conf.o(i.USBD_LL_Init)
    i.USBD_LL_IsStallEP                      0x08004a54   Section        0  usbd_conf.o(i.USBD_LL_IsStallEP)
    i.USBD_LL_OpenEP                         0x08004a70   Section        0  usbd_conf.o(i.USBD_LL_OpenEP)
    i.USBD_LL_PrepareReceive                 0x08004a84   Section        0  usbd_conf.o(i.USBD_LL_PrepareReceive)
    i.USBD_LL_Reset                          0x08004a92   Section        0  usbd_core.o(i.USBD_LL_Reset)
    i.USBD_LL_Resume                         0x08004ad0   Section        0  usbd_core.o(i.USBD_LL_Resume)
    i.USBD_LL_SOF                            0x08004adc   Section        0  usbd_core.o(i.USBD_LL_SOF)
    i.USBD_LL_SetSpeed                       0x08004af4   Section        0  usbd_core.o(i.USBD_LL_SetSpeed)
    i.USBD_LL_SetUSBAddress                  0x08004afa   Section        0  usbd_conf.o(i.USBD_LL_SetUSBAddress)
    i.USBD_LL_SetupStage                     0x08004b08   Section        0  usbd_core.o(i.USBD_LL_SetupStage)
    i.USBD_LL_StallEP                        0x08004b62   Section        0  usbd_conf.o(i.USBD_LL_StallEP)
    i.USBD_LL_Start                          0x08004b70   Section        0  usbd_conf.o(i.USBD_LL_Start)
    i.USBD_LL_Stop                           0x08004b7e   Section        0  usbd_conf.o(i.USBD_LL_Stop)
    i.USBD_LL_Suspend                        0x08004b8c   Section        0  usbd_core.o(i.USBD_LL_Suspend)
    i.USBD_LL_Transmit                       0x08004b9e   Section        0  usbd_conf.o(i.USBD_LL_Transmit)
    i.USBD_ParseSetupRequest                 0x08004bac   Section        0  usbd_ctlreq.o(i.USBD_ParseSetupRequest)
    i.USBD_RegisterClass                     0x08004bd4   Section        0  usbd_core.o(i.USBD_RegisterClass)
    i.USBD_SetClassConfig                    0x08004be4   Section        0  usbd_core.o(i.USBD_SetClassConfig)
    i.USBD_SetConfig                         0x08004bfc   Section        0  usbd_ctlreq.o(i.USBD_SetConfig)
    USBD_SetConfig                           0x08004bfd   Thumb Code   110  usbd_ctlreq.o(i.USBD_SetConfig)
    i.USBD_Start                             0x08004c70   Section        0  usbd_core.o(i.USBD_Start)
    i.USBD_StdDevReq                         0x08004c7a   Section        0  usbd_ctlreq.o(i.USBD_StdDevReq)
    i.USBD_StdEPReq                          0x08004d6c   Section        0  usbd_ctlreq.o(i.USBD_StdEPReq)
    i.USBD_StdItfReq                         0x08004e48   Section        0  usbd_ctlreq.o(i.USBD_StdItfReq)
    i.USBD_Stop                              0x08004e7c   Section        0  usbd_core.o(i.USBD_Stop)
    i.USBD_static_free                       0x08004e96   Section        0  usbd_conf.o(i.USBD_static_free)
    i.USBD_static_malloc                     0x08004e98   Section        0  usbd_conf.o(i.USBD_static_malloc)
    i.USB_ActivateEndpoint                   0x08004ea0   Section        0  stm32f1xx_ll_usb.o(i.USB_ActivateEndpoint)
    i.USB_CoreInit                           0x080050fc   Section        0  stm32f1xx_ll_usb.o(i.USB_CoreInit)
    i.USB_DevConnect                         0x08005100   Section        0  stm32f1xx_ll_usb.o(i.USB_DevConnect)
    i.USB_DevDisconnect                      0x08005104   Section        0  stm32f1xx_ll_usb.o(i.USB_DevDisconnect)
    i.USB_DevInit                            0x08005108   Section        0  stm32f1xx_ll_usb.o(i.USB_DevInit)
    i.USB_DisableGlobalInt                   0x0800511a   Section        0  stm32f1xx_ll_usb.o(i.USB_DisableGlobalInt)
    i.USB_EP0_OutStart                       0x08005128   Section        0  stm32f1xx_ll_usb.o(i.USB_EP0_OutStart)
    i.USB_EPClearStall                       0x0800512c   Section        0  stm32f1xx_ll_usb.o(i.USB_EPClearStall)
    i.USB_EPSetStall                         0x08005196   Section        0  stm32f1xx_ll_usb.o(i.USB_EPSetStall)
    i.USB_EPStartXfer                        0x080051e0   Section        0  stm32f1xx_ll_usb.o(i.USB_EPStartXfer)
    i.USB_EnableGlobalInt                    0x0800538a   Section        0  stm32f1xx_ll_usb.o(i.USB_EnableGlobalInt)
    i.USB_LP_CAN1_RX0_IRQHandler             0x08005398   Section        0  stm32f1xx_it.o(i.USB_LP_CAN1_RX0_IRQHandler)
    i.USB_ReadInterrupts                     0x080053a4   Section        0  stm32f1xx_ll_usb.o(i.USB_ReadInterrupts)
    i.USB_ReadPMA                            0x080053ac   Section        0  stm32f1xx_ll_usb.o(i.USB_ReadPMA)
    i.USB_SetCurrentMode                     0x080053ca   Section        0  stm32f1xx_ll_usb.o(i.USB_SetCurrentMode)
    i.USB_SetDevAddress                      0x080053ce   Section        0  stm32f1xx_ll_usb.o(i.USB_SetDevAddress)
    i.USB_StopDevice                         0x080053da   Section        0  stm32f1xx_ll_usb.o(i.USB_StopDevice)
    i.USB_WritePMA                           0x080053ec   Section        0  stm32f1xx_ll_usb.o(i.USB_WritePMA)
    i.UsageFault_Handler                     0x08005412   Section        0  stm32f1xx_it.o(i.UsageFault_Handler)
    i.__0vsprintf                            0x08005414   Section        0  printfa.o(i.__0vsprintf)
    i.__scatterload_copy                     0x08005438   Section       14  handlers.o(i.__scatterload_copy)
    i.__scatterload_null                     0x08005446   Section        2  handlers.o(i.__scatterload_null)
    i.__scatterload_zeroinit                 0x08005448   Section       14  handlers.o(i.__scatterload_zeroinit)
    i._fp_digits                             0x08005458   Section        0  printfa.o(i._fp_digits)
    _fp_digits                               0x08005459   Thumb Code   366  printfa.o(i._fp_digits)
    i._oled_bright                           0x080055dc   Section        0  main.o(i._oled_bright)
    i._oled_clear                            0x080055f6   Section        0  main.o(i._oled_clear)
    i._oled_close                            0x08005636   Section        0  main.o(i._oled_close)
    i._oled_color                            0x08005654   Section        0  main.o(i._oled_color)
    i._oled_draw                             0x08005658   Section        0  main.o(i._oled_draw)
    i._oled_flash                            0x08005728   Section        0  main.o(i._oled_flash)
    i._oled_font                             0x08005770   Section        0  main.o(i._oled_font)
    i._oled_init                             0x08005774   Section        0  main.o(i._oled_init)
    i._oled_open                             0x080058b2   Section        0  main.o(i._oled_open)
    i._oled_print                            0x080058d0   Section        0  main.o(i._oled_print)
    i._oled_printf                           0x08005934   Section        0  main.o(i._oled_printf)
    i._oled_printfc                          0x0800596e   Section        0  main.o(i._oled_printfc)
    i._oled_setPosition                      0x080059c0   Section        0  main.o(i._oled_setPosition)
    i._oled_trans                            0x080059e8   Section        0  main.o(i._oled_trans)
    i._oled_writeCommand                     0x080059f0   Section        0  main.o(i._oled_writeCommand)
    i._oled_writeData                        0x08005a40   Section        0  main.o(i._oled_writeData)
    i._printf_core                           0x08005a90   Section        0  printfa.o(i._printf_core)
    _printf_core                             0x08005a91   Thumb Code  1744  printfa.o(i._printf_core)
    i._printf_post_padding                   0x0800616c   Section        0  printfa.o(i._printf_post_padding)
    _printf_post_padding                     0x0800616d   Thumb Code    36  printfa.o(i._printf_post_padding)
    i._printf_pre_padding                    0x08006190   Section        0  printfa.o(i._printf_pre_padding)
    _printf_pre_padding                      0x08006191   Thumb Code    46  printfa.o(i._printf_pre_padding)
    i._soft_iic_send                         0x080061c0   Section        0  main.o(i._soft_iic_send)
    i._soft_iic_start                        0x08006200   Section        0  main.o(i._soft_iic_start)
    i._soft_iic_stop                         0x08006230   Section        0  main.o(i._soft_iic_stop)
    i._soft_iic_turn                         0x08006256   Section        0  main.o(i._soft_iic_turn)
    i._soft_iic_wait                         0x0800625a   Section        0  main.o(i._soft_iic_wait)
    i._sputc                                 0x08006276   Section        0  printfa.o(i._sputc)
    _sputc                                   0x08006277   Thumb Code    10  printfa.o(i._sputc)
    i.beeperInerrupt                         0x08006280   Section        0  main.o(i.beeperInerrupt)
    i.checkKey                               0x080062ec   Section        0  main.o(i.checkKey)
    i.checkKeyUp                             0x080062f8   Section        0  main.o(i.checkKeyUp)
    i.checkSD                                0x08006314   Section        0  main.o(i.checkSD)
    i.free                                   0x08006398   Section        0  malloc.o(i.free)
    i.main                                   0x080063e8   Section        0  main.o(i.main)
    i.malloc                                 0x08006870   Section        0  malloc.o(i.malloc)
    i.playMusicWithSpace                     0x080068dc   Section        0  main.o(i.playMusicWithSpace)
    i.scanKeys                               0x08006a04   Section        0  main.o(i.scanKeys)
    i.setVolume                              0x08006ab8   Section        0  main.o(i.setVolume)
    .constdata                               0x08006acc   Section       16  system_stm32f1xx.o(.constdata)
    .constdata                               0x08006adc   Section        8  system_stm32f1xx.o(.constdata)
    .constdata                               0x08006ae4   Section     3544  main.o(.constdata)
    .constdata                               0x080078bc   Section       20  sd_diskio.o(.constdata)
    .conststring                             0x080078d0   Section       93  usbd_dfu_if.o(.conststring)
    .data                                    0x20000000   Section        4  stm32f1xx_hal.o(.data)
    uwTick                                   0x20000000   Data           4  stm32f1xx_hal.o(.data)
    .data                                    0x20000004   Section        1  stm32f1xx_hal_spi_ex.o(.data)
    .data                                    0x20000008   Section        4  system_stm32f1xx.o(.data)
    .data                                    0x2000000c   Section       20  main.o(.data)
    state                                    0x2000000c   Data           1  main.o(.data)
    jump                                     0x2000000d   Data           1  main.o(.data)
    trans                                    0x2000000e   Data           1  main.o(.data)
    index                                    0x2000000f   Data           1  main.o(.data)
    OUT_A_COUNT                              0x20000010   Data           2  main.o(.data)
    OUT_B_COUNT                              0x20000012   Data           2  main.o(.data)
    OUT_A_COUNT_POS                          0x20000014   Data           2  main.o(.data)
    OUT_B_COUNT_POS                          0x20000016   Data           2  main.o(.data)
    OUT_A_COUNT_SUM                          0x20000018   Data           2  main.o(.data)
    OUT_B_COUNT_SUM                          0x2000001a   Data           2  main.o(.data)
    .data                                    0x20000020   Section       28  usbd_desc.o(.data)
    .data                                    0x2000003c   Section       22  usbd_desc.o(.data)
    .data                                    0x20000054   Section       28  usbd_dfu_if.o(.data)
    .data                                    0x20000070   Section        5  fatfs.o(.data)
    .data                                    0x20000075   Section        1  usbd_ctlreq.o(.data)
    cfgidx                                   0x20000075   Data           1  usbd_ctlreq.o(.data)
    .data                                    0x20000078   Section       60  usbd_dfu.o(.data)
    .data                                    0x200000b4   Section       38  usbd_dfu.o(.data)
    USBD_DFU_CfgDesc                         0x200000b4   Data          27  usbd_dfu.o(.data)
    USBD_DFU_DeviceQualifierDesc             0x200000d0   Data          10  usbd_dfu.o(.data)
    .data                                    0x200000da   Section        1  sd_diskio.o(.data)
    Stat                                     0x200000da   Data           1  sd_diskio.o(.data)
    .data                                    0x200000dc   Section        4  mvars.o(.data)
    .data                                    0x200000e0   Section        4  mvars.o(.data)
    .bss                                     0x200000e8   Section      460  main.o(.bss)
    .bss                                     0x200002b4   Section       56  main.o(.bss)
    .bss                                     0x200002ec   Section       56  main.o(.bss)
    .bss                                     0x20000324   Section      512  usbd_desc.o(.bss)
    .bss                                     0x20000524   Section      548  usb_device.o(.bss)
    .bss                                     0x20000748   Section     2108  usbd_conf.o(.bss)
    mem                                      0x20000748   Data        1052  usbd_conf.o(.bss)
    .bss                                     0x20000f84   Section       60  stm32f1xx_hal_timebase_tim.o(.bss)
    .bss                                     0x20000fc0   Section      255  usbd_dfu.o(.bss)
    USBD_StrDesc                             0x20000fc0   Data         255  usbd_dfu.o(.bss)
    .bss                                     0x200010c0   Section       12  ff_gen_drv.o(.bss)
    HEAP                                     0x200010d0   Section      512  startup_stm32f103xe.o(HEAP)
    STACK                                    0x200012d0   Section     1024  startup_stm32f103xe.o(STACK)

    Global Symbols

    Symbol Name                              Value     Ov Type        Size  Object(Section)

    BuildAttributes$$THM_ISAv4$P$D$K$B$S$PE$A:L22UL41UL21$X:L11$S22US41US21$IEEE1$IW$USESV6$~STKCKD$USESV7$~SHL$OSPACE$ROPI$EBA8$MICROLIB$REQ8$PRES8$EABIv2 0x00000000   Number         0  anon$$obj.o ABSOLUTE
    __ARM_use_no_argv                        0x00000000   Number         0  main.o ABSOLUTE
    __cpp_initialize__aeabi_                  - Undefined Weak Reference
    __cxa_finalize                            - Undefined Weak Reference
    __decompress                              - Undefined Weak Reference
    _clock_init                               - Undefined Weak Reference
    _microlib_exit                            - Undefined Weak Reference
    __Vectors_Size                           0x00000130   Number         0  startup_stm32f103xe.o ABSOLUTE
    __Vectors                                0x08000000   Data           4  startup_stm32f103xe.o(RESET)
    __Vectors_End                            0x08000130   Data           0  startup_stm32f103xe.o(RESET)
    __main                                   0x08000131   Thumb Code     0  entry.o(.ARM.Collect$$$$00000000)
    _main_stk                                0x08000131   Thumb Code     0  entry2.o(.ARM.Collect$$$$00000001)
    _main_scatterload                        0x08000135   Thumb Code     0  entry5.o(.ARM.Collect$$$$00000004)
    __main_after_scatterload                 0x08000139   Thumb Code     0  entry5.o(.ARM.Collect$$$$00000004)
    _main_clock                              0x08000139   Thumb Code     0  entry7b.o(.ARM.Collect$$$$00000008)
    _main_cpp_init                           0x08000139   Thumb Code     0  entry8b.o(.ARM.Collect$$$$0000000A)
    _main_init                               0x08000139   Thumb Code     0  entry9a.o(.ARM.Collect$$$$0000000B)
    __rt_final_cpp                           0x08000141   Thumb Code     0  entry10a.o(.ARM.Collect$$$$0000000D)
    __rt_final_exit                          0x08000141   Thumb Code     0  entry11a.o(.ARM.Collect$$$$0000000F)
    Reset_Handler                            0x08000145   Thumb Code     8  startup_stm32f103xe.o(.text)
    ADC1_2_IRQHandler                        0x0800015f   Thumb Code     0  startup_stm32f103xe.o(.text)
    ADC3_IRQHandler                          0x0800015f   Thumb Code     0  startup_stm32f103xe.o(.text)
    CAN1_RX1_IRQHandler                      0x0800015f   Thumb Code     0  startup_stm32f103xe.o(.text)
    CAN1_SCE_IRQHandler                      0x0800015f   Thumb Code     0  startup_stm32f103xe.o(.text)
    DMA1_Channel1_IRQHandler                 0x0800015f   Thumb Code     0  startup_stm32f103xe.o(.text)
    DMA1_Channel4_IRQHandler                 0x0800015f   Thumb Code     0  startup_stm32f103xe.o(.text)
    DMA1_Channel5_IRQHandler                 0x0800015f   Thumb Code     0  startup_stm32f103xe.o(.text)
    DMA1_Channel6_IRQHandler                 0x0800015f   Thumb Code     0  startup_stm32f103xe.o(.text)
    DMA1_Channel7_IRQHandler                 0x0800015f   Thumb Code     0  startup_stm32f103xe.o(.text)
    DMA2_Channel1_IRQHandler                 0x0800015f   Thumb Code     0  startup_stm32f103xe.o(.text)
    DMA2_Channel2_IRQHandler                 0x0800015f   Thumb Code     0  startup_stm32f103xe.o(.text)
    DMA2_Channel3_IRQHandler                 0x0800015f   Thumb Code     0  startup_stm32f103xe.o(.text)
    DMA2_Channel4_5_IRQHandler               0x0800015f   Thumb Code     0  startup_stm32f103xe.o(.text)
    EXTI0_IRQHandler                         0x0800015f   Thumb Code     0  startup_stm32f103xe.o(.text)
    EXTI15_10_IRQHandler                     0x0800015f   Thumb Code     0  startup_stm32f103xe.o(.text)
    EXTI1_IRQHandler                         0x0800015f   Thumb Code     0  startup_stm32f103xe.o(.text)
    EXTI2_IRQHandler                         0x0800015f   Thumb Code     0  startup_stm32f103xe.o(.text)
    EXTI3_IRQHandler                         0x0800015f   Thumb Code     0  startup_stm32f103xe.o(.text)
    EXTI4_IRQHandler                         0x0800015f   Thumb Code     0  startup_stm32f103xe.o(.text)
    EXTI9_5_IRQHandler                       0x0800015f   Thumb Code     0  startup_stm32f103xe.o(.text)
    FLASH_IRQHandler                         0x0800015f   Thumb Code     0  startup_stm32f103xe.o(.text)
    FSMC_IRQHandler                          0x0800015f   Thumb Code     0  startup_stm32f103xe.o(.text)
    I2C1_ER_IRQHandler                       0x0800015f   Thumb Code     0  startup_stm32f103xe.o(.text)
    I2C1_EV_IRQHandler                       0x0800015f   Thumb Code     0  startup_stm32f103xe.o(.text)
    I2C2_ER_IRQHandler                       0x0800015f   Thumb Code     0  startup_stm32f103xe.o(.text)
    I2C2_EV_IRQHandler                       0x0800015f   Thumb Code     0  startup_stm32f103xe.o(.text)
    PVD_IRQHandler                           0x0800015f   Thumb Code     0  startup_stm32f103xe.o(.text)
    RCC_IRQHandler                           0x0800015f   Thumb Code     0  startup_stm32f103xe.o(.text)
    RTC_Alarm_IRQHandler                     0x0800015f   Thumb Code     0  startup_stm32f103xe.o(.text)
    RTC_IRQHandler                           0x0800015f   Thumb Code     0  startup_stm32f103xe.o(.text)
    SDIO_IRQHandler                          0x0800015f   Thumb Code     0  startup_stm32f103xe.o(.text)
    SPI1_IRQHandler                          0x0800015f   Thumb Code     0  startup_stm32f103xe.o(.text)
    SPI2_IRQHandler                          0x0800015f   Thumb Code     0  startup_stm32f103xe.o(.text)
    SPI3_IRQHandler                          0x0800015f   Thumb Code     0  startup_stm32f103xe.o(.text)
    TAMPER_IRQHandler                        0x0800015f   Thumb Code     0  startup_stm32f103xe.o(.text)
    TIM1_BRK_IRQHandler                      0x0800015f   Thumb Code     0  startup_stm32f103xe.o(.text)
    TIM1_CC_IRQHandler                       0x0800015f   Thumb Code     0  startup_stm32f103xe.o(.text)
    TIM1_TRG_COM_IRQHandler                  0x0800015f   Thumb Code     0  startup_stm32f103xe.o(.text)
    TIM1_UP_IRQHandler                       0x0800015f   Thumb Code     0  startup_stm32f103xe.o(.text)
    TIM2_IRQHandler                          0x0800015f   Thumb Code     0  startup_stm32f103xe.o(.text)
    TIM3_IRQHandler                          0x0800015f   Thumb Code     0  startup_stm32f103xe.o(.text)
    TIM4_IRQHandler                          0x0800015f   Thumb Code     0  startup_stm32f103xe.o(.text)
    TIM5_IRQHandler                          0x0800015f   Thumb Code     0  startup_stm32f103xe.o(.text)
    TIM7_IRQHandler                          0x0800015f   Thumb Code     0  startup_stm32f103xe.o(.text)
    TIM8_BRK_IRQHandler                      0x0800015f   Thumb Code     0  startup_stm32f103xe.o(.text)
    TIM8_CC_IRQHandler                       0x0800015f   Thumb Code     0  startup_stm32f103xe.o(.text)
    TIM8_TRG_COM_IRQHandler                  0x0800015f   Thumb Code     0  startup_stm32f103xe.o(.text)
    UART4_IRQHandler                         0x0800015f   Thumb Code     0  startup_stm32f103xe.o(.text)
    UART5_IRQHandler                         0x0800015f   Thumb Code     0  startup_stm32f103xe.o(.text)
    USART1_IRQHandler                        0x0800015f   Thumb Code     0  startup_stm32f103xe.o(.text)
    USART2_IRQHandler                        0x0800015f   Thumb Code     0  startup_stm32f103xe.o(.text)
    USART3_IRQHandler                        0x0800015f   Thumb Code     0  startup_stm32f103xe.o(.text)
    USBWakeUp_IRQHandler                     0x0800015f   Thumb Code     0  startup_stm32f103xe.o(.text)
    USB_HP_CAN1_TX_IRQHandler                0x0800015f   Thumb Code     0  startup_stm32f103xe.o(.text)
    WWDG_IRQHandler                          0x0800015f   Thumb Code     0  startup_stm32f103xe.o(.text)
    __aeabi_llsr                             0x08000169   Thumb Code    32  llushr.o(.text)
    _ll_ushift_r                             0x08000169   Thumb Code     0  llushr.o(.text)
    __aeabi_memcpy                           0x08000189   Thumb Code    36  memcpya.o(.text)
    __aeabi_memcpy4                          0x08000189   Thumb Code     0  memcpya.o(.text)
    __aeabi_memcpy8                          0x08000189   Thumb Code     0  memcpya.o(.text)
    __aeabi_memset                           0x080001ad   Thumb Code    14  memseta.o(.text)
    __aeabi_memset4                          0x080001ad   Thumb Code     0  memseta.o(.text)
    __aeabi_memset8                          0x080001ad   Thumb Code     0  memseta.o(.text)
    __aeabi_memclr                           0x080001bb   Thumb Code     4  memseta.o(.text)
    __aeabi_memclr4                          0x080001bb   Thumb Code     0  memseta.o(.text)
    __aeabi_memclr8                          0x080001bb   Thumb Code     0  memseta.o(.text)
    _memset$wrapper                          0x080001bf   Thumb Code    18  memseta.o(.text)
    strlen                                   0x080001d1   Thumb Code    14  strlen.o(.text)
    __aeabi_uidiv                            0x080001df   Thumb Code     0  uidiv.o(.text)
    __aeabi_uidivmod                         0x080001df   Thumb Code    44  uidiv.o(.text)
    __aeabi_uldivmod                         0x0800020b   Thumb Code    98  uldiv.o(.text)
    __I$use$fp                               0x0800026d   Thumb Code     0  iusefp.o(.text)
    __aeabi_dadd                             0x0800026d   Thumb Code   322  dadd.o(.text)
    __aeabi_dsub                             0x080003af   Thumb Code     6  dadd.o(.text)
    __aeabi_drsub                            0x080003b5   Thumb Code     6  dadd.o(.text)
    __aeabi_dmul                             0x080003bb   Thumb Code   228  dmul.o(.text)
    __aeabi_ddiv                             0x0800049f   Thumb Code   222  ddiv.o(.text)
    __aeabi_d2ulz                            0x0800057d   Thumb Code    48  dfixul.o(.text)
    __aeabi_cdrcmple                         0x080005ad   Thumb Code    48  cdrcmple.o(.text)
    __scatterload                            0x080005dd   Thumb Code    28  init.o(.text)
    __scatterload_rt2                        0x080005dd   Thumb Code     0  init.o(.text)
    __aeabi_llsl                             0x08000601   Thumb Code    30  llshl.o(.text)
    _ll_shift_l                              0x08000601   Thumb Code     0  llshl.o(.text)
    __aeabi_lasr                             0x0800061f   Thumb Code    36  llsshr.o(.text)
    _ll_sshift_r                             0x0800061f   Thumb Code     0  llsshr.o(.text)
    _double_round                            0x08000643   Thumb Code    30  depilogue.o(.text)
    _double_epilogue                         0x08000661   Thumb Code   156  depilogue.o(.text)
    BSP_PlatformIsDetected                   0x080006fd   Thumb Code    20  fatfs_platform.o(i.BSP_PlatformIsDetected)
    BSP_SD_GetCardInfo                       0x08000715   Thumb Code     8  bsp_driver_sd.o(i.BSP_SD_GetCardInfo)
    BSP_SD_GetStatus                         0x08000721   Thumb Code     6  bsp_driver_sd.o(i.BSP_SD_GetStatus)
    BSP_SD_Init                              0x0800072d   Thumb Code    44  bsp_driver_sd.o(i.BSP_SD_Init)
    BSP_SD_IsDetected                        0x08000761   Thumb Code    26  bsp_driver_sd.o(i.BSP_SD_IsDetected)
    BSP_SD_ReadBlocks                        0x0800077d   Thumb Code    26  bsp_driver_sd.o(i.BSP_SD_ReadBlocks)
    BSP_SD_WriteBlocks                       0x0800079d   Thumb Code    26  bsp_driver_sd.o(i.BSP_SD_WriteBlocks)
    BusFault_Handler                         0x080007bd   Thumb Code     2  stm32f1xx_it.o(i.BusFault_Handler)
    DMA1_Channel2_IRQHandler                 0x08000aa9   Thumb Code     6  stm32f1xx_it.o(i.DMA1_Channel2_IRQHandler)
    DMA1_Channel3_IRQHandler                 0x08000ab5   Thumb Code     6  stm32f1xx_it.o(i.DMA1_Channel3_IRQHandler)
    DebugMon_Handler                         0x08000ac1   Thumb Code     2  stm32f1xx_it.o(i.DebugMon_Handler)
    Error_Handler                            0x08000ac3   Thumb Code     2  main.o(i.Error_Handler)
    FATFS_LinkDriver                         0x08000ac5   Thumb Code     6  ff_gen_drv.o(i.FATFS_LinkDriver)
    FATFS_LinkDriverEx                       0x08000acd   Thumb Code    60  ff_gen_drv.o(i.FATFS_LinkDriverEx)
    HAL_DMA_IRQHandler                       0x08000b0d   Thumb Code  1198  stm32f1xx_hal_dma.o(i.HAL_DMA_IRQHandler)
    HAL_DMA_Init                             0x08000fc5   Thumb Code    80  stm32f1xx_hal_dma.o(i.HAL_DMA_Init)
    HAL_Delay                                0x08001015   Thumb Code    22  stm32f1xx_hal.o(i.HAL_Delay)
    HAL_GPIO_DeInit                          0x0800102d   Thumb Code   224  stm32f1xx_hal_gpio.o(i.HAL_GPIO_DeInit)
    HAL_GPIO_Init                            0x0800112d   Thumb Code   446  stm32f1xx_hal_gpio.o(i.HAL_GPIO_Init)
    HAL_GPIO_ReadPin                         0x08001315   Thumb Code    10  stm32f1xx_hal_gpio.o(i.HAL_GPIO_ReadPin)
    HAL_GPIO_WritePin                        0x0800131f   Thumb Code    10  stm32f1xx_hal_gpio.o(i.HAL_GPIO_WritePin)
    HAL_GetTick                              0x08001329   Thumb Code     6  stm32f1xx_hal.o(i.HAL_GetTick)
    HAL_IncTick                              0x08001335   Thumb Code    10  stm32f1xx_hal.o(i.HAL_IncTick)
    HAL_Init                                 0x08001345   Thumb Code    32  stm32f1xx_hal.o(i.HAL_Init)
    HAL_InitTick                             0x08001369   Thumb Code    98  stm32f1xx_hal_timebase_tim.o(i.HAL_InitTick)
    HAL_MspInit                              0x080013dd   Thumb Code   118  stm32f1xx_hal_msp.o(i.HAL_MspInit)
    HAL_NVIC_EnableIRQ                       0x0800145d   Thumb Code    22  stm32f1xx_hal_cortex.o(i.HAL_NVIC_EnableIRQ)
    HAL_NVIC_SetPriority                     0x08001475   Thumb Code    60  stm32f1xx_hal_cortex.o(i.HAL_NVIC_SetPriority)
    HAL_NVIC_SetPriorityGrouping             0x080014b5   Thumb Code    26  stm32f1xx_hal_cortex.o(i.HAL_NVIC_SetPriorityGrouping)
    HAL_PCDEx_PMAConfig                      0x080014d9   Thumb Code    52  stm32f1xx_hal_pcd_ex.o(i.HAL_PCDEx_PMAConfig)
    HAL_PCDEx_SetConnectionState             0x0800150d   Thumb Code     2  usbd_conf.o(i.HAL_PCDEx_SetConnectionState)
    HAL_PCD_DataInStageCallback              0x0800150f   Thumb Code    14  usbd_conf.o(i.HAL_PCD_DataInStageCallback)
    HAL_PCD_DataOutStageCallback             0x0800151d   Thumb Code    16  usbd_conf.o(i.HAL_PCD_DataOutStageCallback)
    HAL_PCD_EP_ClrStall                      0x0800152d   Thumb Code    72  stm32f1xx_hal_pcd.o(i.HAL_PCD_EP_ClrStall)
    HAL_PCD_EP_Open                          0x08001575   Thumb Code    68  stm32f1xx_hal_pcd.o(i.HAL_PCD_EP_Open)
    HAL_PCD_EP_Receive                       0x080015b9   Thumb Code    64  stm32f1xx_hal_pcd.o(i.HAL_PCD_EP_Receive)
    HAL_PCD_EP_SetStall                      0x080015f9   Thumb Code    86  stm32f1xx_hal_pcd.o(i.HAL_PCD_EP_SetStall)
    HAL_PCD_EP_Transmit                      0x0800164f   Thumb Code    62  stm32f1xx_hal_pcd.o(i.HAL_PCD_EP_Transmit)
    HAL_PCD_IRQHandler                       0x0800168d   Thumb Code   266  stm32f1xx_hal_pcd.o(i.HAL_PCD_IRQHandler)
    HAL_PCD_Init                             0x08001799   Thumb Code   192  stm32f1xx_hal_pcd.o(i.HAL_PCD_Init)
    HAL_PCD_MspInit                          0x08001859   Thumb Code    50  usbd_conf.o(i.HAL_PCD_MspInit)
    HAL_PCD_ResetCallback                    0x08001895   Thumb Code    26  usbd_conf.o(i.HAL_PCD_ResetCallback)
    HAL_PCD_ResumeCallback                   0x080018af   Thumb Code     8  usbd_conf.o(i.HAL_PCD_ResumeCallback)
    HAL_PCD_SOFCallback                      0x080018b7   Thumb Code     8  usbd_conf.o(i.HAL_PCD_SOFCallback)
    HAL_PCD_SetAddress                       0x080018bf   Thumb Code    40  stm32f1xx_hal_pcd.o(i.HAL_PCD_SetAddress)
    HAL_PCD_SetupStageCallback               0x080018e7   Thumb Code    14  usbd_conf.o(i.HAL_PCD_SetupStageCallback)
    HAL_PCD_Start                            0x080018f5   Thumb Code    50  stm32f1xx_hal_pcd.o(i.HAL_PCD_Start)
    HAL_PCD_Stop                             0x08001927   Thumb Code    48  stm32f1xx_hal_pcd.o(i.HAL_PCD_Stop)
    HAL_PCD_SuspendCallback                  0x08001959   Thumb Code    30  usbd_conf.o(i.HAL_PCD_SuspendCallback)
    HAL_RCCEx_PeriphCLKConfig                0x0800197d   Thumb Code   288  stm32f1xx_hal_rcc_ex.o(i.HAL_RCCEx_PeriphCLKConfig)
    HAL_RCC_CSSCallback                      0x08001aa9   Thumb Code     2  stm32f1xx_hal_rcc.o(i.HAL_RCC_CSSCallback)
    HAL_RCC_ClockConfig                      0x08001aad   Thumb Code   374  stm32f1xx_hal_rcc.o(i.HAL_RCC_ClockConfig)
    HAL_RCC_EnableCSS                        0x08001c35   Thumb Code    20  stm32f1xx_hal_rcc.o(i.HAL_RCC_EnableCSS)
    HAL_RCC_GetClockConfig                   0x08001c4d   Thumb Code    54  stm32f1xx_hal_rcc.o(i.HAL_RCC_GetClockConfig)
    HAL_RCC_GetHCLKFreq                      0x08001c8d   Thumb Code     6  stm32f1xx_hal_rcc.o(i.HAL_RCC_GetHCLKFreq)
    HAL_RCC_GetPCLK1Freq                     0x08001c99   Thumb Code    34  stm32f1xx_hal_rcc.o(i.HAL_RCC_GetPCLK1Freq)
    HAL_RCC_GetPCLK2Freq                     0x08001cc9   Thumb Code    34  stm32f1xx_hal_rcc.o(i.HAL_RCC_GetPCLK2Freq)
    HAL_RCC_GetSysClockFreq                  0x08001cf9   Thumb Code   102  stm32f1xx_hal_rcc.o(i.HAL_RCC_GetSysClockFreq)
    HAL_RCC_NMI_IRQHandler                   0x08001d81   Thumb Code    20  stm32f1xx_hal_rcc.o(i.HAL_RCC_NMI_IRQHandler)
    HAL_RCC_OscConfig                        0x08001d99   Thumb Code  1406  stm32f1xx_hal_rcc.o(i.HAL_RCC_OscConfig)
    HAL_SD_DeInit                            0x08002317   Thumb Code    20  stm32f1xx_hal_sd.o(i.HAL_SD_DeInit)
    HAL_SD_GetStatus                         0x0800232b   Thumb Code    26  stm32f1xx_hal_sd.o(i.HAL_SD_GetStatus)
    HAL_SD_Get_CardInfo                      0x08002345   Thumb Code   696  stm32f1xx_hal_sd.o(i.HAL_SD_Get_CardInfo)
    HAL_SD_Init                              0x080025fd   Thumb Code   190  stm32f1xx_hal_sd.o(i.HAL_SD_Init)
    HAL_SD_MspDeInit                         0x080026bd   Thumb Code    44  stm32f1xx_hal_msp.o(i.HAL_SD_MspDeInit)
    HAL_SD_MspInit                           0x080026f9   Thumb Code    72  stm32f1xx_hal_msp.o(i.HAL_SD_MspInit)
    HAL_SD_ReadBlocks                        0x08002751   Thumb Code   400  stm32f1xx_hal_sd.o(i.HAL_SD_ReadBlocks)
    HAL_SD_StopTransfer                      0x080028e1   Thumb Code    52  stm32f1xx_hal_sd.o(i.HAL_SD_StopTransfer)
    HAL_SD_WideBusOperation_Config           0x08002915   Thumb Code   128  stm32f1xx_hal_sd.o(i.HAL_SD_WideBusOperation_Config)
    HAL_SD_WriteBlocks                       0x08002995   Thumb Code   488  stm32f1xx_hal_sd.o(i.HAL_SD_WriteBlocks)
    HAL_SPI_Init                             0x08002b7d   Thumb Code   132  stm32f1xx_hal_spi_ex.o(i.HAL_SPI_Init)
    HAL_SPI_MspInit                          0x08002c05   Thumb Code   152  stm32f1xx_hal_msp.o(i.HAL_SPI_MspInit)
    HAL_SYSTICK_CLKSourceConfig              0x08002cb5   Thumb Code    24  stm32f1xx_hal_cortex.o(i.HAL_SYSTICK_CLKSourceConfig)
    HAL_SYSTICK_Callback                     0x08002ccd   Thumb Code     2  stm32f1xx_hal_cortex.o(i.HAL_SYSTICK_Callback)
    HAL_SYSTICK_Config                       0x08002ccf   Thumb Code    40  stm32f1xx_hal_cortex.o(i.HAL_SYSTICK_Config)
    HAL_SYSTICK_IRQHandler                   0x08002cf7   Thumb Code     8  stm32f1xx_hal_cortex.o(i.HAL_SYSTICK_IRQHandler)
    HAL_TIMEx_BreakCallback                  0x08002cff   Thumb Code     2  stm32f1xx_hal_tim_ex.o(i.HAL_TIMEx_BreakCallback)
    HAL_TIMEx_CommutationCallback            0x08002d01   Thumb Code     2  stm32f1xx_hal_tim_ex.o(i.HAL_TIMEx_CommutationCallback)
    HAL_TIMEx_MasterConfigSynchronization    0x08002d03   Thumb Code    80  stm32f1xx_hal_tim_ex.o(i.HAL_TIMEx_MasterConfigSynchronization)
    HAL_TIM_Base_Init                        0x08002d53   Thumb Code    54  stm32f1xx_hal_tim.o(i.HAL_TIM_Base_Init)
    HAL_TIM_Base_MspInit                     0x08002d89   Thumb Code    50  stm32f1xx_hal_msp.o(i.HAL_TIM_Base_MspInit)
    HAL_TIM_Base_Start_IT                    0x08002dc5   Thumb Code    24  stm32f1xx_hal_tim.o(i.HAL_TIM_Base_Start_IT)
    HAL_TIM_Base_Stop_IT                     0x08002ddd   Thumb Code    42  stm32f1xx_hal_tim.o(i.HAL_TIM_Base_Stop_IT)
    HAL_TIM_IC_CaptureCallback               0x08002e07   Thumb Code     2  stm32f1xx_hal_tim.o(i.HAL_TIM_IC_CaptureCallback)
    HAL_TIM_IRQHandler                       0x08002e09   Thumb Code   358  stm32f1xx_hal_tim.o(i.HAL_TIM_IRQHandler)
    HAL_TIM_OC_DelayElapsedCallback          0x08002f6f   Thumb Code     2  stm32f1xx_hal_tim.o(i.HAL_TIM_OC_DelayElapsedCallback)
    HAL_TIM_PWM_PulseFinishedCallback        0x08002f71   Thumb Code     2  stm32f1xx_hal_tim.o(i.HAL_TIM_PWM_PulseFinishedCallback)
    HAL_TIM_PeriodElapsedCallback            0x08002f75   Thumb Code    74  main.o(i.HAL_TIM_PeriodElapsedCallback)
    HAL_TIM_TriggerCallback                  0x08002fd1   Thumb Code     2  stm32f1xx_hal_tim.o(i.HAL_TIM_TriggerCallback)
    HAL_UART_Init                            0x08002fd3   Thumb Code    94  stm32f1xx_hal_uart.o(i.HAL_UART_Init)
    HAL_UART_MspInit                         0x08003031   Thumb Code   116  stm32f1xx_hal_msp.o(i.HAL_UART_MspInit)
    HardFault_Handler                        0x080030b5   Thumb Code     2  stm32f1xx_it.o(i.HardFault_Handler)
    MX_FATFS_Init                            0x080030d1   Thumb Code    18  fatfs.o(i.MX_FATFS_Init)
    MX_USB_DEVICE_Init                       0x080031ed   Thumb Code    38  usb_device.o(i.MX_USB_DEVICE_Init)
    MemManage_Handler                        0x08003225   Thumb Code     2  stm32f1xx_it.o(i.MemManage_Handler)
    NMI_Handler                              0x08003227   Thumb Code     4  stm32f1xx_it.o(i.NMI_Handler)
    OLEDInit                                 0x0800324d   Thumb Code   120  main.o(i.OLEDInit)
    PendSV_Handler                           0x08003667   Thumb Code     2  stm32f1xx_it.o(i.PendSV_Handler)
    SDIO_DataConfig                          0x08003669   Thumb Code    36  stm32f1xx_ll_sdmmc.o(i.SDIO_DataConfig)
    SDIO_GetCommandResponse                  0x0800368d   Thumb Code     6  stm32f1xx_ll_sdmmc.o(i.SDIO_GetCommandResponse)
    SDIO_GetPowerState                       0x08003693   Thumb Code     8  stm32f1xx_ll_sdmmc.o(i.SDIO_GetPowerState)
    SDIO_GetResponse                         0x0800369d   Thumb Code    12  stm32f1xx_ll_sdmmc.o(i.SDIO_GetResponse)
    SDIO_Init                                0x080036ad   Thumb Code    36  stm32f1xx_ll_sdmmc.o(i.SDIO_Init)
    SDIO_PowerState_OFF                      0x080036d1   Thumb Code     8  stm32f1xx_ll_sdmmc.o(i.SDIO_PowerState_OFF)
    SDIO_PowerState_ON                       0x080036d9   Thumb Code     8  stm32f1xx_ll_sdmmc.o(i.SDIO_PowerState_ON)
    SDIO_ReadFIFO                            0x080036e1   Thumb Code     6  stm32f1xx_ll_sdmmc.o(i.SDIO_ReadFIFO)
    SDIO_SendCommand                         0x080036e7   Thumb Code    32  stm32f1xx_ll_sdmmc.o(i.SDIO_SendCommand)
    SDIO_WriteFIFO                           0x08003707   Thumb Code    10  stm32f1xx_ll_sdmmc.o(i.SDIO_WriteFIFO)
    SD_initialize                            0x08003f09   Thumb Code    26  sd_diskio.o(i.SD_initialize)
    SD_ioctl                                 0x08003f29   Thumb Code    74  sd_diskio.o(i.SD_ioctl)
    SD_read                                  0x08003f79   Thumb Code    30  sd_diskio.o(i.SD_read)
    SD_status                                0x08003f99   Thumb Code    26  sd_diskio.o(i.SD_status)
    SD_write                                 0x08003fb9   Thumb Code    30  sd_diskio.o(i.SD_write)
    SVC_Handler                              0x08003fd7   Thumb Code     2  stm32f1xx_it.o(i.SVC_Handler)
    SoftIICInit                              0x08003fd9   Thumb Code    74  main.o(i.SoftIICInit)
    SysTick_Handler                          0x08004039   Thumb Code     4  stm32f1xx_it.o(i.SysTick_Handler)
    SystemClock_Config                       0x0800403d   Thumb Code   124  main.o(i.SystemClock_Config)
    SystemInit                               0x080040b9   Thumb Code    56  system_stm32f1xx.o(i.SystemInit)
    TIM6_IRQHandler                          0x08004101   Thumb Code     6  stm32f1xx_it.o(i.TIM6_IRQHandler)
    TIM8_UP_IRQHandler                       0x0800410d   Thumb Code     6  stm32f1xx_it.o(i.TIM8_UP_IRQHandler)
    TIM_Base_SetConfig                       0x08004119   Thumb Code   112  stm32f1xx_hal_tim.o(i.TIM_Base_SetConfig)
    USBD_ClrClassConfig                      0x0800430d   Thumb Code    14  usbd_core.o(i.USBD_ClrClassConfig)
    USBD_CtlContinueRx                       0x0800431b   Thumb Code    16  usbd_ioreq.o(i.USBD_CtlContinueRx)
    USBD_CtlContinueSendData                 0x0800432b   Thumb Code    16  usbd_ioreq.o(i.USBD_CtlContinueSendData)
    USBD_CtlError                            0x0800433b   Thumb Code    22  usbd_ctlreq.o(i.USBD_CtlError)
    USBD_CtlPrepareRx                        0x08004351   Thumb Code    30  usbd_ioreq.o(i.USBD_CtlPrepareRx)
    USBD_CtlReceiveStatus                    0x0800436f   Thumb Code    22  usbd_ioreq.o(i.USBD_CtlReceiveStatus)
    USBD_CtlSendData                         0x08004385   Thumb Code    26  usbd_ioreq.o(i.USBD_CtlSendData)
    USBD_CtlSendStatus                       0x0800439f   Thumb Code    22  usbd_ioreq.o(i.USBD_CtlSendStatus)
    USBD_DFU_RegisterMedia                   0x0800456b   Thumb Code    10  usbd_dfu.o(i.USBD_DFU_RegisterMedia)
    USBD_FS_ConfigStrDescriptor              0x080046ad   Thumb Code    16  usbd_desc.o(i.USBD_FS_ConfigStrDescriptor)
    USBD_FS_DeviceDescriptor                 0x080046cd   Thumb Code     8  usbd_desc.o(i.USBD_FS_DeviceDescriptor)
    USBD_FS_InterfaceStrDescriptor           0x080046d9   Thumb Code    16  usbd_desc.o(i.USBD_FS_InterfaceStrDescriptor)
    USBD_FS_LangIDStrDescriptor              0x080046fd   Thumb Code     8  usbd_desc.o(i.USBD_FS_LangIDStrDescriptor)
    USBD_FS_ManufacturerStrDescriptor        0x08004709   Thumb Code    16  usbd_desc.o(i.USBD_FS_ManufacturerStrDescriptor)
    USBD_FS_ProductStrDescriptor             0x08004725   Thumb Code    16  usbd_desc.o(i.USBD_FS_ProductStrDescriptor)
    USBD_FS_SerialStrDescriptor              0x08004751   Thumb Code    16  usbd_desc.o(i.USBD_FS_SerialStrDescriptor)
    USBD_GetString                           0x08004867   Thumb Code    70  usbd_ctlreq.o(i.USBD_GetString)
    USBD_Init                                0x080048ad   Thumb Code    42  usbd_core.o(i.USBD_Init)
    USBD_LL_ClearStallEP                     0x080048d7   Thumb Code    14  usbd_conf.o(i.USBD_LL_ClearStallEP)
    USBD_LL_DataInStage                      0x080048e5   Thumb Code   170  usbd_core.o(i.USBD_LL_DataInStage)
    USBD_LL_DataOutStage                     0x0800498f   Thumb Code   106  usbd_core.o(i.USBD_LL_DataOutStage)
    USBD_LL_Init                             0x080049f9   Thumb Code    82  usbd_conf.o(i.USBD_LL_Init)
    USBD_LL_IsStallEP                        0x08004a55   Thumb Code    28  usbd_conf.o(i.USBD_LL_IsStallEP)
    USBD_LL_OpenEP                           0x08004a71   Thumb Code    20  usbd_conf.o(i.USBD_LL_OpenEP)
    USBD_LL_PrepareReceive                   0x08004a85   Thumb Code    14  usbd_conf.o(i.USBD_LL_PrepareReceive)
    USBD_LL_Reset                            0x08004a93   Thumb Code    62  usbd_core.o(i.USBD_LL_Reset)
    USBD_LL_Resume                           0x08004ad1   Thumb Code    12  usbd_core.o(i.USBD_LL_Resume)
    USBD_LL_SOF                              0x08004add   Thumb Code    24  usbd_core.o(i.USBD_LL_SOF)
    USBD_LL_SetSpeed                         0x08004af5   Thumb Code     6  usbd_core.o(i.USBD_LL_SetSpeed)
    USBD_LL_SetUSBAddress                    0x08004afb   Thumb Code    14  usbd_conf.o(i.USBD_LL_SetUSBAddress)
    USBD_LL_SetupStage                       0x08004b09   Thumb Code    90  usbd_core.o(i.USBD_LL_SetupStage)
    USBD_LL_StallEP                          0x08004b63   Thumb Code    14  usbd_conf.o(i.USBD_LL_StallEP)
    USBD_LL_Start                            0x08004b71   Thumb Code    14  usbd_conf.o(i.USBD_LL_Start)
    USBD_LL_Stop                             0x08004b7f   Thumb Code    14  usbd_conf.o(i.USBD_LL_Stop)
    USBD_LL_Suspend                          0x08004b8d   Thumb Code    18  usbd_core.o(i.USBD_LL_Suspend)
    USBD_LL_Transmit                         0x08004b9f   Thumb Code    14  usbd_conf.o(i.USBD_LL_Transmit)
    USBD_ParseSetupRequest                   0x08004bad   Thumb Code    40  usbd_ctlreq.o(i.USBD_ParseSetupRequest)
    USBD_RegisterClass                       0x08004bd5   Thumb Code    16  usbd_core.o(i.USBD_RegisterClass)
    USBD_SetClassConfig                      0x08004be5   Thumb Code    22  usbd_core.o(i.USBD_SetClassConfig)
    USBD_Start                               0x08004c71   Thumb Code    10  usbd_core.o(i.USBD_Start)
    USBD_StdDevReq                           0x08004c7b   Thumb Code   242  usbd_ctlreq.o(i.USBD_StdDevReq)
    USBD_StdEPReq                            0x08004d6d   Thumb Code   220  usbd_ctlreq.o(i.USBD_StdEPReq)
    USBD_StdItfReq                           0x08004e49   Thumb Code    52  usbd_ctlreq.o(i.USBD_StdItfReq)
    USBD_Stop                                0x08004e7d   Thumb Code    26  usbd_core.o(i.USBD_Stop)
    USBD_static_free                         0x08004e97   Thumb Code     2  usbd_conf.o(i.USBD_static_free)
    USBD_static_malloc                       0x08004e99   Thumb Code     4  usbd_conf.o(i.USBD_static_malloc)
    USB_ActivateEndpoint                     0x08004ea1   Thumb Code   604  stm32f1xx_ll_usb.o(i.USB_ActivateEndpoint)
    USB_CoreInit                             0x080050fd   Thumb Code     4  stm32f1xx_ll_usb.o(i.USB_CoreInit)
    USB_DevConnect                           0x08005101   Thumb Code     4  stm32f1xx_ll_usb.o(i.USB_DevConnect)
    USB_DevDisconnect                        0x08005105   Thumb Code     4  stm32f1xx_ll_usb.o(i.USB_DevDisconnect)
    USB_DevInit                              0x08005109   Thumb Code    18  stm32f1xx_ll_usb.o(i.USB_DevInit)
    USB_DisableGlobalInt                     0x0800511b   Thumb Code    14  stm32f1xx_ll_usb.o(i.USB_DisableGlobalInt)
    USB_EP0_OutStart                         0x08005129   Thumb Code     4  stm32f1xx_ll_usb.o(i.USB_EP0_OutStart)
    USB_EPClearStall                         0x0800512d   Thumb Code   106  stm32f1xx_ll_usb.o(i.USB_EPClearStall)
    USB_EPSetStall                           0x08005197   Thumb Code    74  stm32f1xx_ll_usb.o(i.USB_EPSetStall)
    USB_EPStartXfer                          0x080051e1   Thumb Code   426  stm32f1xx_ll_usb.o(i.USB_EPStartXfer)
    USB_EnableGlobalInt                      0x0800538b   Thumb Code    14  stm32f1xx_ll_usb.o(i.USB_EnableGlobalInt)
    USB_LP_CAN1_RX0_IRQHandler               0x08005399   Thumb Code     6  stm32f1xx_it.o(i.USB_LP_CAN1_RX0_IRQHandler)
    USB_ReadInterrupts                       0x080053a5   Thumb Code     6  stm32f1xx_ll_usb.o(i.USB_ReadInterrupts)
    USB_ReadPMA                              0x080053ad   Thumb Code    30  stm32f1xx_ll_usb.o(i.USB_ReadPMA)
    USB_SetCurrentMode                       0x080053cb   Thumb Code     4  stm32f1xx_ll_usb.o(i.USB_SetCurrentMode)
    USB_SetDevAddress                        0x080053cf   Thumb Code    12  stm32f1xx_ll_usb.o(i.USB_SetDevAddress)
    USB_StopDevice                           0x080053db   Thumb Code    18  stm32f1xx_ll_usb.o(i.USB_StopDevice)
    USB_WritePMA                             0x080053ed   Thumb Code    38  stm32f1xx_ll_usb.o(i.USB_WritePMA)
    UsageFault_Handler                       0x08005413   Thumb Code     2  stm32f1xx_it.o(i.UsageFault_Handler)
    __0vsprintf                              0x08005415   Thumb Code    30  printfa.o(i.__0vsprintf)
    __1vsprintf                              0x08005415   Thumb Code     0  printfa.o(i.__0vsprintf)
    __2vsprintf                              0x08005415   Thumb Code     0  printfa.o(i.__0vsprintf)
    __c89vsprintf                            0x08005415   Thumb Code     0  printfa.o(i.__0vsprintf)
    vsprintf                                 0x08005415   Thumb Code     0  printfa.o(i.__0vsprintf)
    __scatterload_copy                       0x08005439   Thumb Code    14  handlers.o(i.__scatterload_copy)
    __scatterload_null                       0x08005447   Thumb Code     2  handlers.o(i.__scatterload_null)
    __scatterload_zeroinit                   0x08005449   Thumb Code    14  handlers.o(i.__scatterload_zeroinit)
    _oled_bright                             0x080055dd   Thumb Code    26  main.o(i._oled_bright)
    _oled_clear                              0x080055f7   Thumb Code    64  main.o(i._oled_clear)
    _oled_close                              0x08005637   Thumb Code    30  main.o(i._oled_close)
    _oled_color                              0x08005655   Thumb Code     4  main.o(i._oled_color)
    _oled_draw                               0x08005659   Thumb Code   198  main.o(i._oled_draw)
    _oled_flash                              0x08005729   Thumb Code    72  main.o(i._oled_flash)
    _oled_font                               0x08005771   Thumb Code     4  main.o(i._oled_font)
    _oled_init                               0x08005775   Thumb Code   318  main.o(i._oled_init)
    _oled_open                               0x080058b3   Thumb Code    30  main.o(i._oled_open)
    _oled_print                              0x080058d1   Thumb Code   100  main.o(i._oled_print)
    _oled_printf                             0x08005935   Thumb Code    58  main.o(i._oled_printf)
    _oled_printfc                            0x0800596f   Thumb Code    82  main.o(i._oled_printfc)
    _oled_setPosition                        0x080059c1   Thumb Code    40  main.o(i._oled_setPosition)
    _oled_trans                              0x080059e9   Thumb Code     8  main.o(i._oled_trans)
    _oled_writeCommand                       0x080059f1   Thumb Code    80  main.o(i._oled_writeCommand)
    _oled_writeData                          0x08005a41   Thumb Code    80  main.o(i._oled_writeData)
    _soft_iic_send                           0x080061c1   Thumb Code    64  main.o(i._soft_iic_send)
    _soft_iic_start                          0x08006201   Thumb Code    48  main.o(i._soft_iic_start)
    _soft_iic_stop                           0x08006231   Thumb Code    38  main.o(i._soft_iic_stop)
    _soft_iic_turn                           0x08006257   Thumb Code     4  main.o(i._soft_iic_turn)
    _soft_iic_wait                           0x0800625b   Thumb Code    28  main.o(i._soft_iic_wait)
    beeperInerrupt                           0x08006281   Thumb Code    98  main.o(i.beeperInerrupt)
    checkKey                                 0x080062ed   Thumb Code    12  main.o(i.checkKey)
    checkKeyUp                               0x080062f9   Thumb Code    26  main.o(i.checkKeyUp)
    checkSD                                  0x08006315   Thumb Code    78  main.o(i.checkSD)
    free                                     0x08006399   Thumb Code    76  malloc.o(i.free)
    main                                     0x080063e9   Thumb Code   968  main.o(i.main)
    malloc                                   0x08006871   Thumb Code    92  malloc.o(i.malloc)
    playMusicWithSpace                       0x080068dd   Thumb Code   290  main.o(i.playMusicWithSpace)
    scanKeys                                 0x08006a05   Thumb Code   172  main.o(i.scanKeys)
    setVolume                                0x08006ab9   Thumb Code    14  main.o(i.setVolume)
    AHBPrescTable                            0x08006acc   Data          16  system_stm32f1xx.o(.constdata)
    APBPrescTable                            0x08006adc   Data           8  system_stm32f1xx.o(.constdata)
    __FONTS_SMALL_                           0x08006ae4   Data         552  main.o(.constdata)
    __FONTS_BIG_                             0x08006d0c   Data        1520  main.o(.constdata)
    __NYAGAME_LOGO_                          0x080072fc   Data        1024  main.o(.constdata)
    MID_remilia                              0x080076fc   Data         328  main.o(.constdata)
    SYMBOL                                   0x08007844   Data         120  main.o(.constdata)
    SD_Driver                                0x080078bc   Data          20  sd_diskio.o(.constdata)
    Region$$Table$$Base                      0x08007930   Number         0  anon$$obj.o(Region$$Table)
    Region$$Table$$Limit                     0x08007950   Number         0  anon$$obj.o(Region$$Table)
    uCRCErrorWorkaroundCheck                 0x20000004   Data           1  stm32f1xx_hal_spi_ex.o(.data)
    SystemCoreClock                          0x20000008   Data           4  system_stm32f1xx.o(.data)
    oled                                     0x2000001c   Data           4  main.o(.data)
    FS_Desc                                  0x20000020   Data          28  usbd_desc.o(.data)
    USBD_LangIDDesc                          0x2000003c   Data           4  usbd_desc.o(.data)
    USBD_FS_DeviceDesc                       0x20000040   Data          18  usbd_desc.o(.data)
    USBD_DFU_fops_FS                         0x20000054   Data          28  usbd_dfu_if.o(.data)
    retSD                                    0x20000070   Data           1  fatfs.o(.data)
    SD_Path                                  0x20000071   Data           4  fatfs.o(.data)
    USBD_DFU                                 0x20000078   Data          60  usbd_dfu.o(.data)
    __microlib_freelist                      0x200000dc   Data           4  mvars.o(.data)
    __microlib_freelist_initialised          0x200000e0   Data           4  mvars.o(.data)
    hsd                                      0x200000e8   Data          96  main.o(.bss)
    SDCardInfo                               0x20000148   Data          88  main.o(.bss)
    hspi1                                    0x200001a0   Data          88  main.o(.bss)
    htim6                                    0x200001f8   Data          60  main.o(.bss)
    huart1                                   0x20000234   Data          64  main.o(.bss)
    huart2                                   0x20000274   Data          64  main.o(.bss)
    hdma_spi1_tx                             0x200002b4   Data          56  main.o(.bss)
    hdma_spi1_rx                             0x200002ec   Data          56  main.o(.bss)
    USBD_StrDesc                             0x20000324   Data         512  usbd_desc.o(.bss)
    hUsbDeviceFS                             0x20000524   Data         548  usb_device.o(.bss)
    hpcd_USB_FS                              0x20000b64   Data        1056  usbd_conf.o(.bss)
    htim8                                    0x20000f84   Data          60  stm32f1xx_hal_timebase_tim.o(.bss)
    disk                                     0x200010c0   Data          12  ff_gen_drv.o(.bss)
    __heap_base                              0x200010d0   Data           0  startup_stm32f103xe.o(HEAP)
    __heap_limit                             0x200012d0   Data           0  startup_stm32f103xe.o(HEAP)
    __initial_sp                             0x200016d0   Data           0  startup_stm32f103xe.o(STACK)



==============================================================================

Memory Map of the image

  Image Entry point : 0x08000131

  Load Region LR_IROM1 (Base: 0x08000000, Size: 0x00007a34, Max: 0x00040000, ABSOLUTE)

    Execution Region ER_IROM1 (Base: 0x08000000, Size: 0x00007950, Max: 0x00040000, ABSOLUTE)

    Base Addr    Size         Type   Attr      Idx    E Section Name        Object

    0x08000000   0x00000130   Data   RO         4285    RESET               startup_stm32f103xe.o
    0x08000130   0x00000000   Code   RO         5188  * .ARM.Collect$$$$00000000  mc_w.l(entry.o)
    0x08000130   0x00000004   Code   RO         5257    .ARM.Collect$$$$00000001  mc_w.l(entry2.o)
    0x08000134   0x00000004   Code   RO         5260    .ARM.Collect$$$$00000004  mc_w.l(entry5.o)
    0x08000138   0x00000000   Code   RO         5262    .ARM.Collect$$$$00000008  mc_w.l(entry7b.o)
    0x08000138   0x00000000   Code   RO         5264    .ARM.Collect$$$$0000000A  mc_w.l(entry8b.o)
    0x08000138   0x00000008   Code   RO         5265    .ARM.Collect$$$$0000000B  mc_w.l(entry9a.o)
    0x08000140   0x00000000   Code   RO         5267    .ARM.Collect$$$$0000000D  mc_w.l(entry10a.o)
    0x08000140   0x00000000   Code   RO         5269    .ARM.Collect$$$$0000000F  mc_w.l(entry11a.o)
    0x08000140   0x00000004   Code   RO         5258    .ARM.Collect$$$$00002712  mc_w.l(entry2.o)
    0x08000144   0x00000024   Code   RO         4286    .text               startup_stm32f103xe.o
    0x08000168   0x00000020   Code   RO         5191    .text               mc_w.l(llushr.o)
    0x08000188   0x00000024   Code   RO         5193    .text               mc_w.l(memcpya.o)
    0x080001ac   0x00000024   Code   RO         5195    .text               mc_w.l(memseta.o)
    0x080001d0   0x0000000e   Code   RO         5197    .text               mc_w.l(strlen.o)
    0x080001de   0x0000002c   Code   RO         5274    .text               mc_w.l(uidiv.o)
    0x0800020a   0x00000062   Code   RO         5276    .text               mc_w.l(uldiv.o)
    0x0800026c   0x00000000   Code   RO         5280    .text               mc_w.l(iusefp.o)
    0x0800026c   0x0000014e   Code   RO         5281    .text               mf_w.l(dadd.o)
    0x080003ba   0x000000e4   Code   RO         5283    .text               mf_w.l(dmul.o)
    0x0800049e   0x000000de   Code   RO         5285    .text               mf_w.l(ddiv.o)
    0x0800057c   0x00000030   Code   RO         5287    .text               mf_w.l(dfixul.o)
    0x080005ac   0x00000030   Code   RO         5289    .text               mf_w.l(cdrcmple.o)
    0x080005dc   0x00000024   Code   RO         5291    .text               mc_w.l(init.o)
    0x08000600   0x0000001e   Code   RO         5294    .text               mc_w.l(llshl.o)
    0x0800061e   0x00000024   Code   RO         5296    .text               mc_w.l(llsshr.o)
    0x08000642   0x000000ba   Code   RO         5299    .text               mf_w.l(depilogue.o)
    0x080006fc   0x00000018   Code   RO         4062    i.BSP_PlatformIsDetected  fatfs_platform.o
    0x08000714   0x0000000c   Code   RO         4183    i.BSP_SD_GetCardInfo  bsp_driver_sd.o
    0x08000720   0x0000000c   Code   RO         4184    i.BSP_SD_GetStatus  bsp_driver_sd.o
    0x0800072c   0x00000034   Code   RO         4187    i.BSP_SD_Init       bsp_driver_sd.o
    0x08000760   0x0000001a   Code   RO         4188    i.BSP_SD_IsDetected  bsp_driver_sd.o
    0x0800077a   0x00000002   PAD
    0x0800077c   0x00000020   Code   RO         4189    i.BSP_SD_ReadBlocks  bsp_driver_sd.o
    0x0800079c   0x00000020   Code   RO         4191    i.BSP_SD_WriteBlocks  bsp_driver_sd.o
    0x080007bc   0x00000002   Code   RO         3256    i.BusFault_Handler  stm32f1xx_it.o
    0x080007be   0x00000002   PAD
    0x080007c0   0x00000070   Code   RO         4556    i.DFU_Detach        usbd_dfu.o
    0x08000830   0x00000066   Code   RO         4557    i.DFU_Download      usbd_dfu.o
    0x08000896   0x00000002   PAD
    0x08000898   0x000000b8   Code   RO         4558    i.DFU_GetStatus     usbd_dfu.o
    0x08000950   0x00000078   Code   RO         4559    i.DFU_Leave         usbd_dfu.o
    0x080009c8   0x000000e0   Code   RO         4560    i.DFU_Upload        usbd_dfu.o
    0x08000aa8   0x0000000c   Code   RO         3257    i.DMA1_Channel2_IRQHandler  stm32f1xx_it.o
    0x08000ab4   0x0000000c   Code   RO         3258    i.DMA1_Channel3_IRQHandler  stm32f1xx_it.o
    0x08000ac0   0x00000002   Code   RO         3259    i.DebugMon_Handler  stm32f1xx_it.o
    0x08000ac2   0x00000002   Code   RO         3362    i.Error_Handler     main.o
    0x08000ac4   0x00000006   Code   RO         4714    i.FATFS_LinkDriver  ff_gen_drv.o
    0x08000aca   0x00000002   PAD
    0x08000acc   0x00000040   Code   RO         4715    i.FATFS_LinkDriverEx  ff_gen_drv.o
    0x08000b0c   0x000004b8   Code   RO          347    i.HAL_DMA_IRQHandler  stm32f1xx_hal_dma.o
    0x08000fc4   0x00000050   Code   RO          348    i.HAL_DMA_Init      stm32f1xx_hal_dma.o
    0x08001014   0x00000016   Code   RO          426    i.HAL_Delay         stm32f1xx_hal.o
    0x0800102a   0x00000002   PAD
    0x0800102c   0x00000100   Code   RO         1703    i.HAL_GPIO_DeInit   stm32f1xx_hal_gpio.o
    0x0800112c   0x000001e8   Code   RO         1706    i.HAL_GPIO_Init     stm32f1xx_hal_gpio.o
    0x08001314   0x0000000a   Code   RO         1708    i.HAL_GPIO_ReadPin  stm32f1xx_hal_gpio.o
    0x0800131e   0x0000000a   Code   RO         1710    i.HAL_GPIO_WritePin  stm32f1xx_hal_gpio.o
    0x08001328   0x0000000c   Code   RO          430    i.HAL_GetTick       stm32f1xx_hal.o
    0x08001334   0x00000010   Code   RO          431    i.HAL_IncTick       stm32f1xx_hal.o
    0x08001344   0x00000024   Code   RO          432    i.HAL_Init          stm32f1xx_hal.o
    0x08001368   0x00000074   Code   RO         4022    i.HAL_InitTick      stm32f1xx_hal_timebase_tim.o
    0x080013dc   0x00000080   Code   RO         3183    i.HAL_MspInit       stm32f1xx_hal_msp.o
    0x0800145c   0x00000016   Code   RO         1383    i.HAL_NVIC_EnableIRQ  stm32f1xx_hal_cortex.o
    0x08001472   0x00000002   PAD
    0x08001474   0x00000040   Code   RO         1389    i.HAL_NVIC_SetPriority  stm32f1xx_hal_cortex.o
    0x080014b4   0x00000024   Code   RO         1390    i.HAL_NVIC_SetPriorityGrouping  stm32f1xx_hal_cortex.o
    0x080014d8   0x00000034   Code   RO         2261    i.HAL_PCDEx_PMAConfig  stm32f1xx_hal_pcd_ex.o
    0x0800150c   0x00000002   Code   RO         3815    i.HAL_PCDEx_SetConnectionState  usbd_conf.o
    0x0800150e   0x0000000e   Code   RO         3817    i.HAL_PCD_DataInStageCallback  usbd_conf.o
    0x0800151c   0x00000010   Code   RO         3818    i.HAL_PCD_DataOutStageCallback  usbd_conf.o
    0x0800152c   0x00000048   Code   RO         2056    i.HAL_PCD_EP_ClrStall  stm32f1xx_hal_pcd.o
    0x08001574   0x00000044   Code   RO         2059    i.HAL_PCD_EP_Open   stm32f1xx_hal_pcd.o
    0x080015b8   0x00000040   Code   RO         2060    i.HAL_PCD_EP_Receive  stm32f1xx_hal_pcd.o
    0x080015f8   0x00000056   Code   RO         2061    i.HAL_PCD_EP_SetStall  stm32f1xx_hal_pcd.o
    0x0800164e   0x0000003e   Code   RO         2062    i.HAL_PCD_EP_Transmit  stm32f1xx_hal_pcd.o
    0x0800168c   0x0000010a   Code   RO         2064    i.HAL_PCD_IRQHandler  stm32f1xx_hal_pcd.o
    0x08001796   0x00000002   PAD
    0x08001798   0x000000c0   Code   RO         2067    i.HAL_PCD_Init      stm32f1xx_hal_pcd.o
    0x08001858   0x0000003c   Code   RO         3823    i.HAL_PCD_MspInit   usbd_conf.o
    0x08001894   0x0000001a   Code   RO         3824    i.HAL_PCD_ResetCallback  usbd_conf.o
    0x080018ae   0x00000008   Code   RO         3825    i.HAL_PCD_ResumeCallback  usbd_conf.o
    0x080018b6   0x00000008   Code   RO         3826    i.HAL_PCD_SOFCallback  usbd_conf.o
    0x080018be   0x00000028   Code   RO         2073    i.HAL_PCD_SetAddress  stm32f1xx_hal_pcd.o
    0x080018e6   0x0000000e   Code   RO         3827    i.HAL_PCD_SetupStageCallback  usbd_conf.o
    0x080018f4   0x00000032   Code   RO         2075    i.HAL_PCD_Start     stm32f1xx_hal_pcd.o
    0x08001926   0x00000030   Code   RO         2076    i.HAL_PCD_Stop      stm32f1xx_hal_pcd.o
    0x08001956   0x00000002   PAD
    0x08001958   0x00000024   Code   RO         3828    i.HAL_PCD_SuspendCallback  usbd_conf.o
    0x0800197c   0x0000012c   Code   RO         1347    i.HAL_RCCEx_PeriphCLKConfig  stm32f1xx_hal_rcc_ex.o
    0x08001aa8   0x00000002   Code   RO         1601    i.HAL_RCC_CSSCallback  stm32f1xx_hal_rcc.o
    0x08001aaa   0x00000002   PAD
    0x08001aac   0x00000188   Code   RO         1602    i.HAL_RCC_ClockConfig  stm32f1xx_hal_rcc.o
    0x08001c34   0x00000018   Code   RO         1605    i.HAL_RCC_EnableCSS  stm32f1xx_hal_rcc.o
    0x08001c4c   0x00000040   Code   RO         1606    i.HAL_RCC_GetClockConfig  stm32f1xx_hal_rcc.o
    0x08001c8c   0x0000000c   Code   RO         1607    i.HAL_RCC_GetHCLKFreq  stm32f1xx_hal_rcc.o
    0x08001c98   0x00000030   Code   RO         1609    i.HAL_RCC_GetPCLK1Freq  stm32f1xx_hal_rcc.o
    0x08001cc8   0x00000030   Code   RO         1610    i.HAL_RCC_GetPCLK2Freq  stm32f1xx_hal_rcc.o
    0x08001cf8   0x00000088   Code   RO         1611    i.HAL_RCC_GetSysClockFreq  stm32f1xx_hal_rcc.o
    0x08001d80   0x00000018   Code   RO         1613    i.HAL_RCC_NMI_IRQHandler  stm32f1xx_hal_rcc.o
    0x08001d98   0x0000057e   Code   RO         1614    i.HAL_RCC_OscConfig  stm32f1xx_hal_rcc.o
    0x08002316   0x00000014   Code   RO         2393    i.HAL_SD_DeInit     stm32f1xx_hal_sd.o
    0x0800232a   0x0000001a   Code   RO         2396    i.HAL_SD_GetStatus  stm32f1xx_hal_sd.o
    0x08002344   0x000002b8   Code   RO         2397    i.HAL_SD_Get_CardInfo  stm32f1xx_hal_sd.o
    0x080025fc   0x000000be   Code   RO         2400    i.HAL_SD_Init       stm32f1xx_hal_sd.o
    0x080026ba   0x00000002   PAD
    0x080026bc   0x0000003c   Code   RO         3184    i.HAL_SD_MspDeInit  stm32f1xx_hal_msp.o
    0x080026f8   0x00000058   Code   RO         3185    i.HAL_SD_MspInit    stm32f1xx_hal_msp.o
    0x08002750   0x00000190   Code   RO         2403    i.HAL_SD_ReadBlocks  stm32f1xx_hal_sd.o
    0x080028e0   0x00000034   Code   RO         2406    i.HAL_SD_StopTransfer  stm32f1xx_hal_sd.o
    0x08002914   0x00000080   Code   RO         2407    i.HAL_SD_WideBusOperation_Config  stm32f1xx_hal_sd.o
    0x08002994   0x000001e8   Code   RO         2408    i.HAL_SD_WriteBlocks  stm32f1xx_hal_sd.o
    0x08002b7c   0x00000088   Code   RO         3112    i.HAL_SPI_Init      stm32f1xx_hal_spi_ex.o
    0x08002c04   0x000000b0   Code   RO         3187    i.HAL_SPI_MspInit   stm32f1xx_hal_msp.o
    0x08002cb4   0x00000018   Code   RO         1392    i.HAL_SYSTICK_CLKSourceConfig  stm32f1xx_hal_cortex.o
    0x08002ccc   0x00000002   Code   RO         1393    i.HAL_SYSTICK_Callback  stm32f1xx_hal_cortex.o
    0x08002cce   0x00000028   Code   RO         1394    i.HAL_SYSTICK_Config  stm32f1xx_hal_cortex.o
    0x08002cf6   0x00000008   Code   RO         1395    i.HAL_SYSTICK_IRQHandler  stm32f1xx_hal_cortex.o
    0x08002cfe   0x00000002   Code   RO            4    i.HAL_TIMEx_BreakCallback  stm32f1xx_hal_tim_ex.o
    0x08002d00   0x00000002   Code   RO            5    i.HAL_TIMEx_CommutationCallback  stm32f1xx_hal_tim_ex.o
    0x08002d02   0x00000050   Code   RO           21    i.HAL_TIMEx_MasterConfigSynchronization  stm32f1xx_hal_tim_ex.o
    0x08002d52   0x00000036   Code   RO          716    i.HAL_TIM_Base_Init  stm32f1xx_hal_tim.o
    0x08002d88   0x0000003c   Code   RO         3189    i.HAL_TIM_Base_MspInit  stm32f1xx_hal_msp.o
    0x08002dc4   0x00000018   Code   RO          721    i.HAL_TIM_Base_Start_IT  stm32f1xx_hal_tim.o
    0x08002ddc   0x0000002a   Code   RO          724    i.HAL_TIM_Base_Stop_IT  stm32f1xx_hal_tim.o
    0x08002e06   0x00000002   Code   RO          745    i.HAL_TIM_IC_CaptureCallback  stm32f1xx_hal_tim.o
    0x08002e08   0x00000166   Code   RO          758    i.HAL_TIM_IRQHandler  stm32f1xx_hal_tim.o
    0x08002f6e   0x00000002   Code   RO          761    i.HAL_TIM_OC_DelayElapsedCallback  stm32f1xx_hal_tim.o
    0x08002f70   0x00000002   Code   RO          788    i.HAL_TIM_PWM_PulseFinishedCallback  stm32f1xx_hal_tim.o
    0x08002f72   0x00000002   PAD
    0x08002f74   0x0000005c   Code   RO         3363    i.HAL_TIM_PeriodElapsedCallback  main.o
    0x08002fd0   0x00000002   Code   RO          799    i.HAL_TIM_TriggerCallback  stm32f1xx_hal_tim.o
    0x08002fd2   0x0000005e   Code   RO         2646    i.HAL_UART_Init     stm32f1xx_hal_uart.o
    0x08003030   0x00000084   Code   RO         3191    i.HAL_UART_MspInit  stm32f1xx_hal_msp.o
    0x080030b4   0x00000002   Code   RO         3260    i.HardFault_Handler  stm32f1xx_it.o
    0x080030b6   0x00000004   Code   RO         4086    i.MEM_If_DeInit_FS  usbd_dfu_if.o
    0x080030ba   0x00000004   Code   RO         4087    i.MEM_If_Erase_FS   usbd_dfu_if.o
    0x080030be   0x00000004   Code   RO         4088    i.MEM_If_GetStatus_FS  usbd_dfu_if.o
    0x080030c2   0x00000004   Code   RO         4089    i.MEM_If_Init_FS    usbd_dfu_if.o
    0x080030c6   0x00000004   Code   RO         4090    i.MEM_If_Read_FS    usbd_dfu_if.o
    0x080030ca   0x00000004   Code   RO         4091    i.MEM_If_Write_FS   usbd_dfu_if.o
    0x080030ce   0x00000002   PAD
    0x080030d0   0x0000001c   Code   RO         4142    i.MX_FATFS_Init     fatfs.o
    0x080030ec   0x000000c0   Code   RO         3364    i.MX_GPIO_Init      main.o
    0x080031ac   0x00000040   Code   RO         3365    i.MX_SPI1_Init      main.o
    0x080031ec   0x00000038   Code   RO         3773    i.MX_USB_DEVICE_Init  usb_device.o
    0x08003224   0x00000002   Code   RO         3261    i.MemManage_Handler  stm32f1xx_it.o
    0x08003226   0x00000004   Code   RO         3262    i.NMI_Handler       stm32f1xx_it.o
    0x0800322a   0x00000020   Code   RO         1396    i.NVIC_SetPriority  stm32f1xx_hal_cortex.o
    0x0800324a   0x00000002   PAD
    0x0800324c   0x000000b8   Code   RO         3366    i.OLEDInit          main.o
    0x08003304   0x00000362   Code   RO         2078    i.PCD_EP_ISR_Handler  stm32f1xx_hal_pcd.o
    0x08003666   0x00000002   Code   RO         3263    i.PendSV_Handler    stm32f1xx_it.o
    0x08003668   0x00000024   Code   RO         2291    i.SDIO_DataConfig   stm32f1xx_ll_sdmmc.o
    0x0800368c   0x00000006   Code   RO         2292    i.SDIO_GetCommandResponse  stm32f1xx_ll_sdmmc.o
    0x08003692   0x00000008   Code   RO         2295    i.SDIO_GetPowerState  stm32f1xx_ll_sdmmc.o
    0x0800369a   0x00000002   PAD
    0x0800369c   0x00000010   Code   RO         2296    i.SDIO_GetResponse  stm32f1xx_ll_sdmmc.o
    0x080036ac   0x00000024   Code   RO         2297    i.SDIO_Init         stm32f1xx_ll_sdmmc.o
    0x080036d0   0x00000008   Code   RO         2298    i.SDIO_PowerState_OFF  stm32f1xx_ll_sdmmc.o
    0x080036d8   0x00000008   Code   RO         2299    i.SDIO_PowerState_ON  stm32f1xx_ll_sdmmc.o
    0x080036e0   0x00000006   Code   RO         2300    i.SDIO_ReadFIFO     stm32f1xx_ll_sdmmc.o
    0x080036e6   0x00000020   Code   RO         2301    i.SDIO_SendCommand  stm32f1xx_ll_sdmmc.o
    0x08003706   0x0000000a   Code   RO         2303    i.SDIO_WriteFIFO    stm32f1xx_ll_sdmmc.o
    0x08003710   0x000000ec   Code   RO         2412    i.SD_CmdResp1Error  stm32f1xx_hal_sd.o
    0x080037fc   0x0000002e   Code   RO         2413    i.SD_CmdResp2Error  stm32f1xx_hal_sd.o
    0x0800382a   0x00000074   Code   RO         2414    i.SD_CmdResp6Error  stm32f1xx_hal_sd.o
    0x0800389e   0x00000040   Code   RO         2415    i.SD_CmdResp7Error  stm32f1xx_hal_sd.o
    0x080038de   0x0000011a   Code   RO         2420    i.SD_FindSCR        stm32f1xx_hal_sd.o
    0x080039f8   0x0000004a   Code   RO         2421    i.SD_GetState       stm32f1xx_hal_sd.o
    0x08003a42   0x000000fa   Code   RO         2422    i.SD_Initialize_Cards  stm32f1xx_hal_sd.o
    0x08003b3c   0x00000144   Code   RO         2423    i.SD_IsCardProgramming  stm32f1xx_hal_sd.o
    0x08003c80   0x0000018c   Code   RO         2424    i.SD_PowerON        stm32f1xx_hal_sd.o
    0x08003e0c   0x0000007c   Code   RO         2425    i.SD_WideBus_Disable  stm32f1xx_hal_sd.o
    0x08003e88   0x0000007e   Code   RO         2426    i.SD_WideBus_Enable  stm32f1xx_hal_sd.o
    0x08003f06   0x00000002   PAD
    0x08003f08   0x00000020   Code   RO         5077    i.SD_initialize     sd_diskio.o
    0x08003f28   0x00000050   Code   RO         5078    i.SD_ioctl          sd_diskio.o
    0x08003f78   0x0000001e   Code   RO         5079    i.SD_read           sd_diskio.o
    0x08003f96   0x00000002   PAD
    0x08003f98   0x00000020   Code   RO         5080    i.SD_status         sd_diskio.o
    0x08003fb8   0x0000001e   Code   RO         5081    i.SD_write          sd_diskio.o
    0x08003fd6   0x00000002   Code   RO         3264    i.SVC_Handler       stm32f1xx_it.o
    0x08003fd8   0x00000060   Code   RO         3367    i.SoftIICInit       main.o
    0x08004038   0x00000004   Code   RO         3265    i.SysTick_Handler   stm32f1xx_it.o
    0x0800403c   0x0000007c   Code   RO         3368    i.SystemClock_Config  main.o
    0x080040b8   0x00000048   Code   RO         3146    i.SystemInit        system_stm32f1xx.o
    0x08004100   0x0000000c   Code   RO         3266    i.TIM6_IRQHandler   stm32f1xx_it.o
    0x0800410c   0x0000000c   Code   RO         3267    i.TIM8_UP_IRQHandler  stm32f1xx_it.o
    0x08004118   0x00000084   Code   RO          800    i.TIM_Base_SetConfig  stm32f1xx_hal_tim.o
    0x0800419c   0x00000170   Code   RO         2665    i.UART_SetConfig    stm32f1xx_hal_uart.o
    0x0800430c   0x0000000e   Code   RO         4353    i.USBD_ClrClassConfig  usbd_core.o
    0x0800431a   0x00000010   Code   RO         4293    i.USBD_CtlContinueRx  usbd_ioreq.o
    0x0800432a   0x00000010   Code   RO         4294    i.USBD_CtlContinueSendData  usbd_ioreq.o
    0x0800433a   0x00000016   Code   RO         4491    i.USBD_CtlError     usbd_ctlreq.o
    0x08004350   0x0000001e   Code   RO         4295    i.USBD_CtlPrepareRx  usbd_ioreq.o
    0x0800436e   0x00000016   Code   RO         4296    i.USBD_CtlReceiveStatus  usbd_ioreq.o
    0x08004384   0x0000001a   Code   RO         4297    i.USBD_CtlSendData  usbd_ioreq.o
    0x0800439e   0x00000016   Code   RO         4298    i.USBD_CtlSendStatus  usbd_ioreq.o
    0x080043b4   0x00000004   Code   RO         4561    i.USBD_DFU_DataIn   usbd_dfu.o
    0x080043b8   0x00000004   Code   RO         4562    i.USBD_DFU_DataOut  usbd_dfu.o
    0x080043bc   0x0000003e   Code   RO         4563    i.USBD_DFU_DeInit   usbd_dfu.o
    0x080043fa   0x00000004   Code   RO         4564    i.USBD_DFU_EP0_RxReady  usbd_dfu.o
    0x080043fe   0x000000e2   Code   RO         4565    i.USBD_DFU_EP0_TxReady  usbd_dfu.o
    0x080044e0   0x0000000c   Code   RO         4566    i.USBD_DFU_GetCfgDesc  usbd_dfu.o
    0x080044ec   0x0000000c   Code   RO         4567    i.USBD_DFU_GetDeviceQualifierDesc  usbd_dfu.o
    0x080044f8   0x00000020   Code   RO         4568    i.USBD_DFU_GetUsrStringDesc  usbd_dfu.o
    0x08004518   0x0000004a   Code   RO         4569    i.USBD_DFU_Init     usbd_dfu.o
    0x08004562   0x00000004   Code   RO         4570    i.USBD_DFU_IsoINIncomplete  usbd_dfu.o
    0x08004566   0x00000004   Code   RO         4571    i.USBD_DFU_IsoOutIncomplete  usbd_dfu.o
    0x0800456a   0x0000000a   Code   RO         4572    i.USBD_DFU_RegisterMedia  usbd_dfu.o
    0x08004574   0x00000004   Code   RO         4573    i.USBD_DFU_SOF      usbd_dfu.o
    0x08004578   0x00000134   Code   RO         4574    i.USBD_DFU_Setup    usbd_dfu.o
    0x080046ac   0x00000020   Code   RO         3693    i.USBD_FS_ConfigStrDescriptor  usbd_desc.o
    0x080046cc   0x0000000c   Code   RO         3694    i.USBD_FS_DeviceDescriptor  usbd_desc.o
    0x080046d8   0x00000024   Code   RO         3695    i.USBD_FS_InterfaceStrDescriptor  usbd_desc.o
    0x080046fc   0x0000000c   Code   RO         3696    i.USBD_FS_LangIDStrDescriptor  usbd_desc.o
    0x08004708   0x0000001c   Code   RO         3697    i.USBD_FS_ManufacturerStrDescriptor  usbd_desc.o
    0x08004724   0x0000002c   Code   RO         3698    i.USBD_FS_ProductStrDescriptor  usbd_desc.o
    0x08004750   0x00000024   Code   RO         3699    i.USBD_FS_SerialStrDescriptor  usbd_desc.o
    0x08004774   0x000000f2   Code   RO         4492    i.USBD_GetDescriptor  usbd_ctlreq.o
    0x08004866   0x00000046   Code   RO         4493    i.USBD_GetString    usbd_ctlreq.o
    0x080048ac   0x0000002a   Code   RO         4355    i.USBD_Init         usbd_core.o
    0x080048d6   0x0000000e   Code   RO         3829    i.USBD_LL_ClearStallEP  usbd_conf.o
    0x080048e4   0x000000aa   Code   RO         4356    i.USBD_LL_DataInStage  usbd_core.o
    0x0800498e   0x0000006a   Code   RO         4357    i.USBD_LL_DataOutStage  usbd_core.o
    0x080049f8   0x0000005c   Code   RO         3835    i.USBD_LL_Init      usbd_conf.o
    0x08004a54   0x0000001c   Code   RO         3836    i.USBD_LL_IsStallEP  usbd_conf.o
    0x08004a70   0x00000014   Code   RO         3837    i.USBD_LL_OpenEP    usbd_conf.o
    0x08004a84   0x0000000e   Code   RO         3838    i.USBD_LL_PrepareReceive  usbd_conf.o
    0x08004a92   0x0000003e   Code   RO         4362    i.USBD_LL_Reset     usbd_core.o
    0x08004ad0   0x0000000c   Code   RO         4363    i.USBD_LL_Resume    usbd_core.o
    0x08004adc   0x00000018   Code   RO         4364    i.USBD_LL_SOF       usbd_core.o
    0x08004af4   0x00000006   Code   RO         4365    i.USBD_LL_SetSpeed  usbd_core.o
    0x08004afa   0x0000000e   Code   RO         3839    i.USBD_LL_SetUSBAddress  usbd_conf.o
    0x08004b08   0x0000005a   Code   RO         4366    i.USBD_LL_SetupStage  usbd_core.o
    0x08004b62   0x0000000e   Code   RO         3840    i.USBD_LL_StallEP   usbd_conf.o
    0x08004b70   0x0000000e   Code   RO         3841    i.USBD_LL_Start     usbd_conf.o
    0x08004b7e   0x0000000e   Code   RO         3842    i.USBD_LL_Stop      usbd_conf.o
    0x08004b8c   0x00000012   Code   RO         4367    i.USBD_LL_Suspend   usbd_core.o
    0x08004b9e   0x0000000e   Code   RO         3843    i.USBD_LL_Transmit  usbd_conf.o
    0x08004bac   0x00000028   Code   RO         4494    i.USBD_ParseSetupRequest  usbd_ctlreq.o
    0x08004bd4   0x00000010   Code   RO         4368    i.USBD_RegisterClass  usbd_core.o
    0x08004be4   0x00000016   Code   RO         4370    i.USBD_SetClassConfig  usbd_core.o
    0x08004bfa   0x00000002   PAD
    0x08004bfc   0x00000074   Code   RO         4495    i.USBD_SetConfig    usbd_ctlreq.o
    0x08004c70   0x0000000a   Code   RO         4371    i.USBD_Start        usbd_core.o
    0x08004c7a   0x000000f2   Code   RO         4496    i.USBD_StdDevReq    usbd_ctlreq.o
    0x08004d6c   0x000000dc   Code   RO         4497    i.USBD_StdEPReq     usbd_ctlreq.o
    0x08004e48   0x00000034   Code   RO         4498    i.USBD_StdItfReq    usbd_ctlreq.o
    0x08004e7c   0x0000001a   Code   RO         4372    i.USBD_Stop         usbd_core.o
    0x08004e96   0x00000002   Code   RO         3844    i.USBD_static_free  usbd_conf.o
    0x08004e98   0x00000008   Code   RO         3845    i.USBD_static_malloc  usbd_conf.o
    0x08004ea0   0x0000025c   Code   RO         1854    i.USB_ActivateEndpoint  stm32f1xx_ll_usb.o
    0x080050fc   0x00000004   Code   RO         1857    i.USB_CoreInit      stm32f1xx_ll_usb.o
    0x08005100   0x00000004   Code   RO         1860    i.USB_DevConnect    stm32f1xx_ll_usb.o
    0x08005104   0x00000004   Code   RO         1861    i.USB_DevDisconnect  stm32f1xx_ll_usb.o
    0x08005108   0x00000012   Code   RO         1862    i.USB_DevInit       stm32f1xx_ll_usb.o
    0x0800511a   0x0000000e   Code   RO         1863    i.USB_DisableGlobalInt  stm32f1xx_ll_usb.o
    0x08005128   0x00000004   Code   RO         1864    i.USB_EP0_OutStart  stm32f1xx_ll_usb.o
    0x0800512c   0x0000006a   Code   RO         1865    i.USB_EPClearStall  stm32f1xx_ll_usb.o
    0x08005196   0x0000004a   Code   RO         1866    i.USB_EPSetStall    stm32f1xx_ll_usb.o
    0x080051e0   0x000001aa   Code   RO         1867    i.USB_EPStartXfer   stm32f1xx_ll_usb.o
    0x0800538a   0x0000000e   Code   RO         1868    i.USB_EnableGlobalInt  stm32f1xx_ll_usb.o
    0x08005398   0x0000000c   Code   RO         3268    i.USB_LP_CAN1_RX0_IRQHandler  stm32f1xx_it.o
    0x080053a4   0x00000006   Code   RO         1875    i.USB_ReadInterrupts  stm32f1xx_ll_usb.o
    0x080053aa   0x00000002   PAD
    0x080053ac   0x0000001e   Code   RO         1876    i.USB_ReadPMA       stm32f1xx_ll_usb.o
    0x080053ca   0x00000004   Code   RO         1878    i.USB_SetCurrentMode  stm32f1xx_ll_usb.o
    0x080053ce   0x0000000c   Code   RO         1879    i.USB_SetDevAddress  stm32f1xx_ll_usb.o
    0x080053da   0x00000012   Code   RO         1880    i.USB_StopDevice    stm32f1xx_ll_usb.o
    0x080053ec   0x00000026   Code   RO         1881    i.USB_WritePMA      stm32f1xx_ll_usb.o
    0x08005412   0x00000002   Code   RO         3269    i.UsageFault_Handler  stm32f1xx_it.o
    0x08005414   0x00000024   Code   RO         5208    i.__0vsprintf       mc_w.l(printfa.o)
    0x08005438   0x0000000e   Code   RO         5303    i.__scatterload_copy  mc_w.l(handlers.o)
    0x08005446   0x00000002   Code   RO         5304    i.__scatterload_null  mc_w.l(handlers.o)
    0x08005448   0x0000000e   Code   RO         5305    i.__scatterload_zeroinit  mc_w.l(handlers.o)
    0x08005456   0x00000002   PAD
    0x08005458   0x00000184   Code   RO         5209    i._fp_digits        mc_w.l(printfa.o)
    0x080055dc   0x0000001a   Code   RO         3369    i._oled_bright      main.o
    0x080055f6   0x00000040   Code   RO         3370    i._oled_clear       main.o
    0x08005636   0x0000001e   Code   RO         3371    i._oled_close       main.o
    0x08005654   0x00000004   Code   RO         3372    i._oled_color       main.o
    0x08005658   0x000000d0   Code   RO         3373    i._oled_draw        main.o
    0x08005728   0x00000048   Code   RO         3374    i._oled_flash       main.o
    0x08005770   0x00000004   Code   RO         3375    i._oled_font        main.o
    0x08005774   0x0000013e   Code   RO         3376    i._oled_init        main.o
    0x080058b2   0x0000001e   Code   RO         3377    i._oled_open        main.o
    0x080058d0   0x00000064   Code   RO         3378    i._oled_print       main.o
    0x08005934   0x0000003a   Code   RO         3379    i._oled_printf      main.o
    0x0800596e   0x00000052   Code   RO         3380    i._oled_printfc     main.o
    0x080059c0   0x00000028   Code   RO         3381    i._oled_setPosition  main.o
    0x080059e8   0x00000008   Code   RO         3382    i._oled_trans       main.o
    0x080059f0   0x00000050   Code   RO         3383    i._oled_writeCommand  main.o
    0x08005a40   0x00000050   Code   RO         3384    i._oled_writeData   main.o
    0x08005a90   0x000006dc   Code   RO         5210    i._printf_core      mc_w.l(printfa.o)
    0x0800616c   0x00000024   Code   RO         5211    i._printf_post_padding  mc_w.l(printfa.o)
    0x08006190   0x0000002e   Code   RO         5212    i._printf_pre_padding  mc_w.l(printfa.o)
    0x080061be   0x00000002   PAD
    0x080061c0   0x00000040   Code   RO         3385    i._soft_iic_send    main.o
    0x08006200   0x00000030   Code   RO         3386    i._soft_iic_start   main.o
    0x08006230   0x00000026   Code   RO         3387    i._soft_iic_stop    main.o
    0x08006256   0x00000004   Code   RO         3388    i._soft_iic_turn    main.o
    0x0800625a   0x0000001c   Code   RO         3389    i._soft_iic_wait    main.o
    0x08006276   0x0000000a   Code   RO         5214    i._sputc            mc_w.l(printfa.o)
    0x08006280   0x0000006c   Code   RO         3390    i.beeperInerrupt    main.o
    0x080062ec   0x0000000c   Code   RO         3391    i.checkKey          main.o
    0x080062f8   0x0000001a   Code   RO         3392    i.checkKeyUp        main.o
    0x08006312   0x00000002   PAD
    0x08006314   0x00000084   Code   RO         3393    i.checkSD           main.o
    0x08006398   0x00000050   Code   RO         5229    i.free              mc_w.l(malloc.o)
    0x080063e8   0x00000488   Code   RO         3395    i.main              main.o
    0x08006870   0x0000006c   Code   RO         5230    i.malloc            mc_w.l(malloc.o)
    0x080068dc   0x00000128   Code   RO         3397    i.playMusicWithSpace  main.o
    0x08006a04   0x000000b4   Code   RO         3398    i.scanKeys          main.o
    0x08006ab8   0x00000014   Code   RO         3399    i.setVolume         main.o
    0x08006acc   0x00000010   Data   RO         3147    .constdata          system_stm32f1xx.o
    0x08006adc   0x00000008   Data   RO         3148    .constdata          system_stm32f1xx.o
    0x08006ae4   0x00000dd8   Data   RO         3404    .constdata          main.o
    0x080078bc   0x00000014   Data   RO         5082    .constdata          sd_diskio.o
    0x080078d0   0x0000005d   Data   RO         4092    .conststring        usbd_dfu_if.o
    0x0800792d   0x00000003   PAD
    0x08007930   0x00000020   Data   RO         5301    Region$$Table       anon$$obj.o


    Execution Region RW_IRAM1 (Base: 0x20000000, Size: 0x000016d0, Max: 0x0000c000, ABSOLUTE)

    Base Addr    Size         Type   Attr      Idx    E Section Name        Object

    0x20000000   0x00000004   Data   RW          438    .data               stm32f1xx_hal.o
    0x20000004   0x00000001   Data   RW         3114    .data               stm32f1xx_hal_spi_ex.o
    0x20000005   0x00000003   PAD
    0x20000008   0x00000004   Data   RW         3149    .data               system_stm32f1xx.o
    0x2000000c   0x00000014   Data   RW         3410    .data               main.o
    0x20000020   0x0000001c   Data   RW         3701    .data               usbd_desc.o
    0x2000003c   0x00000016   Data   RW         3702    .data               usbd_desc.o
    0x20000052   0x00000002   PAD
    0x20000054   0x0000001c   Data   RW         4093    .data               usbd_dfu_if.o
    0x20000070   0x00000005   Data   RW         4144    .data               fatfs.o
    0x20000075   0x00000001   Data   RW         4499    .data               usbd_ctlreq.o
    0x20000076   0x00000002   PAD
    0x20000078   0x0000003c   Data   RW         4576    .data               usbd_dfu.o
    0x200000b4   0x00000026   Data   RW         4577    .data               usbd_dfu.o
    0x200000da   0x00000001   Data   RW         5083    .data               sd_diskio.o
    0x200000db   0x00000001   PAD
    0x200000dc   0x00000004   Data   RW         5278    .data               mc_w.l(mvars.o)
    0x200000e0   0x00000004   Data   RW         5279    .data               mc_w.l(mvars.o)
    0x200000e4   0x00000004   PAD
    0x200000e8   0x000001cc   Zero   RW         3401    .bss                main.o
    0x200002b4   0x00000038   Zero   RW         3402    .bss                main.o
    0x200002ec   0x00000038   Zero   RW         3403    .bss                main.o
    0x20000324   0x00000200   Zero   RW         3700    .bss                usbd_desc.o
    0x20000524   0x00000224   Zero   RW         3774    .bss                usb_device.o
    0x20000748   0x0000083c   Zero   RW         3846    .bss                usbd_conf.o
    0x20000f84   0x0000003c   Zero   RW         4025    .bss                stm32f1xx_hal_timebase_tim.o
    0x20000fc0   0x000000ff   Zero   RW         4575    .bss                usbd_dfu.o
    0x200010bf   0x00000001   PAD
    0x200010c0   0x0000000c   Zero   RW         4718    .bss                ff_gen_drv.o
    0x200010cc   0x00000004   PAD
    0x200010d0   0x00000200   Zero   RW         4284    HEAP                startup_stm32f103xe.o
    0x200012d0   0x00000400   Zero   RW         4283    STACK               startup_stm32f103xe.o


==============================================================================

Image component sizes


      Code (inc. data)   RO Data    RW Data    ZI Data      Debug   Object Name

       166         30          0          0          0       3614   bsp_driver_sd.o
        28         10          0          5          0        980   fatfs.o
        24          4          0          0          0        525   fatfs_platform.o
        70          4          0          0         12       1615   ff_gen_drv.o
      4074        420       3544         20        572      35813   main.o
       204         18         20          1          0       4196   sd_diskio.o
        36          8        304          0       1536        784   startup_stm32f103xe.o
        86         16          0          4          0       3087   stm32f1xx_hal.o
       228         14          0          0          0      27489   stm32f1xx_hal_cortex.o
      1288         20          0          0          0       2336   stm32f1xx_hal_dma.o
       764         74          0          0          0       4729   stm32f1xx_hal_gpio.o
       644         92          0          0          0       4290   stm32f1xx_hal_msp.o
      1814          0          0          0          0       9689   stm32f1xx_hal_pcd.o
        52          0          0          0          0       1198   stm32f1xx_hal_pcd_ex.o
      2156        116          0          0          0       8124   stm32f1xx_hal_rcc.o
       300         12          0          0          0       1344   stm32f1xx_hal_rcc_ex.o
      4038         12          0          0          0      22207   stm32f1xx_hal_sd.o
       136          4          0          1          0       1390   stm32f1xx_hal_spi_ex.o
       618         20          0          0          0       6938   stm32f1xx_hal_tim.o
        84          0          0          0          0     532194   stm32f1xx_hal_tim_ex.o
       116         18          0          0         60       1480   stm32f1xx_hal_timebase_tim.o
       462          4          0          0          0       1948   stm32f1xx_hal_uart.o
        82         30          0          0          0       6132   stm32f1xx_it.o
       166          4          0          0          0       6383   stm32f1xx_ll_sdmmc.o
      1380          0          0          0          0      12355   stm32f1xx_ll_usb.o
        72         16         24          4          0       1419   system_stm32f1xx.o
        56         18          0          0        548       3227   usb_device.o
       432         30          0          0       2108      12110   usbd_conf.o
       618          0          0          0          0       9924   usbd_core.o
      1004         30          0          1          0       7860   usbd_ctlreq.o
       200        104          0         50        512       9403   usbd_desc.o
      1502         52          0         98        255      17296   usbd_dfu.o
        24          0         93         28          0       3326   usbd_dfu_if.o
       132          0          0          0          0       4408   usbd_ioreq.o

    ----------------------------------------------------------------------
     23094       1180       4020        220       5608     769813   Object Totals
         0          0         32          0          0          0   (incl. Generated)
        38          0          3          8          5          0   (incl. Padding)

    ----------------------------------------------------------------------

      Code (inc. data)   RO Data    RW Data    ZI Data      Debug   Library Member Name

         0          0          0          0          0          0   entry.o
         0          0          0          0          0          0   entry10a.o
         0          0          0          0          0          0   entry11a.o
         8          4          0          0          0          0   entry2.o
         4          0          0          0          0          0   entry5.o
         0          0          0          0          0          0   entry7b.o
         0          0          0          0          0          0   entry8b.o
         8          4          0          0          0          0   entry9a.o
        30          0          0          0          0          0   handlers.o
        36          8          0          0          0         68   init.o
         0          0          0          0          0          0   iusefp.o
        30          0          0          0          0         68   llshl.o
        36          0          0          0          0         68   llsshr.o
        32          0          0          0          0         68   llushr.o
       188         20          0          0          0        160   malloc.o
        36          0          0          0          0         68   memcpya.o
        36          0          0          0          0        108   memseta.o
         0          0          0          8          0          0   mvars.o
      2272         86          0          0          0        516   printfa.o
        14          0          0          0          0         68   strlen.o
        44          0          0          0          0         80   uidiv.o
        98          0          0          0          0         92   uldiv.o
        48          0          0          0          0         68   cdrcmple.o
       334          0          0          0          0        148   dadd.o
       222          0          0          0          0        100   ddiv.o
       186          0          0          0          0        176   depilogue.o
        48          0          0          0          0         68   dfixul.o
       228          0          0          0          0         96   dmul.o

    ----------------------------------------------------------------------
      3942        122          0          8          4       2020   Library Totals
         4          0          0          0          4          0   (incl. Padding)

    ----------------------------------------------------------------------

      Code (inc. data)   RO Data    RW Data    ZI Data      Debug   Library Name

      2872        122          0          8          0       1364   mc_w.l
      1066          0          0          0          0        656   mf_w.l

    ----------------------------------------------------------------------
      3942        122          0          8          4       2020   Library Totals

    ----------------------------------------------------------------------

==============================================================================


      Code (inc. data)   RO Data    RW Data    ZI Data      Debug   

     27036       1302       4020        228       5612     757789   Grand Totals
     27036       1302       4020        228       5612     757789   ELF Image Totals
     27036       1302       4020        228          0          0   ROM Totals

==============================================================================

    Total RO  Size (Code + RO Data)                31056 (  30.33kB)
    Total RW  Size (RW Data + ZI Data)              5840 (   5.70kB)
    Total ROM Size (Code + RO Data + RW Data)      31284 (  30.55kB)

==============================================================================

