Component: ARM Compiler 5.06 update 3 (build 300) Tool: armlink [4d35c9]

==============================================================================

Section Cross References

    stm32f1xx_hal_tim_ex.o(i.HAL_TIMEx_ConfigCommutationEvent_DMA) refers to stm32f1xx_hal_tim_ex.o(i.TIMEx_DMACommutationCplt) for TIMEx_DMACommutationCplt
    stm32f1xx_hal_tim_ex.o(i.HAL_TIMEx_ConfigCommutationEvent_DMA) refers to stm32f1xx_hal_tim.o(i.TIM_DMAError) for TIM_DMAError
    stm32f1xx_hal_tim_ex.o(i.HAL_TIMEx_HallSensor_DeInit) refers to stm32f1xx_hal_tim_ex.o(i.HAL_TIMEx_HallSensor_MspDeInit) for HAL_TIMEx_HallSensor_MspDeInit
    stm32f1xx_hal_tim_ex.o(i.HAL_TIMEx_HallSensor_Init) refers to stm32f1xx_hal_tim_ex.o(i.HAL_TIMEx_HallSensor_MspInit) for HAL_TIMEx_HallSensor_MspInit
    stm32f1xx_hal_tim_ex.o(i.HAL_TIMEx_HallSensor_Init) refers to stm32f1xx_hal_tim.o(i.TIM_Base_SetConfig) for TIM_Base_SetConfig
    stm32f1xx_hal_tim_ex.o(i.HAL_TIMEx_HallSensor_Init) refers to stm32f1xx_hal_tim.o(i.TIM_TI1_SetConfig) for TIM_TI1_SetConfig
    stm32f1xx_hal_tim_ex.o(i.HAL_TIMEx_HallSensor_Init) refers to stm32f1xx_hal_tim.o(i.TIM_OC2_SetConfig) for TIM_OC2_SetConfig
    stm32f1xx_hal_tim_ex.o(i.HAL_TIMEx_HallSensor_Start) refers to stm32f1xx_hal_tim.o(i.TIM_CCxChannelCmd) for TIM_CCxChannelCmd
    stm32f1xx_hal_tim_ex.o(i.HAL_TIMEx_HallSensor_Start_DMA) refers to stm32f1xx_hal_tim.o(i.TIM_CCxChannelCmd) for TIM_CCxChannelCmd
    stm32f1xx_hal_tim_ex.o(i.HAL_TIMEx_HallSensor_Start_DMA) refers to stm32f1xx_hal_dma.o(i.HAL_DMA_Start_IT) for HAL_DMA_Start_IT
    stm32f1xx_hal_tim_ex.o(i.HAL_TIMEx_HallSensor_Start_DMA) refers to stm32f1xx_hal_tim.o(i.TIM_DMACaptureCplt) for TIM_DMACaptureCplt
    stm32f1xx_hal_tim_ex.o(i.HAL_TIMEx_HallSensor_Start_DMA) refers to stm32f1xx_hal_tim.o(i.TIM_DMAError) for TIM_DMAError
    stm32f1xx_hal_tim_ex.o(i.HAL_TIMEx_HallSensor_Start_IT) refers to stm32f1xx_hal_tim.o(i.TIM_CCxChannelCmd) for TIM_CCxChannelCmd
    stm32f1xx_hal_tim_ex.o(i.HAL_TIMEx_HallSensor_Stop) refers to stm32f1xx_hal_tim.o(i.TIM_CCxChannelCmd) for TIM_CCxChannelCmd
    stm32f1xx_hal_tim_ex.o(i.HAL_TIMEx_HallSensor_Stop_DMA) refers to stm32f1xx_hal_tim.o(i.TIM_CCxChannelCmd) for TIM_CCxChannelCmd
    stm32f1xx_hal_tim_ex.o(i.HAL_TIMEx_HallSensor_Stop_IT) refers to stm32f1xx_hal_tim.o(i.TIM_CCxChannelCmd) for TIM_CCxChannelCmd
    stm32f1xx_hal_tim_ex.o(i.HAL_TIMEx_OCN_Start) refers to stm32f1xx_hal_tim_ex.o(i.TIM_CCxNChannelCmd) for TIM_CCxNChannelCmd
    stm32f1xx_hal_tim_ex.o(i.HAL_TIMEx_OCN_Start_DMA) refers to stm32f1xx_hal_dma.o(i.HAL_DMA_Start_IT) for HAL_DMA_Start_IT
    stm32f1xx_hal_tim_ex.o(i.HAL_TIMEx_OCN_Start_DMA) refers to stm32f1xx_hal_tim_ex.o(i.TIM_CCxNChannelCmd) for TIM_CCxNChannelCmd
    stm32f1xx_hal_tim_ex.o(i.HAL_TIMEx_OCN_Start_DMA) refers to stm32f1xx_hal_tim.o(i.TIM_DMADelayPulseCplt) for TIM_DMADelayPulseCplt
    stm32f1xx_hal_tim_ex.o(i.HAL_TIMEx_OCN_Start_DMA) refers to stm32f1xx_hal_tim.o(i.TIM_DMAError) for TIM_DMAError
    stm32f1xx_hal_tim_ex.o(i.HAL_TIMEx_OCN_Start_IT) refers to stm32f1xx_hal_tim_ex.o(i.TIM_CCxNChannelCmd) for TIM_CCxNChannelCmd
    stm32f1xx_hal_tim_ex.o(i.HAL_TIMEx_OCN_Stop) refers to stm32f1xx_hal_tim_ex.o(i.TIM_CCxNChannelCmd) for TIM_CCxNChannelCmd
    stm32f1xx_hal_tim_ex.o(i.HAL_TIMEx_OCN_Stop_DMA) refers to stm32f1xx_hal_tim_ex.o(i.TIM_CCxNChannelCmd) for TIM_CCxNChannelCmd
    stm32f1xx_hal_tim_ex.o(i.HAL_TIMEx_OCN_Stop_IT) refers to stm32f1xx_hal_tim_ex.o(i.TIM_CCxNChannelCmd) for TIM_CCxNChannelCmd
    stm32f1xx_hal_tim_ex.o(i.HAL_TIMEx_OnePulseN_Start) refers to stm32f1xx_hal_tim_ex.o(i.TIM_CCxNChannelCmd) for TIM_CCxNChannelCmd
    stm32f1xx_hal_tim_ex.o(i.HAL_TIMEx_OnePulseN_Start_IT) refers to stm32f1xx_hal_tim_ex.o(i.TIM_CCxNChannelCmd) for TIM_CCxNChannelCmd
    stm32f1xx_hal_tim_ex.o(i.HAL_TIMEx_OnePulseN_Stop) refers to stm32f1xx_hal_tim_ex.o(i.TIM_CCxNChannelCmd) for TIM_CCxNChannelCmd
    stm32f1xx_hal_tim_ex.o(i.HAL_TIMEx_OnePulseN_Stop_IT) refers to stm32f1xx_hal_tim_ex.o(i.TIM_CCxNChannelCmd) for TIM_CCxNChannelCmd
    stm32f1xx_hal_tim_ex.o(i.HAL_TIMEx_PWMN_Start) refers to stm32f1xx_hal_tim_ex.o(i.TIM_CCxNChannelCmd) for TIM_CCxNChannelCmd
    stm32f1xx_hal_tim_ex.o(i.HAL_TIMEx_PWMN_Start_DMA) refers to stm32f1xx_hal_dma.o(i.HAL_DMA_Start_IT) for HAL_DMA_Start_IT
    stm32f1xx_hal_tim_ex.o(i.HAL_TIMEx_PWMN_Start_DMA) refers to stm32f1xx_hal_tim_ex.o(i.TIM_CCxNChannelCmd) for TIM_CCxNChannelCmd
    stm32f1xx_hal_tim_ex.o(i.HAL_TIMEx_PWMN_Start_DMA) refers to stm32f1xx_hal_tim.o(i.TIM_DMADelayPulseCplt) for TIM_DMADelayPulseCplt
    stm32f1xx_hal_tim_ex.o(i.HAL_TIMEx_PWMN_Start_DMA) refers to stm32f1xx_hal_tim.o(i.TIM_DMAError) for TIM_DMAError
    stm32f1xx_hal_tim_ex.o(i.HAL_TIMEx_PWMN_Start_IT) refers to stm32f1xx_hal_tim_ex.o(i.TIM_CCxNChannelCmd) for TIM_CCxNChannelCmd
    stm32f1xx_hal_tim_ex.o(i.HAL_TIMEx_PWMN_Stop) refers to stm32f1xx_hal_tim_ex.o(i.TIM_CCxNChannelCmd) for TIM_CCxNChannelCmd
[...]
    i.SD_ioctl                               0x08003768   Section        0  sd_diskio.o(i.SD_ioctl)
    i.SD_read                                0x080037b8   Section        0  sd_diskio.o(i.SD_read)
    i.SD_status                              0x080037d8   Section        0  sd_diskio.o(i.SD_status)
    i.SD_write                               0x080037f8   Section        0  sd_diskio.o(i.SD_write)
    i.SVC_Handler                            0x08003816   Section        0  stm32f1xx_it.o(i.SVC_Handler)
    i.SoftIICInit                            0x08003818   Section        0  main.o(i.SoftIICInit)
    i.SysTick_Handler                        0x08003878   Section        0  stm32f1xx_it.o(i.SysTick_Handler)
    i.SystemClock_Config                     0x0800387c   Section        0  main.o(i.SystemClock_Config)
    i.SystemInit                             0x080038f8   Section        0  system_stm32f1xx.o(i.SystemInit)
    i.TIM8_UP_IRQHandler                     0x08003940   Section        0  stm32f1xx_it.o(i.TIM8_UP_IRQHandler)
    i.TIM_Base_SetConfig                     0x0800394c   Section        0  stm32f1xx_hal_tim.o(i.TIM_Base_SetConfig)
    i.UART_SetConfig                         0x080039d0   Section        0  stm32f1xx_hal_uart.o(i.UART_SetConfig)
    UART_SetConfig                           0x080039d1   Thumb Code   364  stm32f1xx_hal_uart.o(i.UART_SetConfig)
    i.USBD_ClrClassConfig                    0x08003b40   Section        0  usbd_core.o(i.USBD_ClrClassConfig)
    i.USBD_CtlContinueRx                     0x08003b4e   Section        0  usbd_ioreq.o(i.USBD_CtlContinueRx)
    i.USBD_CtlContinueSendData               0x08003b5e   Section        0  usbd_ioreq.o(i.USBD_CtlContinueSendData)
    i.USBD_CtlError                          0x08003b6e   Section        0  usbd_ctlreq.o(i.USBD_CtlError)
    i.USBD_CtlPrepareRx                      0x08003b84   Section        0  usbd_ioreq.o(i.USBD_CtlPrepareRx)
    i.USBD_CtlReceiveStatus                  0x08003ba2   Section        0  usbd_ioreq.o(i.USBD_CtlReceiveStatus)
    i.USBD_CtlSendData                       0x08003bb8   Section        0  usbd_ioreq.o(i.USBD_CtlSendData)
    i.USBD_CtlSendStatus                     0x08003bd2   Section        0  usbd_ioreq.o(i.USBD_CtlSendStatus)
    i.USBD_DFU_DataIn                        0x08003be8   Section        0  usbd_dfu.o(i.USBD_DFU_DataIn)
    USBD_DFU_DataIn                          0x08003be9   Thumb Code     4  usbd_dfu.o(i.USBD_DFU_DataIn)
    i.USBD_DFU_DataOut                       0x08003bec   Section        0  usbd_dfu.o(i.USBD_DFU_DataOut)
    USBD_DFU_DataOut                         0x08003bed   Thumb Code     4  usbd_dfu.o(i.USBD_DFU_DataOut)
    i.USBD_DFU_DeInit                        0x08003bf0   Section        0  usbd_dfu.o(i.USBD_DFU_DeInit)
    USBD_DFU_DeInit                          0x08003bf1   Thumb Code    62  usbd_dfu.o(i.USBD_DFU_DeInit)
    i.USBD_DFU_EP0_RxReady                   0x08003c2e   Section        0  usbd_dfu.o(i.USBD_DFU_EP0_RxReady)
    USBD_DFU_EP0_RxReady                     0x08003c2f   Thumb Code     4  usbd_dfu.o(i.USBD_DFU_EP0_RxReady)
    i.USBD_DFU_EP0_TxReady                   0x08003c32   Section        0  usbd_dfu.o(i.USBD_DFU_EP0_TxReady)
    USBD_DFU_EP0_TxReady                     0x08003c33   Thumb Code   226  usbd_dfu.o(i.USBD_DFU_EP0_TxReady)
    i.USBD_DFU_GetCfgDesc                    0x08003d14   Section        0  usbd_dfu.o(i.USBD_DFU_GetCfgDesc)
    USBD_DFU_GetCfgDesc                      0x08003d15   Thumb Code     8  usbd_dfu.o(i.USBD_DFU_GetCfgDesc)
    i.USBD_DFU_GetDeviceQualifierDesc        0x08003d20   Section        0  usbd_dfu.o(i.USBD_DFU_GetDeviceQualifierDesc)
    USBD_DFU_GetDeviceQualifierDesc          0x08003d21   Thumb Code     8  usbd_dfu.o(i.USBD_DFU_GetDeviceQualifierDesc)
    i.USBD_DFU_GetUsrStringDesc              0x08003d2c   Section        0  usbd_dfu.o(i.USBD_DFU_GetUsrStringDesc)
    USBD_DFU_GetUsrStringDesc                0x08003d2d   Thumb Code    26  usbd_dfu.o(i.USBD_DFU_GetUsrStringDesc)
    i.USBD_DFU_Init                          0x08003d4c   Section        0  usbd_dfu.o(i.USBD_DFU_Init)
    USBD_DFU_Init                            0x08003d4d   Thumb Code    74  usbd_dfu.o(i.USBD_DFU_Init)
    i.USBD_DFU_IsoINIncomplete               0x08003d96   Section        0  usbd_dfu.o(i.USBD_DFU_IsoINIncomplete)
    USBD_DFU_IsoINIncomplete                 0x08003d97   Thumb Code     4  usbd_dfu.o(i.USBD_DFU_IsoINIncomplete)
    i.USBD_DFU_IsoOutIncomplete              0x08003d9a   Section        0  usbd_dfu.o(i.USBD_DFU_IsoOutIncomplete)
    USBD_DFU_IsoOutIncomplete                0x08003d9b   Thumb Code     4  usbd_dfu.o(i.USBD_DFU_IsoOutIncomplete)
    i.USBD_DFU_RegisterMedia                 0x08003d9e   Section        0  usbd_dfu.o(i.USBD_DFU_RegisterMedia)
    i.USBD_DFU_SOF                           0x08003da8   Section        0  usbd_dfu.o(i.USBD_DFU_SOF)
    USBD_DFU_SOF                             0x08003da9   Thumb Code     4  usbd_dfu.o(i.USBD_DFU_SOF)
    i.USBD_DFU_Setup                         0x08003dac   Section        0  usbd_dfu.o(i.USBD_DFU_Setup)
    USBD_DFU_Setup                           0x08003dad   Thumb Code   302  usbd_dfu.o(i.USBD_DFU_Setup)
    i.USBD_FS_ConfigStrDescriptor            0x08003ee0   Section        0  usbd_desc.o(i.USBD_FS_ConfigStrDescriptor)
    i.USBD_FS_DeviceDescriptor               0x08003f00   Section        0  usbd_desc.o(i.USBD_FS_DeviceDescriptor)
    i.USBD_FS_InterfaceStrDescriptor         0x08003f0c   Section        0  usbd_desc.o(i.USBD_FS_InterfaceStrDescriptor)
    i.USBD_FS_LangIDStrDescriptor            0x08003f30   Section        0  usbd_desc.o(i.USBD_FS_LangIDStrDescriptor)
    i.USBD_FS_ManufacturerStrDescriptor      0x08003f3c   Section        0  usbd_desc.o(i.USBD_FS_ManufacturerStrDescriptor)
    i.USBD_FS_ProductStrDescriptor           0x08003f58   Section        0  usbd_desc.o(i.USBD_FS_ProductStrDescriptor)
    i.USBD_FS_SerialStrDescriptor            0x08003f8c   Section        0  usbd_desc.o(i.USBD_FS_SerialStrDescriptor)
    i.USBD_GetDescriptor                     0x08003fb0   Section        0  usbd_ctlreq.o(i.USBD_GetDescriptor)
    USBD_GetDescriptor                       0x08003fb1   Thumb Code   242  usbd_ctlreq.o(i.USBD_GetDescriptor)
    i.USBD_GetString                         0x080040a2   Section        0  usbd_ctlreq.o(i.USBD_GetString)
    i.USBD_Init                              0x080040e8   Section        0  usbd_core.o(i.USBD_Init)
    i.USBD_LL_ClearStallEP                   0x08004112   Section        0  usbd_conf.o(i.USBD_LL_ClearStallEP)
    i.USBD_LL_DataInStage                    0x08004120   Section        0  usbd_core.o(i.USBD_LL_DataInStage)
    i.USBD_LL_DataOutStage                   0x080041ca   Section        0  usbd_core.o(i.USBD_LL_DataOutStage)
    i.USBD_LL_Init                           0x08004234   Section        0  usbd_conf.o(i.USBD_LL_Init)
    i.USBD_LL_IsStallEP                      0x08004290   Section        0  usbd_conf.o(i.USBD_LL_IsStallEP)
    i.USBD_LL_OpenEP                         0x080042ac   Section        0  usbd_conf.o(i.USBD_LL_OpenEP)
    i.USBD_LL_PrepareReceive                 0x080042c0   Section        0  usbd_conf.o(i.USBD_LL_PrepareReceive)
    i.USBD_LL_Reset                          0x080042ce   Section        0  usbd_core.o(i.USBD_LL_Reset)
    i.USBD_LL_Resume                         0x0800430c   Section        0  usbd_core.o(i.USBD_LL_Resume)
    i.USBD_LL_SOF                            0x08004318   Section        0  usbd_core.o(i.USBD_LL_SOF)
    i.USBD_LL_SetSpeed                       0x08004330   Section        0  usbd_core.o(i.USBD_LL_SetSpeed)
    i.USBD_LL_SetUSBAddress                  0x08004336   Section        0  usbd_conf.o(i.USBD_LL_SetUSBAddress)
    i.USBD_LL_SetupStage                     0x08004344   Section        0  usbd_core.o(i.USBD_LL_SetupStage)
    i.USBD_LL_StallEP                        0x0800439e   Section        0  usbd_conf.o(i.USBD_LL_StallEP)
    i.USBD_LL_Start                          0x080043ac   Section        0  usbd_conf.o(i.USBD_LL_Start)
    i.USBD_LL_Stop                           0x080043ba   Section        0  usbd_conf.o(i.USBD_LL_Stop)
    i.USBD_LL_Suspend                        0x080043c8   Section        0  usbd_core.o(i.USBD_LL_Suspend)
    i.USBD_LL_Transmit                       0x080043da   Section        0  usbd_conf.o(i.USBD_LL_Transmit)
    i.USBD_ParseSetupRequest                 0x080043e8   Section        0  usbd_ctlreq.o(i.USBD_ParseSetupRequest)
    i.USBD_RegisterClass                     0x08004410   Section        0  usbd_core.o(i.USBD_RegisterClass)
    i.USBD_SetClassConfig                    0x08004420   Section        0  usbd_core.o(i.USBD_SetClassConfig)
    i.USBD_SetConfig                         0x08004438   Section        0  usbd_ctlreq.o(i.USBD_SetConfig)
    USBD_SetConfig                           0x08004439   Thumb Code   110  usbd_ctlreq.o(i.USBD_SetConfig)
    i.USBD_Start                             0x080044ac   Section        0  usbd_core.o(i.USBD_Start)
    i.USBD_StdDevReq                         0x080044b6   Section        0  usbd_ctlreq.o(i.USBD_StdDevReq)
    i.USBD_StdEPReq                          0x080045a8   Section        0  usbd_ctlreq.o(i.USBD_StdEPReq)
    i.USBD_StdItfReq                         0x08004684   Section        0  usbd_ctlreq.o(i.USBD_StdItfReq)
    i.USBD_Stop                              0x080046b8   Section        0  usbd_core.o(i.USBD_Stop)
    i.USBD_static_free                       0x080046d2   Section        0  usbd_conf.o(i.USBD_static_free)
    i.USBD_static_malloc                     0x080046d4   Section        0  usbd_conf.o(i.USBD_static_malloc)
    i.USB_ActivateEndpoint                   0x080046dc   Section        0  stm32f1xx_ll_usb.o(i.USB_ActivateEndpoint)
    i.USB_CoreInit                           0x08004938   Section        0  stm32f1xx_ll_usb.o(i.USB_CoreInit)
    i.USB_DevConnect                         0x0800493c   Section        0  stm32f1xx_ll_usb.o(i.USB_DevConnect)
    i.USB_DevDisconnect                      0x08004940   Section        0  stm32f1xx_ll_usb.o(i.USB_DevDisconnect)
    i.USB_DevInit                            0x08004944   Section        0  stm32f1xx_ll_usb.o(i.USB_DevInit)
    i.USB_DisableGlobalInt                   0x08004956   Section        0  stm32f1xx_ll_usb.o(i.USB_DisableGlobalInt)
    i.USB_EP0_OutStart                       0x08004964   Section        0  stm32f1xx_ll_usb.o(i.USB_EP0_OutStart)
    i.USB_EPClearStall                       0x08004968   Section        0  stm32f1xx_ll_usb.o(i.USB_EPClearStall)
    i.USB_EPSetStall                         0x080049d2   Section        0  stm32f1xx_ll_usb.o(i.USB_EPSetStall)
    i.USB_EPStartXfer                        0x08004a1c   Section        0  stm32f1xx_ll_usb.o(i.USB_EPStartXfer)
    i.USB_EnableGlobalInt                    0x08004bc6   Section        0  stm32f1xx_ll_usb.o(i.USB_EnableGlobalInt)
    i.USB_LP_CAN1_RX0_IRQHandler             0x08004bd4   Section        0  stm32f1xx_it.o(i.USB_LP_CAN1_RX0_IRQHandler)
    i.USB_ReadInterrupts                     0x08004be0   Section        0  stm32f1xx_ll_usb.o(i.USB_ReadInterrupts)
    i.USB_ReadPMA                            0x08004be8   Section        0  stm32f1xx_ll_usb.o(i.USB_ReadPMA)
    i.USB_SetCurrentMode                     0x08004c06   Section        0  stm32f1xx_ll_usb.o(i.USB_SetCurrentMode)
    i.USB_SetDevAddress                      0x08004c0a   Section        0  stm32f1xx_ll_usb.o(i.USB_SetDevAddress)
    i.USB_StopDevice                         0x08004c16   Section        0  stm32f1xx_ll_usb.o(i.USB_StopDevice)
    i.USB_WritePMA                           0x08004c28   Section        0  stm32f1xx_ll_usb.o(i.USB_WritePMA)
    i.UsageFault_Handler                     0x08004c4e   Section        0  stm32f1xx_it.o(i.UsageFault_Handler)
    i.__0vsprintf                            0x08004c50   Section        0  printfa.o(i.__0vsprintf)
    i.__scatterload_copy                     0x08004c74   Section       14  handlers.o(i.__scatterload_copy)
    i.__scatterload_null                     0x08004c82   Section        2  handlers.o(i.__scatterload_null)
    i.__scatterload_zeroinit                 0x08004c84   Section       14  handlers.o(i.__scatterload_zeroinit)
    i._fp_digits                             0x08004c94   Section        0  printfa.o(i._fp_digits)
    _fp_digits                               0x08004c95   Thumb Code   366  printfa.o(i._fp_digits)
    i._oled_bright                           0x08004e18   Section        0  main.o(i._oled_bright)
    i._oled_clear                            0x08004e32   Section        0  main.o(i._oled_clear)
    i._oled_close                            0x08004e72   Section        0  main.o(i._oled_close)
    i._oled_color                            0x08004e90   Section        0  main.o(i._oled_color)
    i._oled_draw                             0x08004e94   Section        0  main.o(i._oled_draw)
    i._oled_flash                            0x08004f64   Section        0  main.o(i._oled_flash)
    i._oled_font                             0x08004fac   Section        0  main.o(i._oled_font)
    i._oled_init                             0x08004fb0   Section        0  main.o(i._oled_init)
    i._oled_open                             0x080050ee   Section        0  main.o(i._oled_open)
    i._oled_print                            0x0800510c   Section        0  main.o(i._oled_print)
    i._oled_printf                           0x08005170   Section        0  main.o(i._oled_printf)
    i._oled_printfc                          0x080051aa   Section        0  main.o(i._oled_printfc)
    i._oled_setPosition                      0x080051fc   Section        0  main.o(i._oled_setPosition)
    i._oled_trans                            0x08005224   Section        0  main.o(i._oled_trans)
    i._oled_writeCommand                     0x0800522c   Section        0  main.o(i._oled_writeCommand)
    i._oled_writeData                        0x0800527c   Section        0  main.o(i._oled_writeData)
    i._printf_core                           0x080052cc   Section        0  printfa.o(i._printf_core)
    _printf_core                             0x080052cd   Thumb Code  1744  printfa.o(i._printf_core)
    i._printf_post_padding                   0x080059a8   Section        0  printfa.o(i._printf_post_padding)
    _printf_post_padding                     0x080059a9   Thumb Code    36  printfa.o(i._printf_post_padding)
    i._printf_pre_padding                    0x080059cc   Section        0  printfa.o(i._printf_pre_padding)
    _printf_pre_padding                      0x080059cd   Thumb Code    46  printfa.o(i._printf_pre_padding)
    i._soft_iic_send                         0x080059fc   Section        0  main.o(i._soft_iic_send)
    i._soft_iic_start                        0x08005a3c   Section        0  main.o(i._soft_iic_start)
    i._soft_iic_stop                         0x08005a6c   Section        0  main.o(i._soft_iic_stop)
    i._soft_iic_turn                         0x08005a92   Section        0  main.o(i._soft_iic_turn)
    i._soft_iic_wait                         0x08005a96   Section        0  main.o(i._soft_iic_wait)
    i._sputc                                 0x08005ab2   Section        0  printfa.o(i._sputc)
    _sputc                                   0x08005ab3   Thumb Code    10  printfa.o(i._sputc)
    i.checkKey                               0x08005abc   Section        0  main.o(i.checkKey)
    i.checkKeyUp                             0x08005ac8   Section        0  main.o(i.checkKeyUp)
    i.checkSD                                0x08005ae4   Section        0  main.o(i.checkSD)
    i.free                                   0x08005b68   Section        0  malloc.o(i.free)
    i.main                                   0x08005bb8   Section        0  main.o(i.main)
    i.malloc                                 0x08005f18   Section        0  malloc.o(i.malloc)
    i.scanKeys                               0x08005f84   Section        0  main.o(i.scanKeys)
    .constdata                               0x08006038   Section       16  system_stm32f1xx.o(.constdata)
    .constdata                               0x08006048   Section        8  system_stm32f1xx.o(.constdata)
    .constdata                               0x08006050   Section     3096  main.o(.constdata)
    .constdata                               0x08006c68   Section       20  sd_diskio.o(.constdata)
    .conststring                             0x08006c7c   Section       93  usbd_dfu_if.o(.conststring)
    .data                                    0x20000000   Section        4  stm32f1xx_hal.o(.data)
    uwTick                                   0x20000000   Data           4  stm32f1xx_hal.o(.data)
    .data                                    0x20000004   Section        4  system_stm32f1xx.o(.data)
    .data                                    0x20000008   Section        4  main.o(.data)
    .data                                    0x2000000c   Section       28  usbd_desc.o(.data)
    .data                                    0x20000028   Section       22  usbd_desc.o(.data)
    .data                                    0x20000040   Section       28  usbd_dfu_if.o(.data)
    .data                                    0x2000005c   Section        5  fatfs.o(.data)
    .data                                    0x20000061   Section        1  usbd_ctlreq.o(.data)
    cfgidx                                   0x20000061   Data           1  usbd_ctlreq.o(.data)
    .data                                    0x20000064   Section       60  usbd_dfu.o(.data)
    .data                                    0x200000a0   Section       38  usbd_dfu.o(.data)
    USBD_DFU_CfgDesc                         0x200000a0   Data          27  usbd_dfu.o(.data)
    USBD_DFU_DeviceQualifierDesc             0x200000bc   Data          10  usbd_dfu.o(.data)
    .data                                    0x200000c6   Section        1  sd_diskio.o(.data)
    Stat                                     0x200000c6   Data           1  sd_diskio.o(.data)
    .data                                    0x200000c8   Section        4  mvars.o(.data)
    .data                                    0x200000cc   Section        4  mvars.o(.data)
    .bss                                     0x200000d0   Section      248  main.o(.bss)
    .bss                                     0x200001c8   Section      512  usbd_desc.o(.bss)
    .bss                                     0x200003c8   Section      548  usb_device.o(.bss)
    .bss                                     0x200005ec   Section     2108  usbd_conf.o(.bss)
    mem                                      0x200005ec   Data        1052  usbd_conf.o(.bss)
    .bss                                     0x20000e28   Section       60  stm32f1xx_hal_timebase_tim.o(.bss)
    .bss                                     0x20000e64   Section      255  usbd_dfu.o(.bss)
    USBD_StrDesc                             0x20000e64   Data         255  usbd_dfu.o(.bss)
    .bss                                     0x20000f64   Section       12  ff_gen_drv.o(.bss)
    HEAP                                     0x20000f70   Section      512  startup_stm32f103xe.o(HEAP)
    STACK                                    0x20001170   Section     1024  startup_stm32f103xe.o(STACK)

    Global Symbols

    Symbol Name                              Value     Ov Type        Size  Object(Section)

    BuildAttributes$$THM_ISAv4$P$D$K$B$S$PE$A:L22UL41UL21$X:L11$S22US41US21$IEEE1$IW$USESV6$~STKCKD$USESV7$~SHL$OSPACE$ROPI$EBA8$MICROLIB$REQ8$PRES8$EABIv2 0x00000000   Number         0  anon$$obj.o ABSOLUTE
    __ARM_use_no_argv                        0x00000000   Number         0  main.o ABSOLUTE
    __cpp_initialize__aeabi_                  - Undefined Weak Reference
    __cxa_finalize                            - Undefined Weak Reference
    __decompress                              - Undefined Weak Reference
    _clock_init                               - Undefined Weak Reference
    _microlib_exit                            - Undefined Weak Reference
    __Vectors_Size                           0x00000130   Number         0  startup_stm32f103xe.o ABSOLUTE
    __Vectors                                0x08000000   Data           4  startup_stm32f103xe.o(RESET)
    __Vectors_End                            0x08000130   Data           0  startup_stm32f103xe.o(RESET)
    __main                                   0x08000131   Thumb Code     0  entry.o(.ARM.Collect$$$$00000000)
    _main_stk                                0x08000131   Thumb Code     0  entry2.o(.ARM.Collect$$$$00000001)
    _main_scatterload                        0x08000135   Thumb Code     0  entry5.o(.ARM.Collect$$$$00000004)
    __main_after_scatterload                 0x08000139   Thumb Code     0  entry5.o(.ARM.Collect$$$$00000004)
    _main_clock                              0x08000139   Thumb Code     0  entry7b.o(.ARM.Collect$$$$00000008)
    _main_cpp_init                           0x08000139   Thumb Code     0  entry8b.o(.ARM.Collect$$$$0000000A)
    _main_init                               0x08000139   Thumb Code     0  entry9a.o(.ARM.Collect$$$$0000000B)
    __rt_final_cpp                           0x08000141   Thumb Code     0  entry10a.o(.ARM.Collect$$$$0000000D)
    __rt_final_exit                          0x08000141   Thumb Code     0  entry11a.o(.ARM.Collect$$$$0000000F)
    Reset_Handler                            0x08000145   Thumb Code     8  startup_stm32f103xe.o(.text)
    ADC1_2_IRQHandler                        0x0800015f   Thumb Code     0  startup_stm32f103xe.o(.text)
    ADC3_IRQHandler                          0x0800015f   Thumb Code     0  startup_stm32f103xe.o(.text)
    CAN1_RX1_IRQHandler                      0x0800015f   Thumb Code     0  startup_stm32f103xe.o(.text)
    CAN1_SCE_IRQHandler                      0x0800015f   Thumb Code     0  startup_stm32f103xe.o(.text)
    DMA1_Channel1_IRQHandler                 0x0800015f   Thumb Code     0  startup_stm32f103xe.o(.text)
    DMA1_Channel2_IRQHandler                 0x0800015f   Thumb Code     0  startup_stm32f103xe.o(.text)
    DMA1_Channel3_IRQHandler                 0x0800015f   Thumb Code     0  startup_stm32f103xe.o(.text)
    DMA1_Channel4_IRQHandler                 0x0800015f   Thumb Code     0  startup_stm32f103xe.o(.text)
    DMA1_Channel5_IRQHandler                 0x0800015f   Thumb Code     0  startup_stm32f103xe.o(.text)
    DMA1_Channel6_IRQHandler                 0x0800015f   Thumb Code     0  startup_stm32f103xe.o(.text)
    DMA1_Channel7_IRQHandler                 0x0800015f   Thumb Code     0  startup_stm32f103xe.o(.text)
    DMA2_Channel1_IRQHandler                 0x0800015f   Thumb Code     0  startup_stm32f103xe.o(.text)
    DMA2_Channel2_IRQHandler                 0x0800015f   Thumb Code     0  startup_stm32f103xe.o(.text)
    DMA2_Channel3_IRQHandler                 0x0800015f   Thumb Code     0  startup_stm32f103xe.o(.text)
    DMA2_Channel4_5_IRQHandler               0x0800015f   Thumb Code     0  startup_stm32f103xe.o(.text)
    EXTI0_IRQHandler                         0x0800015f   Thumb Code     0  startup_stm32f103xe.o(.text)
    EXTI15_10_IRQHandler                     0x0800015f   Thumb Code     0  startup_stm32f103xe.o(.text)
    EXTI1_IRQHandler                         0x0800015f   Thumb Code     0  startup_stm32f103xe.o(.text)
    EXTI2_IRQHandler                         0x0800015f   Thumb Code     0  startup_stm32f103xe.o(.text)
    EXTI3_IRQHandler                         0x0800015f   Thumb Code     0  startup_stm32f103xe.o(.text)
    EXTI4_IRQHandler                         0x0800015f   Thumb Code     0  startup_stm32f103xe.o(.text)
    EXTI9_5_IRQHandler                       0x0800015f   Thumb Code     0  startup_stm32f103xe.o(.text)
    FLASH_IRQHandler                         0x0800015f   Thumb Code     0  startup_stm32f103xe.o(.text)
    FSMC_IRQHandler                          0x0800015f   Thumb Code     0  startup_stm32f103xe.o(.text)
    I2C1_ER_IRQHandler                       0x0800015f   Thumb Code     0  startup_stm32f103xe.o(.text)
    I2C1_EV_IRQHandler                       0x0800015f   Thumb Code     0  startup_stm32f103xe.o(.text)
    I2C2_ER_IRQHandler                       0x0800015f   Thumb Code     0  startup_stm32f103xe.o(.text)
    I2C2_EV_IRQHandler                       0x0800015f   Thumb Code     0  startup_stm32f103xe.o(.text)
    PVD_IRQHandler                           0x0800015f   Thumb Code     0  startup_stm32f103xe.o(.text)
    RCC_IRQHandler                           0x0800015f   Thumb Code     0  startup_stm32f103xe.o(.text)
    RTC_Alarm_IRQHandler                     0x0800015f   Thumb Code     0  startup_stm32f103xe.o(.text)
    RTC_IRQHandler                           0x0800015f   Thumb Code     0  startup_stm32f103xe.o(.text)
    SDIO_IRQHandler                          0x0800015f   Thumb Code     0  startup_stm32f103xe.o(.text)
    SPI1_IRQHandler                          0x0800015f   Thumb Code     0  startup_stm32f103xe.o(.text)
    SPI2_IRQHandler                          0x0800015f   Thumb Code     0  startup_stm32f103xe.o(.text)
    SPI3_IRQHandler                          0x0800015f   Thumb Code     0  startup_stm32f103xe.o(.text)
    TAMPER_IRQHandler                        0x0800015f   Thumb Code     0  startup_stm32f103xe.o(.text)
    TIM1_BRK_IRQHandler                      0x0800015f   Thumb Code     0  startup_stm32f103xe.o(.text)
    TIM1_CC_IRQHandler                       0x0800015f   Thumb Code     0  startup_stm32f103xe.o(.text)
    TIM1_TRG_COM_IRQHandler                  0x0800015f   Thumb Code     0  startup_stm32f103xe.o(.text)
    TIM1_UP_IRQHandler                       0x0800015f   Thumb Code     0  startup_stm32f103xe.o(.text)
    TIM2_IRQHandler                          0x0800015f   Thumb Code     0  startup_stm32f103xe.o(.text)
    TIM3_IRQHandler                          0x0800015f   Thumb Code     0  startup_stm32f103xe.o(.text)
    TIM4_IRQHandler                          0x0800015f   Thumb Code     0  startup_stm32f103xe.o(.text)
    TIM5_IRQHandler                          0x0800015f   Thumb Code     0  startup_stm32f103xe.o(.text)
    TIM6_IRQHandler                          0x0800015f   Thumb Code     0  startup_stm32f103xe.o(.text)
    TIM7_IRQHandler                          0x0800015f   Thumb Code     0  startup_stm32f103xe.o(.text)
    TIM8_BRK_IRQHandler                      0x0800015f   Thumb Code     0  startup_stm32f103xe.o(.text)
    TIM8_CC_IRQHandler                       0x0800015f   Thumb Code     0  startup_stm32f103xe.o(.text)
    TIM8_TRG_COM_IRQHandler                  0x0800015f   Thumb Code     0  startup_stm32f103xe.o(.text)
    UART4_IRQHandler                         0x0800015f   Thumb Code     0  startup_stm32f103xe.o(.text)
    UART5_IRQHandler                         0x0800015f   Thumb Code     0  startup_stm32f103xe.o(.text)
    USART1_IRQHandler                        0x0800015f   Thumb Code     0  startup_stm32f103xe.o(.text)
    USART2_IRQHandler                        0x0800015f   Thumb Code     0  startup_stm32f103xe.o(.text)
    USART3_IRQHandler                        0x0800015f   Thumb Code     0  startup_stm32f103xe.o(.text)
    USBWakeUp_IRQHandler                     0x0800015f   Thumb Code     0  startup_stm32f103xe.o(.text)
    USB_HP_CAN1_TX_IRQHandler                0x0800015f   Thumb Code     0  startup_stm32f103xe.o(.text)
    WWDG_IRQHandler                          0x0800015f   Thumb Code     0  startup_stm32f103xe.o(.text)
    __aeabi_llsr                             0x08000169   Thumb Code    32  llushr.o(.text)
    _ll_ushift_r                             0x08000169   Thumb Code     0  llushr.o(.text)
    __aeabi_memcpy                           0x08000189   Thumb Code    36  memcpya.o(.text)
    __aeabi_memcpy4                          0x08000189   Thumb Code     0  memcpya.o(.text)
    __aeabi_memcpy8                          0x08000189   Thumb Code     0  memcpya.o(.text)
    __aeabi_memset                           0x080001ad   Thumb Code    14  memseta.o(.text)
    __aeabi_memset4                          0x080001ad   Thumb Code     0  memseta.o(.text)
    __aeabi_memset8                          0x080001ad   Thumb Code     0  memseta.o(.text)
    __aeabi_memclr                           0x080001bb   Thumb Code     4  memseta.o(.text)
    __aeabi_memclr4                          0x080001bb   Thumb Code     0  memseta.o(.text)
    __aeabi_memclr8                          0x080001bb   Thumb Code     0  memseta.o(.text)
    _memset$wrapper                          0x080001bf   Thumb Code    18  memseta.o(.text)
    strlen                                   0x080001d1   Thumb Code    14  strlen.o(.text)
    __aeabi_uidiv                            0x080001df   Thumb Code     0  uidiv.o(.text)
    __aeabi_uidivmod                         0x080001df   Thumb Code    44  uidiv.o(.text)
    __aeabi_uldivmod                         0x0800020b   Thumb Code    98  uldiv.o(.text)
    __I$use$fp                               0x0800026d   Thumb Code     0  iusefp.o(.text)
    __aeabi_dadd                             0x0800026d   Thumb Code   322  dadd.o(.text)
    __aeabi_dsub                             0x080003af   Thumb Code     6  dadd.o(.text)
    __aeabi_drsub                            0x080003b5   Thumb Code     6  dadd.o(.text)
    __aeabi_dmul                             0x080003bb   Thumb Code   228  dmul.o(.text)
    __aeabi_ddiv                             0x0800049f   Thumb Code   222  ddiv.o(.text)
    __aeabi_d2ulz                            0x0800057d   Thumb Code    48  dfixul.o(.text)
    __aeabi_cdrcmple                         0x080005ad   Thumb Code    48  cdrcmple.o(.text)
    __scatterload                            0x080005dd   Thumb Code    28  init.o(.text)
    __scatterload_rt2                        0x080005dd   Thumb Code     0  init.o(.text)
    __aeabi_llsl                             0x08000601   Thumb Code    30  llshl.o(.text)
    _ll_shift_l                              0x08000601   Thumb Code     0  llshl.o(.text)
    __aeabi_lasr                             0x0800061f   Thumb Code    36  llsshr.o(.text)
    _ll_sshift_r                             0x0800061f   Thumb Code     0  llsshr.o(.text)
    _double_round                            0x08000643   Thumb Code    30  depilogue.o(.text)
    _double_epilogue                         0x08000661   Thumb Code   156  depilogue.o(.text)
    BSP_PlatformIsDetected                   0x080006fd   Thumb Code    20  fatfs_platform.o(i.BSP_PlatformIsDetected)
    BSP_SD_GetCardInfo                       0x08000715   Thumb Code     8  bsp_driver_sd.o(i.BSP_SD_GetCardInfo)
    BSP_SD_GetStatus                         0x08000721   Thumb Code     6  bsp_driver_sd.o(i.BSP_SD_GetStatus)
    BSP_SD_Init                              0x0800072d   Thumb Code    44  bsp_driver_sd.o(i.BSP_SD_Init)
    BSP_SD_IsDetected                        0x08000761   Thumb Code    26  bsp_driver_sd.o(i.BSP_SD_IsDetected)
    BSP_SD_ReadBlocks                        0x0800077d   Thumb Code    26  bsp_driver_sd.o(i.BSP_SD_ReadBlocks)
    BSP_SD_WriteBlocks                       0x0800079d   Thumb Code    26  bsp_driver_sd.o(i.BSP_SD_WriteBlocks)
    BusFault_Handler                         0x080007bd   Thumb Code     2  stm32f1xx_it.o(i.BusFault_Handler)
    DebugMon_Handler                         0x08000aa9   Thumb Code     2  stm32f1xx_it.o(i.DebugMon_Handler)
    Error_Handler                            0x08000aab   Thumb Code     2  main.o(i.Error_Handler)
    FATFS_LinkDriver                         0x08000aad   Thumb Code     6  ff_gen_drv.o(i.FATFS_LinkDriver)
    FATFS_LinkDriverEx                       0x08000ab5   Thumb Code    60  ff_gen_drv.o(i.FATFS_LinkDriverEx)
    HAL_Delay                                0x08000af5   Thumb Code    22  stm32f1xx_hal.o(i.HAL_Delay)
    HAL_GPIO_DeInit                          0x08000b0d   Thumb Code   224  stm32f1xx_hal_gpio.o(i.HAL_GPIO_DeInit)
    HAL_GPIO_Init                            0x08000c0d   Thumb Code   446  stm32f1xx_hal_gpio.o(i.HAL_GPIO_Init)
    HAL_GPIO_ReadPin                         0x08000df5   Thumb Code    10  stm32f1xx_hal_gpio.o(i.HAL_GPIO_ReadPin)
    HAL_GPIO_WritePin                        0x08000dff   Thumb Code    10  stm32f1xx_hal_gpio.o(i.HAL_GPIO_WritePin)
    HAL_GetTick                              0x08000e09   Thumb Code     6  stm32f1xx_hal.o(i.HAL_GetTick)
    HAL_IncTick                              0x08000e15   Thumb Code    10  stm32f1xx_hal.o(i.HAL_IncTick)
    HAL_Init                                 0x08000e25   Thumb Code    32  stm32f1xx_hal.o(i.HAL_Init)
    HAL_InitTick                             0x08000e49   Thumb Code    98  stm32f1xx_hal_timebase_tim.o(i.HAL_InitTick)
    HAL_MspInit                              0x08000ebd   Thumb Code   118  stm32f1xx_hal_msp.o(i.HAL_MspInit)
    HAL_NVIC_EnableIRQ                       0x08000f3d   Thumb Code    22  stm32f1xx_hal_cortex.o(i.HAL_NVIC_EnableIRQ)
    HAL_NVIC_SetPriority                     0x08000f55   Thumb Code    60  stm32f1xx_hal_cortex.o(i.HAL_NVIC_SetPriority)
    HAL_NVIC_SetPriorityGrouping             0x08000f95   Thumb Code    26  stm32f1xx_hal_cortex.o(i.HAL_NVIC_SetPriorityGrouping)
    HAL_PCDEx_PMAConfig                      0x08000fb9   Thumb Code    52  stm32f1xx_hal_pcd_ex.o(i.HAL_PCDEx_PMAConfig)
    HAL_PCDEx_SetConnectionState             0x08000fed   Thumb Code     2  usbd_conf.o(i.HAL_PCDEx_SetConnectionState)
    HAL_PCD_DataInStageCallback              0x08000fef   Thumb Code    14  usbd_conf.o(i.HAL_PCD_DataInStageCallback)
    HAL_PCD_DataOutStageCallback             0x08000ffd   Thumb Code    16  usbd_conf.o(i.HAL_PCD_DataOutStageCallback)
    HAL_PCD_EP_ClrStall                      0x0800100d   Thumb Code    72  stm32f1xx_hal_pcd.o(i.HAL_PCD_EP_ClrStall)
    HAL_PCD_EP_Open                          0x08001055   Thumb Code    68  stm32f1xx_hal_pcd.o(i.HAL_PCD_EP_Open)
    HAL_PCD_EP_Receive                       0x08001099   Thumb Code    64  stm32f1xx_hal_pcd.o(i.HAL_PCD_EP_Receive)
    HAL_PCD_EP_SetStall                      0x080010d9   Thumb Code    86  stm32f1xx_hal_pcd.o(i.HAL_PCD_EP_SetStall)
    HAL_PCD_EP_Transmit                      0x0800112f   Thumb Code    62  stm32f1xx_hal_pcd.o(i.HAL_PCD_EP_Transmit)
    HAL_PCD_IRQHandler                       0x0800116d   Thumb Code   266  stm32f1xx_hal_pcd.o(i.HAL_PCD_IRQHandler)
    HAL_PCD_Init                             0x08001279   Thumb Code   192  stm32f1xx_hal_pcd.o(i.HAL_PCD_Init)
    HAL_PCD_MspInit                          0x08001339   Thumb Code    50  usbd_conf.o(i.HAL_PCD_MspInit)
    HAL_PCD_ResetCallback                    0x08001375   Thumb Code    26  usbd_conf.o(i.HAL_PCD_ResetCallback)
    HAL_PCD_ResumeCallback                   0x0800138f   Thumb Code     8  usbd_conf.o(i.HAL_PCD_ResumeCallback)
    HAL_PCD_SOFCallback                      0x08001397   Thumb Code     8  usbd_conf.o(i.HAL_PCD_SOFCallback)
    HAL_PCD_SetAddress                       0x0800139f   Thumb Code    40  stm32f1xx_hal_pcd.o(i.HAL_PCD_SetAddress)
    HAL_PCD_SetupStageCallback               0x080013c7   Thumb Code    14  usbd_conf.o(i.HAL_PCD_SetupStageCallback)
    HAL_PCD_Start                            0x080013d5   Thumb Code    50  stm32f1xx_hal_pcd.o(i.HAL_PCD_Start)
    HAL_PCD_Stop                             0x08001407   Thumb Code    48  stm32f1xx_hal_pcd.o(i.HAL_PCD_Stop)
    HAL_PCD_SuspendCallback                  0x08001439   Thumb Code    30  usbd_conf.o(i.HAL_PCD_SuspendCallback)
    HAL_RCCEx_PeriphCLKConfig                0x0800145d   Thumb Code   288  stm32f1xx_hal_rcc_ex.o(i.HAL_RCCEx_PeriphCLKConfig)
    HAL_RCC_CSSCallback                      0x08001589   Thumb Code     2  stm32f1xx_hal_rcc.o(i.HAL_RCC_CSSCallback)
    HAL_RCC_ClockConfig                      0x0800158d   Thumb Code   374  stm32f1xx_hal_rcc.o(i.HAL_RCC_ClockConfig)
    HAL_RCC_EnableCSS                        0x08001715   Thumb Code    20  stm32f1xx_hal_rcc.o(i.HAL_RCC_EnableCSS)
    HAL_RCC_GetClockConfig                   0x0800172d   Thumb Code    54  stm32f1xx_hal_rcc.o(i.HAL_RCC_GetClockConfig)
    HAL_RCC_GetHCLKFreq                      0x0800176d   Thumb Code     6  stm32f1xx_hal_rcc.o(i.HAL_RCC_GetHCLKFreq)
    HAL_RCC_GetPCLK1Freq                     0x08001779   Thumb Code    34  stm32f1xx_hal_rcc.o(i.HAL_RCC_GetPCLK1Freq)
    HAL_RCC_GetPCLK2Freq                     0x080017a9   Thumb Code    34  stm32f1xx_hal_rcc.o(i.HAL_RCC_GetPCLK2Freq)
    HAL_RCC_GetSysClockFreq                  0x080017d9   Thumb Code   102  stm32f1xx_hal_rcc.o(i.HAL_RCC_GetSysClockFreq)
    HAL_RCC_NMI_IRQHandler                   0x08001861   Thumb Code    20  stm32f1xx_hal_rcc.o(i.HAL_RCC_NMI_IRQHandler)
    HAL_RCC_OscConfig                        0x08001879   Thumb Code  1406  stm32f1xx_hal_rcc.o(i.HAL_RCC_OscConfig)
    HAL_SD_DeInit                            0x08001df7   Thumb Code    20  stm32f1xx_hal_sd.o(i.HAL_SD_DeInit)
    HAL_SD_GetStatus                         0x08001e0b   Thumb Code    26  stm32f1xx_hal_sd.o(i.HAL_SD_GetStatus)
    HAL_SD_Get_CardInfo                      0x08001e25   Thumb Code   696  stm32f1xx_hal_sd.o(i.HAL_SD_Get_CardInfo)
    HAL_SD_Init                              0x080020dd   Thumb Code   190  stm32f1xx_hal_sd.o(i.HAL_SD_Init)
    HAL_SD_MspDeInit                         0x0800219d   Thumb Code    44  stm32f1xx_hal_msp.o(i.HAL_SD_MspDeInit)
    HAL_SD_MspInit                           0x080021d9   Thumb Code    72  stm32f1xx_hal_msp.o(i.HAL_SD_MspInit)
    HAL_SD_ReadBlocks                        0x08002231   Thumb Code   400  stm32f1xx_hal_sd.o(i.HAL_SD_ReadBlocks)
    HAL_SD_StopTransfer                      0x080023c1   Thumb Code    52  stm32f1xx_hal_sd.o(i.HAL_SD_StopTransfer)
    HAL_SD_WideBusOperation_Config           0x080023f5   Thumb Code   128  stm32f1xx_hal_sd.o(i.HAL_SD_WideBusOperation_Config)
    HAL_SD_WriteBlocks                       0x08002475   Thumb Code   488  stm32f1xx_hal_sd.o(i.HAL_SD_WriteBlocks)
    HAL_SYSTICK_CLKSourceConfig              0x0800265d   Thumb Code    24  stm32f1xx_hal_cortex.o(i.HAL_SYSTICK_CLKSourceConfig)
    HAL_SYSTICK_Callback                     0x08002675   Thumb Code     2  stm32f1xx_hal_cortex.o(i.HAL_SYSTICK_Callback)
    HAL_SYSTICK_Config                       0x08002677   Thumb Code    40  stm32f1xx_hal_cortex.o(i.HAL_SYSTICK_Config)
    HAL_SYSTICK_IRQHandler                   0x0800269f   Thumb Code     8  stm32f1xx_hal_cortex.o(i.HAL_SYSTICK_IRQHandler)
    HAL_TIMEx_BreakCallback                  0x080026a7   Thumb Code     2  stm32f1xx_hal_tim_ex.o(i.HAL_TIMEx_BreakCallback)
    HAL_TIMEx_CommutationCallback            0x080026a9   Thumb Code     2  stm32f1xx_hal_tim_ex.o(i.HAL_TIMEx_CommutationCallback)
    HAL_TIM_Base_Init                        0x080026ab   Thumb Code    54  stm32f1xx_hal_tim.o(i.HAL_TIM_Base_Init)
    HAL_TIM_Base_MspInit                     0x080026e1   Thumb Code     2  stm32f1xx_hal_tim.o(i.HAL_TIM_Base_MspInit)
    HAL_TIM_Base_Start_IT                    0x080026e3   Thumb Code    24  stm32f1xx_hal_tim.o(i.HAL_TIM_Base_Start_IT)
    HAL_TIM_IC_CaptureCallback               0x080026fb   Thumb Code     2  stm32f1xx_hal_tim.o(i.HAL_TIM_IC_CaptureCallback)
    HAL_TIM_IRQHandler                       0x080026fd   Thumb Code   358  stm32f1xx_hal_tim.o(i.HAL_TIM_IRQHandler)
    HAL_TIM_OC_DelayElapsedCallback          0x08002863   Thumb Code     2  stm32f1xx_hal_tim.o(i.HAL_TIM_OC_DelayElapsedCallback)
    HAL_TIM_PWM_PulseFinishedCallback        0x08002865   Thumb Code     2  stm32f1xx_hal_tim.o(i.HAL_TIM_PWM_PulseFinishedCallback)
    HAL_TIM_PeriodElapsedCallback            0x08002869   Thumb Code    14  main.o(i.HAL_TIM_PeriodElapsedCallback)
    HAL_TIM_TriggerCallback                  0x0800287d   Thumb Code     2  stm32f1xx_hal_tim.o(i.HAL_TIM_TriggerCallback)
    HAL_UART_Init                            0x0800287f   Thumb Code    94  stm32f1xx_hal_uart.o(i.HAL_UART_Init)
    HAL_UART_MspInit                         0x080028dd   Thumb Code    74  stm32f1xx_hal_msp.o(i.HAL_UART_MspInit)
    HardFault_Handler                        0x08002935   Thumb Code     2  stm32f1xx_it.o(i.HardFault_Handler)
    MX_FATFS_Init                            0x08002951   Thumb Code    18  fatfs.o(i.MX_FATFS_Init)
    MX_USB_DEVICE_Init                       0x08002a2d   Thumb Code    38  usb_device.o(i.MX_USB_DEVICE_Init)
    MemManage_Handler                        0x08002a65   Thumb Code     2  stm32f1xx_it.o(i.MemManage_Handler)
    NMI_Handler                              0x08002a67   Thumb Code     4  stm32f1xx_it.o(i.NMI_Handler)
    OLEDInit                                 0x08002a8d   Thumb Code   120  main.o(i.OLEDInit)
    PendSV_Handler                           0x08002ea7   Thumb Code     2  stm32f1xx_it.o(i.PendSV_Handler)
    SDIO_DataConfig                          0x08002ea9   Thumb Code    36  stm32f1xx_ll_sdmmc.o(i.SDIO_DataConfig)
    SDIO_GetCommandResponse                  0x08002ecd   Thumb Code     6  stm32f1xx_ll_sdmmc.o(i.SDIO_GetCommandResponse)
    SDIO_GetPowerState                       0x08002ed3   Thumb Code     8  stm32f1xx_ll_sdmmc.o(i.SDIO_GetPowerState)
    SDIO_GetResponse                         0x08002edd   Thumb Code    12  stm32f1xx_ll_sdmmc.o(i.SDIO_GetResponse)
    SDIO_Init                                0x08002eed   Thumb Code    36  stm32f1xx_ll_sdmmc.o(i.SDIO_Init)
    SDIO_PowerState_OFF                      0x08002f11   Thumb Code     8  stm32f1xx_ll_sdmmc.o(i.SDIO_PowerState_OFF)
    SDIO_PowerState_ON                       0x08002f19   Thumb Code     8  stm32f1xx_ll_sdmmc.o(i.SDIO_PowerState_ON)
    SDIO_ReadFIFO                            0x08002f21   Thumb Code     6  stm32f1xx_ll_sdmmc.o(i.SDIO_ReadFIFO)
    SDIO_SendCommand                         0x08002f27   Thumb Code    32  stm32f1xx_ll_sdmmc.o(i.SDIO_SendCommand)
    SDIO_WriteFIFO                           0x08002f47   Thumb Code    10  stm32f1xx_ll_sdmmc.o(i.SDIO_WriteFIFO)
    SD_initialize                            0x08003749   Thumb Code    26  sd_diskio.o(i.SD_initialize)
    SD_ioctl                                 0x08003769   Thumb Code    74  sd_diskio.o(i.SD_ioctl)
    SD_read                                  0x080037b9   Thumb Code    30  sd_diskio.o(i.SD_read)
    SD_status                                0x080037d9   Thumb Code    26  sd_diskio.o(i.SD_status)
    SD_write                                 0x080037f9   Thumb Code    30  sd_diskio.o(i.SD_write)
    SVC_Handler                              0x08003817   Thumb Code     2  stm32f1xx_it.o(i.SVC_Handler)
    SoftIICInit                              0x08003819   Thumb Code    74  main.o(i.SoftIICInit)
    SysTick_Handler                          0x08003879   Thumb Code     4  stm32f1xx_it.o(i.SysTick_Handler)
    SystemClock_Config                       0x0800387d   Thumb Code   124  main.o(i.SystemClock_Config)
    SystemInit                               0x080038f9   Thumb Code    56  system_stm32f1xx.o(i.SystemInit)
    TIM8_UP_IRQHandler                       0x08003941   Thumb Code     6  stm32f1xx_it.o(i.TIM8_UP_IRQHandler)
    TIM_Base_SetConfig                       0x0800394d   Thumb Code   112  stm32f1xx_hal_tim.o(i.TIM_Base_SetConfig)
    USBD_ClrClassConfig                      0x08003b41   Thumb Code    14  usbd_core.o(i.USBD_ClrClassConfig)
    USBD_CtlContinueRx                       0x08003b4f   Thumb Code    16  usbd_ioreq.o(i.USBD_CtlContinueRx)
    USBD_CtlContinueSendData                 0x08003b5f   Thumb Code    16  usbd_ioreq.o(i.USBD_CtlContinueSendData)
    USBD_CtlError                            0x08003b6f   Thumb Code    22  usbd_ctlreq.o(i.USBD_CtlError)
    USBD_CtlPrepareRx                        0x08003b85   Thumb Code    30  usbd_ioreq.o(i.USBD_CtlPrepareRx)
    USBD_CtlReceiveStatus                    0x08003ba3   Thumb Code    22  usbd_ioreq.o(i.USBD_CtlReceiveStatus)
    USBD_CtlSendData                         0x08003bb9   Thumb Code    26  usbd_ioreq.o(i.USBD_CtlSendData)
    USBD_CtlSendStatus                       0x08003bd3   Thumb Code    22  usbd_ioreq.o(i.USBD_CtlSendStatus)
    USBD_DFU_RegisterMedia                   0x08003d9f   Thumb Code    10  usbd_dfu.o(i.USBD_DFU_RegisterMedia)
    USBD_FS_ConfigStrDescriptor              0x08003ee1   Thumb Code    16  usbd_desc.o(i.USBD_FS_ConfigStrDescriptor)
    USBD_FS_DeviceDescriptor                 0x08003f01   Thumb Code     8  usbd_desc.o(i.USBD_FS_DeviceDescriptor)
    USBD_FS_InterfaceStrDescriptor           0x08003f0d   Thumb Code    16  usbd_desc.o(i.USBD_FS_InterfaceStrDescriptor)
    USBD_FS_LangIDStrDescriptor              0x08003f31   Thumb Code     8  usbd_desc.o(i.USBD_FS_LangIDStrDescriptor)
    USBD_FS_ManufacturerStrDescriptor        0x08003f3d   Thumb Code    16  usbd_desc.o(i.USBD_FS_ManufacturerStrDescriptor)
    USBD_FS_ProductStrDescriptor             0x08003f59   Thumb Code    16  usbd_desc.o(i.USBD_FS_ProductStrDescriptor)
    USBD_FS_SerialStrDescriptor              0x08003f8d   Thumb Code    16  usbd_desc.o(i.USBD_FS_SerialStrDescriptor)
    USBD_GetString                           0x080040a3   Thumb Code    70  usbd_ctlreq.o(i.USBD_GetString)
    USBD_Init                                0x080040e9   Thumb Code    42  usbd_core.o(i.USBD_Init)
    USBD_LL_ClearStallEP                     0x08004113   Thumb Code    14  usbd_conf.o(i.USBD_LL_ClearStallEP)
    USBD_LL_DataInStage                      0x08004121   Thumb Code   170  usbd_core.o(i.USBD_LL_DataInStage)
    USBD_LL_DataOutStage                     0x080041cb   Thumb Code   106  usbd_core.o(i.USBD_LL_DataOutStage)
    USBD_LL_Init                             0x08004235   Thumb Code    82  usbd_conf.o(i.USBD_LL_Init)
    USBD_LL_IsStallEP                        0x08004291   Thumb Code    28  usbd_conf.o(i.USBD_LL_IsStallEP)
    USBD_LL_OpenEP                           0x080042ad   Thumb Code    20  usbd_conf.o(i.USBD_LL_OpenEP)
    USBD_LL_PrepareReceive                   0x080042c1   Thumb Code    14  usbd_conf.o(i.USBD_LL_PrepareReceive)
    USBD_LL_Reset                            0x080042cf   Thumb Code    62  usbd_core.o(i.USBD_LL_Reset)
    USBD_LL_Resume                           0x0800430d   Thumb Code    12  usbd_core.o(i.USBD_LL_Resume)
    USBD_LL_SOF                              0x08004319   Thumb Code    24  usbd_core.o(i.USBD_LL_SOF)
    USBD_LL_SetSpeed                         0x08004331   Thumb Code     6  usbd_core.o(i.USBD_LL_SetSpeed)
    USBD_LL_SetUSBAddress                    0x08004337   Thumb Code    14  usbd_conf.o(i.USBD_LL_SetUSBAddress)
    USBD_LL_SetupStage                       0x08004345   Thumb Code    90  usbd_core.o(i.USBD_LL_SetupStage)
    USBD_LL_StallEP                          0x0800439f   Thumb Code    14  usbd_conf.o(i.USBD_LL_StallEP)
    USBD_LL_Start                            0x080043ad   Thumb Code    14  usbd_conf.o(i.USBD_LL_Start)
    USBD_LL_Stop                             0x080043bb   Thumb Code    14  usbd_conf.o(i.USBD_LL_Stop)
    USBD_LL_Suspend                          0x080043c9   Thumb Code    18  usbd_core.o(i.USBD_LL_Suspend)
    USBD_LL_Transmit                         0x080043db   Thumb Code    14  usbd_conf.o(i.USBD_LL_Transmit)
    USBD_ParseSetupRequest                   0x080043e9   Thumb Code    40  usbd_ctlreq.o(i.USBD_ParseSetupRequest)
    USBD_RegisterClass                       0x08004411   Thumb Code    16  usbd_core.o(i.USBD_RegisterClass)
    USBD_SetClassConfig                      0x08004421   Thumb Code    22  usbd_core.o(i.USBD_SetClassConfig)
    USBD_Start                               0x080044ad   Thumb Code    10  usbd_core.o(i.USBD_Start)
    USBD_StdDevReq                           0x080044b7   Thumb Code   242  usbd_ctlreq.o(i.USBD_StdDevReq)
    USBD_StdEPReq                            0x080045a9   Thumb Code   220  usbd_ctlreq.o(i.USBD_StdEPReq)
    USBD_StdItfReq                           0x08004685   Thumb Code    52  usbd_ctlreq.o(i.USBD_StdItfReq)
    USBD_Stop                                0x080046b9   Thumb Code    26  usbd_core.o(i.USBD_Stop)
    USBD_static_free                         0x080046d3   Thumb Code     2  usbd_conf.o(i.USBD_static_free)
    USBD_static_malloc                       0x080046d5   Thumb Code     4  usbd_conf.o(i.USBD_static_malloc)
    USB_ActivateEndpoint                     0x080046dd   Thumb Code   604  stm32f1xx_ll_usb.o(i.USB_ActivateEndpoint)
    USB_CoreInit                             0x08004939   Thumb Code     4  stm32f1xx_ll_usb.o(i.USB_CoreInit)
    USB_DevConnect                           0x0800493d   Thumb Code     4  stm32f1xx_ll_usb.o(i.USB_DevConnect)
    USB_DevDisconnect                        0x08004941   Thumb Code     4  stm32f1xx_ll_usb.o(i.USB_DevDisconnect)
    USB_DevInit                              0x08004945   Thumb Code    18  stm32f1xx_ll_usb.o(i.USB_DevInit)
    USB_DisableGlobalInt                     0x08004957   Thumb Code    14  stm32f1xx_ll_usb.o(i.USB_DisableGlobalInt)
    USB_EP0_OutStart                         0x08004965   Thumb Code     4  stm32f1xx_ll_usb.o(i.USB_EP0_OutStart)
    USB_EPClearStall                         0x08004969   Thumb Code   106  stm32f1xx_ll_usb.o(i.USB_EPClearStall)
    USB_EPSetStall                           0x080049d3   Thumb Code    74  stm32f1xx_ll_usb.o(i.USB_EPSetStall)
    USB_EPStartXfer                          0x08004a1d   Thumb Code   426  stm32f1xx_ll_usb.o(i.USB_EPStartXfer)
    USB_EnableGlobalInt                      0x08004bc7   Thumb Code    14  stm32f1xx_ll_usb.o(i.USB_EnableGlobalInt)
    USB_LP_CAN1_RX0_IRQHandler               0x08004bd5   Thumb Code     6  stm32f1xx_it.o(i.USB_LP_CAN1_RX0_IRQHandler)
    USB_ReadInterrupts                       0x08004be1   Thumb Code     6  stm32f1xx_ll_usb.o(i.USB_ReadInterrupts)
    USB_ReadPMA                              0x08004be9   Thumb Code    30  stm32f1xx_ll_usb.o(i.USB_ReadPMA)
    USB_SetCurrentMode                       0x08004c07   Thumb Code     4  stm32f1xx_ll_usb.o(i.USB_SetCurrentMode)
    USB_SetDevAddress                        0x08004c0b   Thumb Code    12  stm32f1xx_ll_usb.o(i.USB_SetDevAddress)
    USB_StopDevice                           0x08004c17   Thumb Code    18  stm32f1xx_ll_usb.o(i.USB_StopDevice)
    USB_WritePMA                             0x08004c29   Thumb Code    38  stm32f1xx_ll_usb.o(i.USB_WritePMA)
    UsageFault_Handler                       0x08004c4f   Thumb Code     2  stm32f1xx_it.o(i.UsageFault_Handler)
    __0vsprintf                              0x08004c51   Thumb Code    30  printfa.o(i.__0vsprintf)
    __1vsprintf                              0x08004c51   Thumb Code     0  printfa.o(i.__0vsprintf)
    __2vsprintf                              0x08004c51   Thumb Code     0  printfa.o(i.__0vsprintf)
    __c89vsprintf                            0x08004c51   Thumb Code     0  printfa.o(i.__0vsprintf)
    vsprintf                                 0x08004c51   Thumb Code     0  printfa.o(i.__0vsprintf)
    __scatterload_copy                       0x08004c75   Thumb Code    14  handlers.o(i.__scatterload_copy)
    __scatterload_null                       0x08004c83   Thumb Code     2  handlers.o(i.__scatterload_null)
    __scatterload_zeroinit                   0x08004c85   Thumb Code    14  handlers.o(i.__scatterload_zeroinit)
    _oled_bright                             0x08004e19   Thumb Code    26  main.o(i._oled_bright)
    _oled_clear                              0x08004e33   Thumb Code    64  main.o(i._oled_clear)
    _oled_close                              0x08004e73   Thumb Code    30  main.o(i._oled_close)
    _oled_color                              0x08004e91   Thumb Code     4  main.o(i._oled_color)
    _oled_draw                               0x08004e95   Thumb Code   198  main.o(i._oled_draw)
    _oled_flash                              0x08004f65   Thumb Code    72  main.o(i._oled_flash)
    _oled_font                               0x08004fad   Thumb Code     4  main.o(i._oled_font)
    _oled_init                               0x08004fb1   Thumb Code   318  main.o(i._oled_init)
    _oled_open                               0x080050ef   Thumb Code    30  main.o(i._oled_open)
    _oled_print                              0x0800510d   Thumb Code   100  main.o(i._oled_print)
    _oled_printf                             0x08005171   Thumb Code    58  main.o(i._oled_printf)
    _oled_printfc                            0x080051ab   Thumb Code    82  main.o(i._oled_printfc)
    _oled_setPosition                        0x080051fd   Thumb Code    40  main.o(i._oled_setPosition)
    _oled_trans                              0x08005225   Thumb Code     8  main.o(i._oled_trans)
    _oled_writeCommand                       0x0800522d   Thumb Code    80  main.o(i._oled_writeCommand)
    _oled_writeData                          0x0800527d   Thumb Code    80  main.o(i._oled_writeData)
    _soft_iic_send                           0x080059fd   Thumb Code    64  main.o(i._soft_iic_send)
    _soft_iic_start                          0x08005a3d   Thumb Code    48  main.o(i._soft_iic_start)
    _soft_iic_stop                           0x08005a6d   Thumb Code    38  main.o(i._soft_iic_stop)
    _soft_iic_turn                           0x08005a93   Thumb Code     4  main.o(i._soft_iic_turn)
    _soft_iic_wait                           0x08005a97   Thumb Code    28  main.o(i._soft_iic_wait)
    checkKey                                 0x08005abd   Thumb Code    12  main.o(i.checkKey)
    checkKeyUp                               0x08005ac9   Thumb Code    26  main.o(i.checkKeyUp)
    checkSD                                  0x08005ae5   Thumb Code    78  main.o(i.checkSD)
    free                                     0x08005b69   Thumb Code    76  malloc.o(i.free)
    main                                     0x08005bb9   Thumb Code   706  main.o(i.main)
    malloc                                   0x08005f19   Thumb Code    92  malloc.o(i.malloc)
    scanKeys                                 0x08005f85   Thumb Code   172  main.o(i.scanKeys)
    AHBPrescTable                            0x08006038   Data          16  system_stm32f1xx.o(.constdata)
    APBPrescTable                            0x08006048   Data           8  system_stm32f1xx.o(.constdata)
    __FONTS_SMALL_                           0x08006050   Data         552  main.o(.constdata)
    __FONTS_BIG_                             0x08006278   Data        1520  main.o(.constdata)
    __NYAGAME_LOGO_                          0x08006868   Data        1024  main.o(.constdata)
    SD_Driver                                0x08006c68   Data          20  sd_diskio.o(.constdata)
    Region$$Table$$Base                      0x08006cdc   Number         0  anon$$obj.o(Region$$Table)
    Region$$Table$$Limit                     0x08006cfc   Number         0  anon$$obj.o(Region$$Table)
    SystemCoreClock                          0x20000004   Data           4  system_stm32f1xx.o(.data)
    oled                                     0x20000008   Data           4  main.o(.data)
    FS_Desc                                  0x2000000c   Data          28  usbd_desc.o(.data)
    USBD_LangIDDesc                          0x20000028   Data           4  usbd_desc.o(.data)
    USBD_FS_DeviceDesc                       0x2000002c   Data          18  usbd_desc.o(.data)
    USBD_DFU_fops_FS                         0x20000040   Data          28  usbd_dfu_if.o(.data)
    retSD                                    0x2000005c   Data           1  fatfs.o(.data)
    SD_Path                                  0x2000005d   Data           4  fatfs.o(.data)
    USBD_DFU                                 0x20000064   Data          60  usbd_dfu.o(.data)
    __microlib_freelist                      0x200000c8   Data           4  mvars.o(.data)
    __microlib_freelist_initialised          0x200000cc   Data           4  mvars.o(.data)
    hsd                                      0x200000d0   Data          96  main.o(.bss)
    SDCardInfo                               0x20000130   Data          88  main.o(.bss)
    huart2                                   0x20000188   Data          64  main.o(.bss)
    USBD_StrDesc                             0x200001c8   Data         512  usbd_desc.o(.bss)
    hUsbDeviceFS                             0x200003c8   Data         548  usb_device.o(.bss)
    hpcd_USB_FS                              0x20000a08   Data        1056  usbd_conf.o(.bss)
    htim8                                    0x20000e28   Data          60  stm32f1xx_hal_timebase_tim.o(.bss)
    disk                                     0x20000f64   Data          12  ff_gen_drv.o(.bss)
    __heap_base                              0x20000f70   Data           0  startup_stm32f103xe.o(HEAP)
    __heap_limit                             0x20001170   Data           0  startup_stm32f103xe.o(HEAP)
    __initial_sp                             0x20001570   Data           0  startup_stm32f103xe.o(STACK)



==============================================================================

Memory Map of the image

  Image Entry point : 0x08000131

  Load Region LR_IROM1 (Base: 0x08000000, Size: 0x00006dcc, Max: 0x00040000, ABSOLUTE)

    Execution Region ER_IROM1 (Base: 0x08000000, Size: 0x00006cfc, Max: 0x00040000, ABSOLUTE)

    Base Addr    Size         Type   Attr      Idx    E Section Name        Object

    0x08000000   0x00000130   Data   RO         3905    RESET               startup_stm32f103xe.o
    0x08000130   0x00000000   Code   RO         4808  * .ARM.Collect$$$$00000000  mc_w.l(entry.o)
    0x08000130   0x00000004   Code   RO         4877    .ARM.Collect$$$$00000001  mc_w.l(entry2.o)
    0x08000134   0x00000004   Code   RO         4880    .ARM.Collect$$$$00000004  mc_w.l(entry5.o)
    0x08000138   0x00000000   Code   RO         4882    .ARM.Collect$$$$00000008  mc_w.l(entry7b.o)
    0x08000138   0x00000000   Code   RO         4884    .ARM.Collect$$$$0000000A  mc_w.l(entry8b.o)
    0x08000138   0x00000008   Code   RO         4885    .ARM.Collect$$$$0000000B  mc_w.l(entry9a.o)
    0x08000140   0x00000000   Code   RO         4887    .ARM.Collect$$$$0000000D  mc_w.l(entry10a.o)
    0x08000140   0x00000000   Code   RO         4889    .ARM.Collect$$$$0000000F  mc_w.l(entry11a.o)
    0x08000140   0x00000004   Code   RO         4878    .ARM.Collect$$$$00002712  mc_w.l(entry2.o)
    0x08000144   0x00000024   Code   RO         3906    .text               startup_stm32f103xe.o
    0x08000168   0x00000020   Code   RO         4811    .text               mc_w.l(llushr.o)
    0x08000188   0x00000024   Code   RO         4813    .text               mc_w.l(memcpya.o)
    0x080001ac   0x00000024   Code   RO         4815    .text               mc_w.l(memseta.o)
    0x080001d0   0x0000000e   Code   RO         4817    .text               mc_w.l(strlen.o)
    0x080001de   0x0000002c   Code   RO         4894    .text               mc_w.l(uidiv.o)
    0x0800020a   0x00000062   Code   RO         4896    .text               mc_w.l(uldiv.o)
    0x0800026c   0x00000000   Code   RO         4900    .text               mc_w.l(iusefp.o)
    0x0800026c   0x0000014e   Code   RO         4901    .text               mf_w.l(dadd.o)
    0x080003ba   0x000000e4   Code   RO         4903    .text               mf_w.l(dmul.o)
    0x0800049e   0x000000de   Code   RO         4905    .text               mf_w.l(ddiv.o)
    0x0800057c   0x00000030   Code   RO         4907    .text               mf_w.l(dfixul.o)
    0x080005ac   0x00000030   Code   RO         4909    .text               mf_w.l(cdrcmple.o)
    0x080005dc   0x00000024   Code   RO         4911    .text               mc_w.l(init.o)
    0x08000600   0x0000001e   Code   RO         4914    .text               mc_w.l(llshl.o)
    0x0800061e   0x00000024   Code   RO         4916    .text               mc_w.l(llsshr.o)
    0x08000642   0x000000ba   Code   RO         4919    .text               mf_w.l(depilogue.o)
    0x080006fc   0x00000018   Code   RO         3682    i.BSP_PlatformIsDetected  fatfs_platform.o
    0x08000714   0x0000000c   Code   RO         3803    i.BSP_SD_GetCardInfo  bsp_driver_sd.o
    0x08000720   0x0000000c   Code   RO         3804    i.BSP_SD_GetStatus  bsp_driver_sd.o
    0x0800072c   0x00000034   Code   RO         3807    i.BSP_SD_Init       bsp_driver_sd.o
    0x08000760   0x0000001a   Code   RO         3808    i.BSP_SD_IsDetected  bsp_driver_sd.o
    0x0800077a   0x00000002   PAD
    0x0800077c   0x00000020   Code   RO         3809    i.BSP_SD_ReadBlocks  bsp_driver_sd.o
    0x0800079c   0x00000020   Code   RO         3811    i.BSP_SD_WriteBlocks  bsp_driver_sd.o
    0x080007bc   0x00000002   Code   RO         2950    i.BusFault_Handler  stm32f1xx_it.o
    0x080007be   0x00000002   PAD
    0x080007c0   0x00000070   Code   RO         4176    i.DFU_Detach        usbd_dfu.o
    0x08000830   0x00000066   Code   RO         4177    i.DFU_Download      usbd_dfu.o
    0x08000896   0x00000002   PAD
    0x08000898   0x000000b8   Code   RO         4178    i.DFU_GetStatus     usbd_dfu.o
    0x08000950   0x00000078   Code   RO         4179    i.DFU_Leave         usbd_dfu.o
    0x080009c8   0x000000e0   Code   RO         4180    i.DFU_Upload        usbd_dfu.o
    0x08000aa8   0x00000002   Code   RO         2951    i.DebugMon_Handler  stm32f1xx_it.o
    0x08000aaa   0x00000002   Code   RO         3038    i.Error_Handler     main.o
    0x08000aac   0x00000006   Code   RO         4334    i.FATFS_LinkDriver  ff_gen_drv.o
    0x08000ab2   0x00000002   PAD
    0x08000ab4   0x00000040   Code   RO         4335    i.FATFS_LinkDriverEx  ff_gen_drv.o
    0x08000af4   0x00000016   Code   RO          423    i.HAL_Delay         stm32f1xx_hal.o
    0x08000b0a   0x00000002   PAD
    0x08000b0c   0x00000100   Code   RO         1700    i.HAL_GPIO_DeInit   stm32f1xx_hal_gpio.o
    0x08000c0c   0x000001e8   Code   RO         1703    i.HAL_GPIO_Init     stm32f1xx_hal_gpio.o
    0x08000df4   0x0000000a   Code   RO         1705    i.HAL_GPIO_ReadPin  stm32f1xx_hal_gpio.o
    0x08000dfe   0x0000000a   Code   RO         1707    i.HAL_GPIO_WritePin  stm32f1xx_hal_gpio.o
    0x08000e08   0x0000000c   Code   RO          427    i.HAL_GetTick       stm32f1xx_hal.o
    0x08000e14   0x00000010   Code   RO          428    i.HAL_IncTick       stm32f1xx_hal.o
    0x08000e24   0x00000024   Code   RO          429    i.HAL_Init          stm32f1xx_hal.o
    0x08000e48   0x00000074   Code   RO         3642    i.HAL_InitTick      stm32f1xx_hal_timebase_tim.o
    0x08000ebc   0x00000080   Code   RO         2902    i.HAL_MspInit       stm32f1xx_hal_msp.o
    0x08000f3c   0x00000016   Code   RO         1380    i.HAL_NVIC_EnableIRQ  stm32f1xx_hal_cortex.o
    0x08000f52   0x00000002   PAD
    0x08000f54   0x00000040   Code   RO         1386    i.HAL_NVIC_SetPriority  stm32f1xx_hal_cortex.o
    0x08000f94   0x00000024   Code   RO         1387    i.HAL_NVIC_SetPriorityGrouping  stm32f1xx_hal_cortex.o
    0x08000fb8   0x00000034   Code   RO         2258    i.HAL_PCDEx_PMAConfig  stm32f1xx_hal_pcd_ex.o
    0x08000fec   0x00000002   Code   RO         3435    i.HAL_PCDEx_SetConnectionState  usbd_conf.o
    0x08000fee   0x0000000e   Code   RO         3437    i.HAL_PCD_DataInStageCallback  usbd_conf.o
    0x08000ffc   0x00000010   Code   RO         3438    i.HAL_PCD_DataOutStageCallback  usbd_conf.o
    0x0800100c   0x00000048   Code   RO         2053    i.HAL_PCD_EP_ClrStall  stm32f1xx_hal_pcd.o
    0x08001054   0x00000044   Code   RO         2056    i.HAL_PCD_EP_Open   stm32f1xx_hal_pcd.o
    0x08001098   0x00000040   Code   RO         2057    i.HAL_PCD_EP_Receive  stm32f1xx_hal_pcd.o
    0x080010d8   0x00000056   Code   RO         2058    i.HAL_PCD_EP_SetStall  stm32f1xx_hal_pcd.o
    0x0800112e   0x0000003e   Code   RO         2059    i.HAL_PCD_EP_Transmit  stm32f1xx_hal_pcd.o
    0x0800116c   0x0000010a   Code   RO         2061    i.HAL_PCD_IRQHandler  stm32f1xx_hal_pcd.o
    0x08001276   0x00000002   PAD
    0x08001278   0x000000c0   Code   RO         2064    i.HAL_PCD_Init      stm32f1xx_hal_pcd.o
    0x08001338   0x0000003c   Code   RO         3443    i.HAL_PCD_MspInit   usbd_conf.o
    0x08001374   0x0000001a   Code   RO         3444    i.HAL_PCD_ResetCallback  usbd_conf.o
    0x0800138e   0x00000008   Code   RO         3445    i.HAL_PCD_ResumeCallback  usbd_conf.o
    0x08001396   0x00000008   Code   RO         3446    i.HAL_PCD_SOFCallback  usbd_conf.o
    0x0800139e   0x00000028   Code   RO         2070    i.HAL_PCD_SetAddress  stm32f1xx_hal_pcd.o
    0x080013c6   0x0000000e   Code   RO         3447    i.HAL_PCD_SetupStageCallback  usbd_conf.o
    0x080013d4   0x00000032   Code   RO         2072    i.HAL_PCD_Start     stm32f1xx_hal_pcd.o
    0x08001406   0x00000030   Code   RO         2073    i.HAL_PCD_Stop      stm32f1xx_hal_pcd.o
    0x08001436   0x00000002   PAD
    0x08001438   0x00000024   Code   RO         3448    i.HAL_PCD_SuspendCallback  usbd_conf.o
    0x0800145c   0x0000012c   Code   RO         1344    i.HAL_RCCEx_PeriphCLKConfig  stm32f1xx_hal_rcc_ex.o
    0x08001588   0x00000002   Code   RO         1598    i.HAL_RCC_CSSCallback  stm32f1xx_hal_rcc.o
    0x0800158a   0x00000002   PAD
    0x0800158c   0x00000188   Code   RO         1599    i.HAL_RCC_ClockConfig  stm32f1xx_hal_rcc.o
    0x08001714   0x00000018   Code   RO         1602    i.HAL_RCC_EnableCSS  stm32f1xx_hal_rcc.o
    0x0800172c   0x00000040   Code   RO         1603    i.HAL_RCC_GetClockConfig  stm32f1xx_hal_rcc.o
    0x0800176c   0x0000000c   Code   RO         1604    i.HAL_RCC_GetHCLKFreq  stm32f1xx_hal_rcc.o
    0x08001778   0x00000030   Code   RO         1606    i.HAL_RCC_GetPCLK1Freq  stm32f1xx_hal_rcc.o
    0x080017a8   0x00000030   Code   RO         1607    i.HAL_RCC_GetPCLK2Freq  stm32f1xx_hal_rcc.o
    0x080017d8   0x00000088   Code   RO         1608    i.HAL_RCC_GetSysClockFreq  stm32f1xx_hal_rcc.o
    0x08001860   0x00000018   Code   RO         1610    i.HAL_RCC_NMI_IRQHandler  stm32f1xx_hal_rcc.o
    0x08001878   0x0000057e   Code   RO         1611    i.HAL_RCC_OscConfig  stm32f1xx_hal_rcc.o
    0x08001df6   0x00000014   Code   RO         2390    i.HAL_SD_DeInit     stm32f1xx_hal_sd.o
    0x08001e0a   0x0000001a   Code   RO         2393    i.HAL_SD_GetStatus  stm32f1xx_hal_sd.o
    0x08001e24   0x000002b8   Code   RO         2394    i.HAL_SD_Get_CardInfo  stm32f1xx_hal_sd.o
    0x080020dc   0x000000be   Code   RO         2397    i.HAL_SD_Init       stm32f1xx_hal_sd.o
    0x0800219a   0x00000002   PAD
    0x0800219c   0x0000003c   Code   RO         2903    i.HAL_SD_MspDeInit  stm32f1xx_hal_msp.o
    0x080021d8   0x00000058   Code   RO         2904    i.HAL_SD_MspInit    stm32f1xx_hal_msp.o
    0x08002230   0x00000190   Code   RO         2400    i.HAL_SD_ReadBlocks  stm32f1xx_hal_sd.o
    0x080023c0   0x00000034   Code   RO         2403    i.HAL_SD_StopTransfer  stm32f1xx_hal_sd.o
    0x080023f4   0x00000080   Code   RO         2404    i.HAL_SD_WideBusOperation_Config  stm32f1xx_hal_sd.o
    0x08002474   0x000001e8   Code   RO         2405    i.HAL_SD_WriteBlocks  stm32f1xx_hal_sd.o
    0x0800265c   0x00000018   Code   RO         1389    i.HAL_SYSTICK_CLKSourceConfig  stm32f1xx_hal_cortex.o
    0x08002674   0x00000002   Code   RO         1390    i.HAL_SYSTICK_Callback  stm32f1xx_hal_cortex.o
    0x08002676   0x00000028   Code   RO         1391    i.HAL_SYSTICK_Config  stm32f1xx_hal_cortex.o
    0x0800269e   0x00000008   Code   RO         1392    i.HAL_SYSTICK_IRQHandler  stm32f1xx_hal_cortex.o
    0x080026a6   0x00000002   Code   RO            4    i.HAL_TIMEx_BreakCallback  stm32f1xx_hal_tim_ex.o
    0x080026a8   0x00000002   Code   RO            5    i.HAL_TIMEx_CommutationCallback  stm32f1xx_hal_tim_ex.o
    0x080026aa   0x00000036   Code   RO          713    i.HAL_TIM_Base_Init  stm32f1xx_hal_tim.o
    0x080026e0   0x00000002   Code   RO          715    i.HAL_TIM_Base_MspInit  stm32f1xx_hal_tim.o
    0x080026e2   0x00000018   Code   RO          718    i.HAL_TIM_Base_Start_IT  stm32f1xx_hal_tim.o
    0x080026fa   0x00000002   Code   RO          742    i.HAL_TIM_IC_CaptureCallback  stm32f1xx_hal_tim.o
    0x080026fc   0x00000166   Code   RO          755    i.HAL_TIM_IRQHandler  stm32f1xx_hal_tim.o
    0x08002862   0x00000002   Code   RO          758    i.HAL_TIM_OC_DelayElapsedCallback  stm32f1xx_hal_tim.o
    0x08002864   0x00000002   Code   RO          785    i.HAL_TIM_PWM_PulseFinishedCallback  stm32f1xx_hal_tim.o
    0x08002866   0x00000002   PAD
    0x08002868   0x00000014   Code   RO         3039    i.HAL_TIM_PeriodElapsedCallback  main.o
    0x0800287c   0x00000002   Code   RO          796    i.HAL_TIM_TriggerCallback  stm32f1xx_hal_tim.o
    0x0800287e   0x0000005e   Code   RO         2643    i.HAL_UART_Init     stm32f1xx_hal_uart.o
    0x080028dc   0x00000058   Code   RO         2906    i.HAL_UART_MspInit  stm32f1xx_hal_msp.o
    0x08002934   0x00000002   Code   RO         2952    i.HardFault_Handler  stm32f1xx_it.o
    0x08002936   0x00000004   Code   RO         3706    i.MEM_If_DeInit_FS  usbd_dfu_if.o
    0x0800293a   0x00000004   Code   RO         3707    i.MEM_If_Erase_FS   usbd_dfu_if.o
    0x0800293e   0x00000004   Code   RO         3708    i.MEM_If_GetStatus_FS  usbd_dfu_if.o
    0x08002942   0x00000004   Code   RO         3709    i.MEM_If_Init_FS    usbd_dfu_if.o
    0x08002946   0x00000004   Code   RO         3710    i.MEM_If_Read_FS    usbd_dfu_if.o
    0x0800294a   0x00000004   Code   RO         3711    i.MEM_If_Write_FS   usbd_dfu_if.o
    0x0800294e   0x00000002   PAD
    0x08002950   0x0000001c   Code   RO         3762    i.MX_FATFS_Init     fatfs.o
    0x0800296c   0x000000c0   Code   RO         3040    i.MX_GPIO_Init      main.o
    0x08002a2c   0x00000038   Code   RO         3393    i.MX_USB_DEVICE_Init  usb_device.o
    0x08002a64   0x00000002   Code   RO         2953    i.MemManage_Handler  stm32f1xx_it.o
    0x08002a66   0x00000004   Code   RO         2954    i.NMI_Handler       stm32f1xx_it.o
    0x08002a6a   0x00000020   Code   RO         1393    i.NVIC_SetPriority  stm32f1xx_hal_cortex.o
    0x08002a8a   0x00000002   PAD
    0x08002a8c   0x000000b8   Code   RO         3041    i.OLEDInit          main.o
    0x08002b44   0x00000362   Code   RO         2075    i.PCD_EP_ISR_Handler  stm32f1xx_hal_pcd.o
    0x08002ea6   0x00000002   Code   RO         2955    i.PendSV_Handler    stm32f1xx_it.o
    0x08002ea8   0x00000024   Code   RO         2288    i.SDIO_DataConfig   stm32f1xx_ll_sdmmc.o
    0x08002ecc   0x00000006   Code   RO         2289    i.SDIO_GetCommandResponse  stm32f1xx_ll_sdmmc.o
    0x08002ed2   0x00000008   Code   RO         2292    i.SDIO_GetPowerState  stm32f1xx_ll_sdmmc.o
    0x08002eda   0x00000002   PAD
    0x08002edc   0x00000010   Code   RO         2293    i.SDIO_GetResponse  stm32f1xx_ll_sdmmc.o
    0x08002eec   0x00000024   Code   RO         2294    i.SDIO_Init         stm32f1xx_ll_sdmmc.o
    0x08002f10   0x00000008   Code   RO         2295    i.SDIO_PowerState_OFF  stm32f1xx_ll_sdmmc.o
    0x08002f18   0x00000008   Code   RO         2296    i.SDIO_PowerState_ON  stm32f1xx_ll_sdmmc.o
    0x08002f20   0x00000006   Code   RO         2297    i.SDIO_ReadFIFO     stm32f1xx_ll_sdmmc.o
    0x08002f26   0x00000020   Code   RO         2298    i.SDIO_SendCommand  stm32f1xx_ll_sdmmc.o
    0x08002f46   0x0000000a   Code   RO         2300    i.SDIO_WriteFIFO    stm32f1xx_ll_sdmmc.o
    0x08002f50   0x000000ec   Code   RO         2409    i.SD_CmdResp1Error  stm32f1xx_hal_sd.o
    0x0800303c   0x0000002e   Code   RO         2410    i.SD_CmdResp2Error  stm32f1xx_hal_sd.o
    0x0800306a   0x00000074   Code   RO         2411    i.SD_CmdResp6Error  stm32f1xx_hal_sd.o
    0x080030de   0x00000040   Code   RO         2412    i.SD_CmdResp7Error  stm32f1xx_hal_sd.o
    0x0800311e   0x0000011a   Code   RO         2417    i.SD_FindSCR        stm32f1xx_hal_sd.o
    0x08003238   0x0000004a   Code   RO         2418    i.SD_GetState       stm32f1xx_hal_sd.o
    0x08003282   0x000000fa   Code   RO         2419    i.SD_Initialize_Cards  stm32f1xx_hal_sd.o
    0x0800337c   0x00000144   Code   RO         2420    i.SD_IsCardProgramming  stm32f1xx_hal_sd.o
    0x080034c0   0x0000018c   Code   RO         2421    i.SD_PowerON        stm32f1xx_hal_sd.o
    0x0800364c   0x0000007c   Code   RO         2422    i.SD_WideBus_Disable  stm32f1xx_hal_sd.o
    0x080036c8   0x0000007e   Code   RO         2423    i.SD_WideBus_Enable  stm32f1xx_hal_sd.o
    0x08003746   0x00000002   PAD
    0x08003748   0x00000020   Code   RO         4697    i.SD_initialize     sd_diskio.o
    0x08003768   0x00000050   Code   RO         4698    i.SD_ioctl          sd_diskio.o
    0x080037b8   0x0000001e   Code   RO         4699    i.SD_read           sd_diskio.o
    0x080037d6   0x00000002   PAD
    0x080037d8   0x00000020   Code   RO         4700    i.SD_status         sd_diskio.o
    0x080037f8   0x0000001e   Code   RO         4701    i.SD_write          sd_diskio.o
    0x08003816   0x00000002   Code   RO         2956    i.SVC_Handler       stm32f1xx_it.o
    0x08003818   0x00000060   Code   RO         3042    i.SoftIICInit       main.o
    0x08003878   0x00000004   Code   RO         2957    i.SysTick_Handler   stm32f1xx_it.o
    0x0800387c   0x0000007c   Code   RO         3043    i.SystemClock_Config  main.o
    0x080038f8   0x00000048   Code   RO         2865    i.SystemInit        system_stm32f1xx.o
    0x08003940   0x0000000c   Code   RO         2958    i.TIM8_UP_IRQHandler  stm32f1xx_it.o
    0x0800394c   0x00000084   Code   RO          797    i.TIM_Base_SetConfig  stm32f1xx_hal_tim.o
    0x080039d0   0x00000170   Code   RO         2662    i.UART_SetConfig    stm32f1xx_hal_uart.o
    0x08003b40   0x0000000e   Code   RO         3973    i.USBD_ClrClassConfig  usbd_core.o
    0x08003b4e   0x00000010   Code   RO         3913    i.USBD_CtlContinueRx  usbd_ioreq.o
    0x08003b5e   0x00000010   Code   RO         3914    i.USBD_CtlContinueSendData  usbd_ioreq.o
    0x08003b6e   0x00000016   Code   RO         4111    i.USBD_CtlError     usbd_ctlreq.o
    0x08003b84   0x0000001e   Code   RO         3915    i.USBD_CtlPrepareRx  usbd_ioreq.o
    0x08003ba2   0x00000016   Code   RO         3916    i.USBD_CtlReceiveStatus  usbd_ioreq.o
    0x08003bb8   0x0000001a   Code   RO         3917    i.USBD_CtlSendData  usbd_ioreq.o
    0x08003bd2   0x00000016   Code   RO         3918    i.USBD_CtlSendStatus  usbd_ioreq.o
    0x08003be8   0x00000004   Code   RO         4181    i.USBD_DFU_DataIn   usbd_dfu.o
    0x08003bec   0x00000004   Code   RO         4182    i.USBD_DFU_DataOut  usbd_dfu.o
    0x08003bf0   0x0000003e   Code   RO         4183    i.USBD_DFU_DeInit   usbd_dfu.o
    0x08003c2e   0x00000004   Code   RO         4184    i.USBD_DFU_EP0_RxReady  usbd_dfu.o
    0x08003c32   0x000000e2   Code   RO         4185    i.USBD_DFU_EP0_TxReady  usbd_dfu.o
    0x08003d14   0x0000000c   Code   RO         4186    i.USBD_DFU_GetCfgDesc  usbd_dfu.o
    0x08003d20   0x0000000c   Code   RO         4187    i.USBD_DFU_GetDeviceQualifierDesc  usbd_dfu.o
    0x08003d2c   0x00000020   Code   RO         4188    i.USBD_DFU_GetUsrStringDesc  usbd_dfu.o
    0x08003d4c   0x0000004a   Code   RO         4189    i.USBD_DFU_Init     usbd_dfu.o
    0x08003d96   0x00000004   Code   RO         4190    i.USBD_DFU_IsoINIncomplete  usbd_dfu.o
    0x08003d9a   0x00000004   Code   RO         4191    i.USBD_DFU_IsoOutIncomplete  usbd_dfu.o
    0x08003d9e   0x0000000a   Code   RO         4192    i.USBD_DFU_RegisterMedia  usbd_dfu.o
    0x08003da8   0x00000004   Code   RO         4193    i.USBD_DFU_SOF      usbd_dfu.o
    0x08003dac   0x00000134   Code   RO         4194    i.USBD_DFU_Setup    usbd_dfu.o
    0x08003ee0   0x00000020   Code   RO         3313    i.USBD_FS_ConfigStrDescriptor  usbd_desc.o
    0x08003f00   0x0000000c   Code   RO         3314    i.USBD_FS_DeviceDescriptor  usbd_desc.o
    0x08003f0c   0x00000024   Code   RO         3315    i.USBD_FS_InterfaceStrDescriptor  usbd_desc.o
    0x08003f30   0x0000000c   Code   RO         3316    i.USBD_FS_LangIDStrDescriptor  usbd_desc.o
    0x08003f3c   0x0000001c   Code   RO         3317    i.USBD_FS_ManufacturerStrDescriptor  usbd_desc.o
    0x08003f58   0x00000034   Code   RO         3318    i.USBD_FS_ProductStrDescriptor  usbd_desc.o
    0x08003f8c   0x00000024   Code   RO         3319    i.USBD_FS_SerialStrDescriptor  usbd_desc.o
    0x08003fb0   0x000000f2   Code   RO         4112    i.USBD_GetDescriptor  usbd_ctlreq.o
    0x080040a2   0x00000046   Code   RO         4113    i.USBD_GetString    usbd_ctlreq.o
    0x080040e8   0x0000002a   Code   RO         3975    i.USBD_Init         usbd_core.o
    0x08004112   0x0000000e   Code   RO         3449    i.USBD_LL_ClearStallEP  usbd_conf.o
    0x08004120   0x000000aa   Code   RO         3976    i.USBD_LL_DataInStage  usbd_core.o
    0x080041ca   0x0000006a   Code   RO         3977    i.USBD_LL_DataOutStage  usbd_core.o
    0x08004234   0x0000005c   Code   RO         3455    i.USBD_LL_Init      usbd_conf.o
    0x08004290   0x0000001c   Code   RO         3456    i.USBD_LL_IsStallEP  usbd_conf.o
    0x080042ac   0x00000014   Code   RO         3457    i.USBD_LL_OpenEP    usbd_conf.o
    0x080042c0   0x0000000e   Code   RO         3458    i.USBD_LL_PrepareReceive  usbd_conf.o
    0x080042ce   0x0000003e   Code   RO         3982    i.USBD_LL_Reset     usbd_core.o
    0x0800430c   0x0000000c   Code   RO         3983    i.USBD_LL_Resume    usbd_core.o
    0x08004318   0x00000018   Code   RO         3984    i.USBD_LL_SOF       usbd_core.o
    0x08004330   0x00000006   Code   RO         3985    i.USBD_LL_SetSpeed  usbd_core.o
    0x08004336   0x0000000e   Code   RO         3459    i.USBD_LL_SetUSBAddress  usbd_conf.o
    0x08004344   0x0000005a   Code   RO         3986    i.USBD_LL_SetupStage  usbd_core.o
    0x0800439e   0x0000000e   Code   RO         3460    i.USBD_LL_StallEP   usbd_conf.o
    0x080043ac   0x0000000e   Code   RO         3461    i.USBD_LL_Start     usbd_conf.o
    0x080043ba   0x0000000e   Code   RO         3462    i.USBD_LL_Stop      usbd_conf.o
    0x080043c8   0x00000012   Code   RO         3987    i.USBD_LL_Suspend   usbd_core.o
    0x080043da   0x0000000e   Code   RO         3463    i.USBD_LL_Transmit  usbd_conf.o
    0x080043e8   0x00000028   Code   RO         4114    i.USBD_ParseSetupRequest  usbd_ctlreq.o
    0x08004410   0x00000010   Code   RO         3988    i.USBD_RegisterClass  usbd_core.o
    0x08004420   0x00000016   Code   RO         3990    i.USBD_SetClassConfig  usbd_core.o
    0x08004436   0x00000002   PAD
    0x08004438   0x00000074   Code   RO         4115    i.USBD_SetConfig    usbd_ctlreq.o
    0x080044ac   0x0000000a   Code   RO         3991    i.USBD_Start        usbd_core.o
    0x080044b6   0x000000f2   Code   RO         4116    i.USBD_StdDevReq    usbd_ctlreq.o
    0x080045a8   0x000000dc   Code   RO         4117    i.USBD_StdEPReq     usbd_ctlreq.o
    0x08004684   0x00000034   Code   RO         4118    i.USBD_StdItfReq    usbd_ctlreq.o
    0x080046b8   0x0000001a   Code   RO         3992    i.USBD_Stop         usbd_core.o
    0x080046d2   0x00000002   Code   RO         3464    i.USBD_static_free  usbd_conf.o
    0x080046d4   0x00000008   Code   RO         3465    i.USBD_static_malloc  usbd_conf.o
    0x080046dc   0x0000025c   Code   RO         1851    i.USB_ActivateEndpoint  stm32f1xx_ll_usb.o
    0x08004938   0x00000004   Code   RO         1854    i.USB_CoreInit      stm32f1xx_ll_usb.o
    0x0800493c   0x00000004   Code   RO         1857    i.USB_DevConnect    stm32f1xx_ll_usb.o
    0x08004940   0x00000004   Code   RO         1858    i.USB_DevDisconnect  stm32f1xx_ll_usb.o
    0x08004944   0x00000012   Code   RO         1859    i.USB_DevInit       stm32f1xx_ll_usb.o
    0x08004956   0x0000000e   Code   RO         1860    i.USB_DisableGlobalInt  stm32f1xx_ll_usb.o
    0x08004964   0x00000004   Code   RO         1861    i.USB_EP0_OutStart  stm32f1xx_ll_usb.o
    0x08004968   0x0000006a   Code   RO         1862    i.USB_EPClearStall  stm32f1xx_ll_usb.o
    0x080049d2   0x0000004a   Code   RO         1863    i.USB_EPSetStall    stm32f1xx_ll_usb.o
    0x08004a1c   0x000001aa   Code   RO         1864    i.USB_EPStartXfer   stm32f1xx_ll_usb.o
    0x08004bc6   0x0000000e   Code   RO         1865    i.USB_EnableGlobalInt  stm32f1xx_ll_usb.o
    0x08004bd4   0x0000000c   Code   RO         2959    i.USB_LP_CAN1_RX0_IRQHandler  stm32f1xx_it.o
    0x08004be0   0x00000006   Code   RO         1872    i.USB_ReadInterrupts  stm32f1xx_ll_usb.o
    0x08004be6   0x00000002   PAD
    0x08004be8   0x0000001e   Code   RO         1873    i.USB_ReadPMA       stm32f1xx_ll_usb.o
    0x08004c06   0x00000004   Code   RO         1875    i.USB_SetCurrentMode  stm32f1xx_ll_usb.o
    0x08004c0a   0x0000000c   Code   RO         1876    i.USB_SetDevAddress  stm32f1xx_ll_usb.o
    0x08004c16   0x00000012   Code   RO         1877    i.USB_StopDevice    stm32f1xx_ll_usb.o
    0x08004c28   0x00000026   Code   RO         1878    i.USB_WritePMA      stm32f1xx_ll_usb.o
    0x08004c4e   0x00000002   Code   RO         2960    i.UsageFault_Handler  stm32f1xx_it.o
    0x08004c50   0x00000024   Code   RO         4828    i.__0vsprintf       mc_w.l(printfa.o)
    0x08004c74   0x0000000e   Code   RO         4923    i.__scatterload_copy  mc_w.l(handlers.o)
    0x08004c82   0x00000002   Code   RO         4924    i.__scatterload_null  mc_w.l(handlers.o)
    0x08004c84   0x0000000e   Code   RO         4925    i.__scatterload_zeroinit  mc_w.l(handlers.o)
    0x08004c92   0x00000002   PAD
    0x08004c94   0x00000184   Code   RO         4829    i._fp_digits        mc_w.l(printfa.o)
    0x08004e18   0x0000001a   Code   RO         3044    i._oled_bright      main.o
    0x08004e32   0x00000040   Code   RO         3045    i._oled_clear       main.o
    0x08004e72   0x0000001e   Code   RO         3046    i._oled_close       main.o
    0x08004e90   0x00000004   Code   RO         3047    i._oled_color       main.o
    0x08004e94   0x000000d0   Code   RO         3048    i._oled_draw        main.o
    0x08004f64   0x00000048   Code   RO         3049    i._oled_flash       main.o
    0x08004fac   0x00000004   Code   RO         3050    i._oled_font        main.o
    0x08004fb0   0x0000013e   Code   RO         3051    i._oled_init        main.o
    0x080050ee   0x0000001e   Code   RO         3052    i._oled_open        main.o
    0x0800510c   0x00000064   Code   RO         3053    i._oled_print       main.o
    0x08005170   0x0000003a   Code   RO         3054    i._oled_printf      main.o
    0x080051aa   0x00000052   Code   RO         3055    i._oled_printfc     main.o
    0x080051fc   0x00000028   Code   RO         3056    i._oled_setPosition  main.o
    0x08005224   0x00000008   Code   RO         3057    i._oled_trans       main.o
    0x0800522c   0x00000050   Code   RO         3058    i._oled_writeCommand  main.o
    0x0800527c   0x00000050   Code   RO         3059    i._oled_writeData   main.o
    0x080052cc   0x000006dc   Code   RO         4830    i._printf_core      mc_w.l(printfa.o)
    0x080059a8   0x00000024   Code   RO         4831    i._printf_post_padding  mc_w.l(printfa.o)
    0x080059cc   0x0000002e   Code   RO         4832    i._printf_pre_padding  mc_w.l(printfa.o)
    0x080059fa   0x00000002   PAD
    0x080059fc   0x00000040   Code   RO         3060    i._soft_iic_send    main.o
    0x08005a3c   0x00000030   Code   RO         3061    i._soft_iic_start   main.o
    0x08005a6c   0x00000026   Code   RO         3062    i._soft_iic_stop    main.o
    0x08005a92   0x00000004   Code   RO         3063    i._soft_iic_turn    main.o
    0x08005a96   0x0000001c   Code   RO         3064    i._soft_iic_wait    main.o
    0x08005ab2   0x0000000a   Code   RO         4834    i._sputc            mc_w.l(printfa.o)
    0x08005abc   0x0000000c   Code   RO         3065    i.checkKey          main.o
    0x08005ac8   0x0000001a   Code   RO         3066    i.checkKeyUp        main.o
    0x08005ae2   0x00000002   PAD
    0x08005ae4   0x00000084   Code   RO         3067    i.checkSD           main.o
    0x08005b68   0x00000050   Code   RO         4849    i.free              mc_w.l(malloc.o)
    0x08005bb8   0x00000360   Code   RO         3068    i.main              main.o
    0x08005f18   0x0000006c   Code   RO         4850    i.malloc            mc_w.l(malloc.o)
    0x08005f84   0x000000b4   Code   RO         3069    i.scanKeys          main.o
    0x08006038   0x00000010   Data   RO         2866    .constdata          system_stm32f1xx.o
    0x08006048   0x00000008   Data   RO         2867    .constdata          system_stm32f1xx.o
    0x08006050   0x00000c18   Data   RO         3071    .constdata          main.o
    0x08006c68   0x00000014   Data   RO         4702    .constdata          sd_diskio.o
    0x08006c7c   0x0000005d   Data   RO         3712    .conststring        usbd_dfu_if.o
    0x08006cd9   0x00000003   PAD
    0x08006cdc   0x00000020   Data   RO         4921    Region$$Table       anon$$obj.o


    Execution Region RW_IRAM1 (Base: 0x20000000, Size: 0x00001570, Max: 0x0000c000, ABSOLUTE)

    Base Addr    Size         Type   Attr      Idx    E Section Name        Object

    0x20000000   0x00000004   Data   RW          435    .data               stm32f1xx_hal.o
    0x20000004   0x00000004   Data   RW         2868    .data               system_stm32f1xx.o
    0x20000008   0x00000004   Data   RW         3072    .data               main.o
    0x2000000c   0x0000001c   Data   RW         3321    .data               usbd_desc.o
    0x20000028   0x00000016   Data   RW         3322    .data               usbd_desc.o
    0x2000003e   0x00000002   PAD
    0x20000040   0x0000001c   Data   RW         3713    .data               usbd_dfu_if.o
    0x2000005c   0x00000005   Data   RW         3764    .data               fatfs.o
    0x20000061   0x00000001   Data   RW         4119    .data               usbd_ctlreq.o
    0x20000062   0x00000002   PAD
    0x20000064   0x0000003c   Data   RW         4196    .data               usbd_dfu.o
    0x200000a0   0x00000026   Data   RW         4197    .data               usbd_dfu.o
    0x200000c6   0x00000001   Data   RW         4703    .data               sd_diskio.o
    0x200000c7   0x00000001   PAD
    0x200000c8   0x00000004   Data   RW         4898    .data               mc_w.l(mvars.o)
    0x200000cc   0x00000004   Data   RW         4899    .data               mc_w.l(mvars.o)
    0x200000d0   0x000000f8   Zero   RW         3070    .bss                main.o
    0x200001c8   0x00000200   Zero   RW         3320    .bss                usbd_desc.o
    0x200003c8   0x00000224   Zero   RW         3394    .bss                usb_device.o
    0x200005ec   0x0000083c   Zero   RW         3466    .bss                usbd_conf.o
    0x20000e28   0x0000003c   Zero   RW         3645    .bss                stm32f1xx_hal_timebase_tim.o
    0x20000e64   0x000000ff   Zero   RW         4195    .bss                usbd_dfu.o
    0x20000f63   0x00000001   PAD
    0x20000f64   0x0000000c   Zero   RW         4338    .bss                ff_gen_drv.o
    0x20000f70   0x00000200   Zero   RW         3904    HEAP                startup_stm32f103xe.o
    0x20001170   0x00000400   Zero   RW         3903    STACK               startup_stm32f103xe.o


==============================================================================

Image component sizes


      Code (inc. data)   RO Data    RW Data    ZI Data      Debug   Object Name

       166         30          0          0          0       3614   bsp_driver_sd.o
        28         10          0          5          0        980   fatfs.o
        24          4          0          0          0        525   fatfs_platform.o
        70          4          0          0         12       1615   ff_gen_drv.o
      3218        344       3096          4        248      30696   main.o
       204         18         20          1          0       4196   sd_diskio.o
        36          8        304          0       1536        784   startup_stm32f103xe.o
        86         16          0          4          0       3087   stm32f1xx_hal.o
       228         14          0          0          0      27489   stm32f1xx_hal_cortex.o
       764         74          0          0          0       4729   stm32f1xx_hal_gpio.o
       364         56          0          0          0       2745   stm32f1xx_hal_msp.o
      1814          0          0          0          0       9689   stm32f1xx_hal_pcd.o
        52          0          0          0          0       1198   stm32f1xx_hal_pcd_ex.o
      2156        116          0          0          0       8124   stm32f1xx_hal_rcc.o
       300         12          0          0          0       1344   stm32f1xx_hal_rcc_ex.o
      4038         12          0          0          0      22207   stm32f1xx_hal_sd.o
       578         20          0          0          0       6870   stm32f1xx_hal_tim.o
         4          0          0          0          0     525210   stm32f1xx_hal_tim_ex.o
       116         18          0          0         60       1480   stm32f1xx_hal_timebase_tim.o
       462          4          0          0          0       1948   stm32f1xx_hal_uart.o
        46         12          0          0          0       4796   stm32f1xx_it.o
       166          4          0          0          0       6383   stm32f1xx_ll_sdmmc.o
      1380          0          0          0          0      12355   stm32f1xx_ll_usb.o
        72         16         24          4          0       1419   system_stm32f1xx.o
        56         18          0          0        548       3227   usb_device.o
       432         30          0          0       2108      12110   usbd_conf.o
       618          0          0          0          0       9924   usbd_core.o
      1004         30          0          1          0       7860   usbd_ctlreq.o
       208        112          0         50        512       9411   usbd_desc.o
      1502         52          0         98        255      17296   usbd_dfu.o
        24          0         93         28          0       3326   usbd_dfu_if.o
       132          0          0          0          0       4408   usbd_ioreq.o

    ----------------------------------------------------------------------
     20386       1034       3572        200       5280     751045   Object Totals
         0          0         32          0          0          0   (incl. Generated)
        38          0          3          5          1          0   (incl. Padding)

    ----------------------------------------------------------------------

      Code (inc. data)   RO Data    RW Data    ZI Data      Debug   Library Member Name

         0          0          0          0          0          0   entry.o
         0          0          0          0          0          0   entry10a.o
         0          0          0          0          0          0   entry11a.o
         8          4          0          0          0          0   entry2.o
         4          0          0          0          0          0   entry5.o
         0          0          0          0          0          0   entry7b.o
         0          0          0          0          0          0   entry8b.o
         8          4          0          0          0          0   entry9a.o
        30          0          0          0          0          0   handlers.o
        36          8          0          0          0         68   init.o
         0          0          0          0          0          0   iusefp.o
        30          0          0          0          0         68   llshl.o
        36          0          0          0          0         68   llsshr.o
        32          0          0          0          0         68   llushr.o
       188         20          0          0          0        160   malloc.o
        36          0          0          0          0         68   memcpya.o
        36          0          0          0          0        108   memseta.o
         0          0          0          8          0          0   mvars.o
      2272         86          0          0          0        516   printfa.o
        14          0          0          0          0         68   strlen.o
        44          0          0          0          0         80   uidiv.o
        98          0          0          0          0         92   uldiv.o
        48          0          0          0          0         68   cdrcmple.o
       334          0          0          0          0        148   dadd.o
       222          0          0          0          0        100   ddiv.o
       186          0          0          0          0        176   depilogue.o
        48          0          0          0          0         68   dfixul.o
       228          0          0          0          0         96   dmul.o

    ----------------------------------------------------------------------
      3942        122          0          8          0       2020   Library Totals
         4          0          0          0          0          0   (incl. Padding)

    ----------------------------------------------------------------------

      Code (inc. data)   RO Data    RW Data    ZI Data      Debug   Library Name

      2872        122          0          8          0       1364   mc_w.l
      1066          0          0          0          0        656   mf_w.l

    ----------------------------------------------------------------------
      3942        122          0          8          0       2020   Library Totals

    ----------------------------------------------------------------------

==============================================================================


      Code (inc. data)   RO Data    RW Data    ZI Data      Debug   

     24328       1156       3572        208       5280     739697   Grand Totals
     24328       1156       3572        208       5280     739697   ELF Image Totals
     24328       1156       3572        208          0          0   ROM Totals

==============================================================================

    Total RO  Size (Code + RO Data)                27900 (  27.25kB)
    Total RW  Size (RW Data + ZI Data)              5488 (   5.36kB)
    Total ROM Size (Code + RO Data + RW Data)      28108 (  27.45kB)

==============================================================================

