Component: ARM Compiler 5.06 update 3 (build 300) Tool: armlink [4d35c9]

==============================================================================

Section Cross References

    stm32f1xx_hal_dma.o(i.HAL_DMA_Abort) refers to stm32f1xx_hal.o(i.HAL_GetTick) for HAL_GetTick
    stm32f1xx_hal_dma.o(i.HAL_DMA_PollForTransfer) refers to stm32f1xx_hal.o(i.HAL_GetTick) for HAL_GetTick
    stm32f1xx_hal_dma.o(i.HAL_DMA_Start) refers to stm32f1xx_hal_dma.o(i.DMA_SetConfig) for DMA_SetConfig
    stm32f1xx_hal_dma.o(i.HAL_DMA_Start_IT) refers to stm32f1xx_hal_dma.o(i.DMA_SetConfig) for DMA_SetConfig
    stm32f1xx_hal.o(i.HAL_DeInit) refers to stm32f1xx_hal.o(i.HAL_MspDeInit) for HAL_MspDeInit
    stm32f1xx_hal.o(i.HAL_Delay) refers to stm32f1xx_hal.o(i.HAL_GetTick) for HAL_GetTick
    stm32f1xx_hal.o(i.HAL_GetTick) refers to stm32f1xx_hal.o(.data) for .data
    stm32f1xx_hal.o(i.HAL_IncTick) refers to stm32f1xx_hal.o(.data) for .data
    stm32f1xx_hal.o(i.HAL_Init) refers to stm32f1xx_hal_cortex.o(i.HAL_NVIC_SetPriorityGrouping) for HAL_NVIC_SetPriorityGrouping
    stm32f1xx_hal.o(i.HAL_Init) refers to stm32f1xx_hal.o(i.HAL_InitTick) for HAL_InitTick
    stm32f1xx_hal.o(i.HAL_Init) refers to stm32f1xx_hal_msp.o(i.HAL_MspInit) for HAL_MspInit
    stm32f1xx_hal.o(i.HAL_InitTick) refers to stm32f1xx_hal_rcc.o(i.HAL_RCC_GetHCLKFreq) for HAL_RCC_GetHCLKFreq
    stm32f1xx_hal.o(i.HAL_InitTick) refers to stm32f1xx_hal_cortex.o(i.HAL_SYSTICK_Config) for HAL_SYSTICK_Config
    stm32f1xx_hal.o(i.HAL_InitTick) refers to stm32f1xx_hal_cortex.o(i.HAL_NVIC_SetPriority) for HAL_NVIC_SetPriority
    stm32f1xx_hal_pwr.o(i.HAL_PWR_EnterSTOPMode) refers to stm32f1xx_hal_pwr.o(i.PWR_OverloadWfe) for PWR_OverloadWfe
    stm32f1xx_hal_pwr.o(i.HAL_PWR_PVD_IRQHandler) refers to stm32f1xx_hal_pwr.o(i.HAL_PWR_PVDCallback) for HAL_PWR_PVDCallback
    stm32f1xx_hal_rcc_ex.o(i.HAL_RCCEx_GetPeriphCLKFreq) refers to stm32f1xx_hal_rcc.o(i.HAL_RCC_GetPCLK2Freq) for HAL_RCC_GetPCLK2Freq
    stm32f1xx_hal_rcc_ex.o(i.HAL_RCCEx_GetPeriphCLKFreq) refers to stm32f1xx_hal_rcc.o(i.HAL_RCC_GetSysClockFreq) for HAL_RCC_GetSysClockFreq
    stm32f1xx_hal_rcc_ex.o(i.HAL_RCCEx_PeriphCLKConfig) refers to stm32f1xx_hal.o(i.HAL_GetTick) for HAL_GetTick
    stm32f1xx_hal_cortex.o(i.HAL_NVIC_SetPriority) refers to stm32f1xx_hal_cortex.o(i.NVIC_SetPriority) for NVIC_SetPriority
    stm32f1xx_hal_cortex.o(i.HAL_SYSTICK_Config) refers to stm32f1xx_hal_cortex.o(i.NVIC_SetPriority) for NVIC_SetPriority
    stm32f1xx_hal_cortex.o(i.HAL_SYSTICK_IRQHandler) refers to stm32f1xx_hal_cortex.o(i.HAL_SYSTICK_Callback) for HAL_SYSTICK_Callback
    stm32f1xx_hal_flash.o(i.FLASH_Program_HalfWord) refers to stm32f1xx_hal_flash.o(.bss) for .bss
    stm32f1xx_hal_flash.o(i.FLASH_SetErrorCode) refers to stm32f1xx_hal_flash.o(.bss) for .bss
    stm32f1xx_hal_flash.o(i.FLASH_WaitForLastOperation) refers to stm32f1xx_hal.o(i.HAL_GetTick) for HAL_GetTick
    stm32f1xx_hal_flash.o(i.FLASH_WaitForLastOperation) refers to stm32f1xx_hal_flash.o(i.FLASH_SetErrorCode) for FLASH_SetErrorCode
    stm32f1xx_hal_flash.o(i.HAL_FLASH_GetError) refers to stm32f1xx_hal_flash.o(.bss) for .bss
    stm32f1xx_hal_flash.o(i.HAL_FLASH_IRQHandler) refers to stm32f1xx_hal_flash.o(i.FLASH_SetErrorCode) for FLASH_SetErrorCode
    stm32f1xx_hal_flash.o(i.HAL_FLASH_IRQHandler) refers to stm32f1xx_hal_flash.o(i.HAL_FLASH_OperationErrorCallback) for HAL_FLASH_OperationErrorCallback
    stm32f1xx_hal_flash.o(i.HAL_FLASH_IRQHandler) refers to stm32f1xx_hal_flash.o(i.FLASH_Program_HalfWord) for FLASH_Program_HalfWord
    stm32f1xx_hal_flash.o(i.HAL_FLASH_IRQHandler) refers to stm32f1xx_hal_flash.o(i.HAL_FLASH_EndOfOperationCallback) for HAL_FLASH_EndOfOperationCallback
    stm32f1xx_hal_flash.o(i.HAL_FLASH_IRQHandler) refers to stm32f1xx_hal_flash_ex.o(i.FLASH_PageErase) for FLASH_PageErase
    stm32f1xx_hal_flash.o(i.HAL_FLASH_IRQHandler) refers to stm32f1xx_hal_flash.o(.bss) for .bss
    stm32f1xx_hal_flash.o(i.HAL_FLASH_OB_Launch) refers to stm32f1xx_hal_cortex.o(i.HAL_NVIC_SystemReset) for HAL_NVIC_SystemReset
    stm32f1xx_hal_flash.o(i.HAL_FLASH_Program) refers to stm32f1xx_hal_flash.o(i.FLASH_WaitForLastOperation) for FLASH_WaitForLastOperation
    stm32f1xx_hal_flash.o(i.HAL_FLASH_Program) refers to llushr.o(.text) for __aeabi_llsr
    stm32f1xx_hal_flash.o(i.HAL_FLASH_Program) refers to stm32f1xx_hal_flash.o(i.FLASH_Program_HalfWord) for FLASH_Program_HalfWord
    stm32f1xx_hal_flash.o(i.HAL_FLASH_Program) refers to stm32f1xx_hal_flash.o(.bss) for .bss
    stm32f1xx_hal_flash.o(i.HAL_FLASH_Program_IT) refers to stm32f1xx_hal_flash.o(i.FLASH_Program_HalfWord) for FLASH_Program_HalfWord
    stm32f1xx_hal_flash.o(i.HAL_FLASH_Program_IT) refers to stm32f1xx_hal_flash.o(.bss) for .bss
    stm32f1xx_hal_rcc.o(i.HAL_RCC_ClockConfig) refers to stm32f1xx_hal.o(i.HAL_GetTick) for HAL_GetTick
[...]
    i.SDIO_PowerState_ON                     0x08002f04   Section        0  stm32f1xx_ll_sdmmc.o(i.SDIO_PowerState_ON)
    i.SDIO_ReadFIFO                          0x08002f0c   Section        0  stm32f1xx_ll_sdmmc.o(i.SDIO_ReadFIFO)
    i.SDIO_SendCommand                       0x08002f12   Section        0  stm32f1xx_ll_sdmmc.o(i.SDIO_SendCommand)
    i.SDIO_WriteFIFO                         0x08002f32   Section        0  stm32f1xx_ll_sdmmc.o(i.SDIO_WriteFIFO)
    i.SD_CmdResp1Error                       0x08002f3c   Section        0  stm32f1xx_hal_sd.o(i.SD_CmdResp1Error)
    SD_CmdResp1Error                         0x08002f3d   Thumb Code   232  stm32f1xx_hal_sd.o(i.SD_CmdResp1Error)
    i.SD_CmdResp2Error                       0x08003028   Section        0  stm32f1xx_hal_sd.o(i.SD_CmdResp2Error)
    SD_CmdResp2Error                         0x08003029   Thumb Code    46  stm32f1xx_hal_sd.o(i.SD_CmdResp2Error)
    i.SD_CmdResp6Error                       0x08003056   Section        0  stm32f1xx_hal_sd.o(i.SD_CmdResp6Error)
    SD_CmdResp6Error                         0x08003057   Thumb Code   116  stm32f1xx_hal_sd.o(i.SD_CmdResp6Error)
    i.SD_CmdResp7Error                       0x080030ca   Section        0  stm32f1xx_hal_sd.o(i.SD_CmdResp7Error)
    SD_CmdResp7Error                         0x080030cb   Thumb Code    64  stm32f1xx_hal_sd.o(i.SD_CmdResp7Error)
    i.SD_FindSCR                             0x0800310a   Section        0  stm32f1xx_hal_sd.o(i.SD_FindSCR)
    SD_FindSCR                               0x0800310b   Thumb Code   282  stm32f1xx_hal_sd.o(i.SD_FindSCR)
    i.SD_GetState                            0x08003224   Section        0  stm32f1xx_hal_sd.o(i.SD_GetState)
    SD_GetState                              0x08003225   Thumb Code    74  stm32f1xx_hal_sd.o(i.SD_GetState)
    i.SD_Initialize_Cards                    0x0800326e   Section        0  stm32f1xx_hal_sd.o(i.SD_Initialize_Cards)
    SD_Initialize_Cards                      0x0800326f   Thumb Code   250  stm32f1xx_hal_sd.o(i.SD_Initialize_Cards)
    i.SD_IsCardProgramming                   0x08003368   Section        0  stm32f1xx_hal_sd.o(i.SD_IsCardProgramming)
    SD_IsCardProgramming                     0x08003369   Thumb Code   320  stm32f1xx_hal_sd.o(i.SD_IsCardProgramming)
    i.SD_PowerON                             0x080034ac   Section        0  stm32f1xx_hal_sd.o(i.SD_PowerON)
    SD_PowerON                               0x080034ad   Thumb Code   392  stm32f1xx_hal_sd.o(i.SD_PowerON)
    i.SD_WideBus_Disable                     0x08003638   Section        0  stm32f1xx_hal_sd.o(i.SD_WideBus_Disable)
    SD_WideBus_Disable                       0x08003639   Thumb Code   124  stm32f1xx_hal_sd.o(i.SD_WideBus_Disable)
    i.SD_WideBus_Enable                      0x080036b4   Section        0  stm32f1xx_hal_sd.o(i.SD_WideBus_Enable)
    SD_WideBus_Enable                        0x080036b5   Thumb Code   126  stm32f1xx_hal_sd.o(i.SD_WideBus_Enable)
    i.SD_initialize                          0x08003734   Section        0  sd_diskio.o(i.SD_initialize)
    i.SD_ioctl                               0x08003754   Section        0  sd_diskio.o(i.SD_ioctl)
    i.SD_read                                0x080037a4   Section        0  sd_diskio.o(i.SD_read)
    i.SD_status                              0x080037c4   Section        0  sd_diskio.o(i.SD_status)
    i.SD_write                               0x080037e4   Section        0  sd_diskio.o(i.SD_write)
    i.STORAGE_GetCapacity_FS                 0x08003802   Section        0  usbd_storage_if.o(i.STORAGE_GetCapacity_FS)
    STORAGE_GetCapacity_FS                   0x08003803   Thumb Code    14  usbd_storage_if.o(i.STORAGE_GetCapacity_FS)
    i.STORAGE_GetMaxLun_FS                   0x08003810   Section        0  usbd_storage_if.o(i.STORAGE_GetMaxLun_FS)
    STORAGE_GetMaxLun_FS                     0x08003811   Thumb Code     4  usbd_storage_if.o(i.STORAGE_GetMaxLun_FS)
    i.STORAGE_Init_FS                        0x08003814   Section        0  usbd_storage_if.o(i.STORAGE_Init_FS)
    STORAGE_Init_FS                          0x08003815   Thumb Code     4  usbd_storage_if.o(i.STORAGE_Init_FS)
    i.STORAGE_IsReady_FS                     0x08003818   Section        0  usbd_storage_if.o(i.STORAGE_IsReady_FS)
    STORAGE_IsReady_FS                       0x08003819   Thumb Code     4  usbd_storage_if.o(i.STORAGE_IsReady_FS)
    i.STORAGE_IsWriteProtected_FS            0x0800381c   Section        0  usbd_storage_if.o(i.STORAGE_IsWriteProtected_FS)
    STORAGE_IsWriteProtected_FS              0x0800381d   Thumb Code     4  usbd_storage_if.o(i.STORAGE_IsWriteProtected_FS)
    i.STORAGE_Read_FS                        0x08003820   Section        0  usbd_storage_if.o(i.STORAGE_Read_FS)
    STORAGE_Read_FS                          0x08003821   Thumb Code     4  usbd_storage_if.o(i.STORAGE_Read_FS)
    i.STORAGE_Write_FS                       0x08003824   Section        0  usbd_storage_if.o(i.STORAGE_Write_FS)
    STORAGE_Write_FS                         0x08003825   Thumb Code     4  usbd_storage_if.o(i.STORAGE_Write_FS)
    i.SVC_Handler                            0x08003828   Section        0  stm32f1xx_it.o(i.SVC_Handler)
    i.SoftIICInit                            0x0800382c   Section        0  main.o(i.SoftIICInit)
    i.SysTick_Handler                        0x0800388c   Section        0  stm32f1xx_it.o(i.SysTick_Handler)
    i.SystemClock_Config                     0x0800389a   Section        0  main.o(i.SystemClock_Config)
    i.SystemInit                             0x08003918   Section        0  system_stm32f1xx.o(i.SystemInit)
    i.USBD_ClrClassConfig                    0x08003960   Section        0  usbd_core.o(i.USBD_ClrClassConfig)
    i.USBD_CtlContinueRx                     0x0800396e   Section        0  usbd_ioreq.o(i.USBD_CtlContinueRx)
    i.USBD_CtlContinueSendData               0x0800397e   Section        0  usbd_ioreq.o(i.USBD_CtlContinueSendData)
    i.USBD_CtlError                          0x0800398e   Section        0  usbd_ctlreq.o(i.USBD_CtlError)
    i.USBD_CtlReceiveStatus                  0x080039a4   Section        0  usbd_ioreq.o(i.USBD_CtlReceiveStatus)
    i.USBD_CtlSendData                       0x080039ba   Section        0  usbd_ioreq.o(i.USBD_CtlSendData)
    i.USBD_CtlSendStatus                     0x080039d4   Section        0  usbd_ioreq.o(i.USBD_CtlSendStatus)
    i.USBD_FS_ConfigStrDescriptor            0x080039ec   Section        0  usbd_desc.o(i.USBD_FS_ConfigStrDescriptor)
    i.USBD_FS_DeviceDescriptor               0x08003a0c   Section        0  usbd_desc.o(i.USBD_FS_DeviceDescriptor)
    i.USBD_FS_InterfaceStrDescriptor         0x08003a18   Section        0  usbd_desc.o(i.USBD_FS_InterfaceStrDescriptor)
    i.USBD_FS_LangIDStrDescriptor            0x08003a3c   Section        0  usbd_desc.o(i.USBD_FS_LangIDStrDescriptor)
    i.USBD_FS_ManufacturerStrDescriptor      0x08003a48   Section        0  usbd_desc.o(i.USBD_FS_ManufacturerStrDescriptor)
    i.USBD_FS_ProductStrDescriptor           0x08003a70   Section        0  usbd_desc.o(i.USBD_FS_ProductStrDescriptor)
    i.USBD_FS_SerialStrDescriptor            0x08003a98   Section        0  usbd_desc.o(i.USBD_FS_SerialStrDescriptor)
    i.USBD_GetDescriptor                     0x08003abc   Section        0  usbd_ctlreq.o(i.USBD_GetDescriptor)
    USBD_GetDescriptor                       0x08003abd   Thumb Code   224  usbd_ctlreq.o(i.USBD_GetDescriptor)
    i.USBD_GetString                         0x08003b9c   Section        0  usbd_ctlreq.o(i.USBD_GetString)
    i.USBD_Init                              0x08003be2   Section        0  usbd_core.o(i.USBD_Init)
    i.USBD_LL_ClearStallEP                   0x08003c0c   Section        0  usbd_conf.o(i.USBD_LL_ClearStallEP)
    i.USBD_LL_CloseEP                        0x08003c1a   Section        0  usbd_conf.o(i.USBD_LL_CloseEP)
    i.USBD_LL_DataInStage                    0x08003c28   Section        0  usbd_core.o(i.USBD_LL_DataInStage)
    i.USBD_LL_DataOutStage                   0x08003cd2   Section        0  usbd_core.o(i.USBD_LL_DataOutStage)
    i.USBD_LL_FlushEP                        0x08003d3c   Section        0  usbd_conf.o(i.USBD_LL_FlushEP)
    i.USBD_LL_GetRxDataSize                  0x08003d4a   Section        0  usbd_conf.o(i.USBD_LL_GetRxDataSize)
    i.USBD_LL_Init                           0x08003d54   Section        0  usbd_conf.o(i.USBD_LL_Init)
    i.USBD_LL_IsStallEP                      0x08003dc8   Section        0  usbd_conf.o(i.USBD_LL_IsStallEP)
    i.USBD_LL_OpenEP                         0x08003de4   Section        0  usbd_conf.o(i.USBD_LL_OpenEP)
    i.USBD_LL_PrepareReceive                 0x08003df8   Section        0  usbd_conf.o(i.USBD_LL_PrepareReceive)
    i.USBD_LL_Reset                          0x08003e06   Section        0  usbd_core.o(i.USBD_LL_Reset)
    i.USBD_LL_Resume                         0x08003e44   Section        0  usbd_core.o(i.USBD_LL_Resume)
    i.USBD_LL_SOF                            0x08003e50   Section        0  usbd_core.o(i.USBD_LL_SOF)
    i.USBD_LL_SetSpeed                       0x08003e68   Section        0  usbd_core.o(i.USBD_LL_SetSpeed)
    i.USBD_LL_SetUSBAddress                  0x08003e6e   Section        0  usbd_conf.o(i.USBD_LL_SetUSBAddress)
    i.USBD_LL_SetupStage                     0x08003e7c   Section        0  usbd_core.o(i.USBD_LL_SetupStage)
    i.USBD_LL_StallEP                        0x08003ed6   Section        0  usbd_conf.o(i.USBD_LL_StallEP)
    i.USBD_LL_Start                          0x08003ee4   Section        0  usbd_conf.o(i.USBD_LL_Start)
    i.USBD_LL_Suspend                        0x08003ef2   Section        0  usbd_core.o(i.USBD_LL_Suspend)
    i.USBD_LL_Transmit                       0x08003f04   Section        0  usbd_conf.o(i.USBD_LL_Transmit)
    i.USBD_MSC_DataIn                        0x08003f12   Section        0  usbd_msc.o(i.USBD_MSC_DataIn)
    i.USBD_MSC_DataOut                       0x08003f1c   Section        0  usbd_msc.o(i.USBD_MSC_DataOut)
    i.USBD_MSC_DeInit                        0x08003f26   Section        0  usbd_msc.o(i.USBD_MSC_DeInit)
    i.USBD_MSC_GetDeviceQualifierDescriptor  0x08003f54   Section        0  usbd_msc.o(i.USBD_MSC_GetDeviceQualifierDescriptor)
    i.USBD_MSC_GetFSCfgDesc                  0x08003f60   Section        0  usbd_msc.o(i.USBD_MSC_GetFSCfgDesc)
    i.USBD_MSC_GetHSCfgDesc                  0x08003f6c   Section        0  usbd_msc.o(i.USBD_MSC_GetHSCfgDesc)
    i.USBD_MSC_GetOtherSpeedCfgDesc          0x08003f78   Section        0  usbd_msc.o(i.USBD_MSC_GetOtherSpeedCfgDesc)
    i.USBD_MSC_Init                          0x08003f84   Section        0  usbd_msc.o(i.USBD_MSC_Init)
    i.USBD_MSC_RegisterStorage               0x08003fd6   Section        0  usbd_msc.o(i.USBD_MSC_RegisterStorage)
    i.USBD_MSC_Setup                         0x08003fe0   Section        0  usbd_msc.o(i.USBD_MSC_Setup)
    i.USBD_ParseSetupRequest                 0x080040a2   Section        0  usbd_ctlreq.o(i.USBD_ParseSetupRequest)
    i.USBD_RegisterClass                     0x080040ca   Section        0  usbd_core.o(i.USBD_RegisterClass)
    i.USBD_SetClassConfig                    0x080040da   Section        0  usbd_core.o(i.USBD_SetClassConfig)
    i.USBD_SetConfig                         0x080040f0   Section        0  usbd_ctlreq.o(i.USBD_SetConfig)
    USBD_SetConfig                           0x080040f1   Thumb Code   110  usbd_ctlreq.o(i.USBD_SetConfig)
    i.USBD_Start                             0x08004164   Section        0  usbd_core.o(i.USBD_Start)
    i.USBD_StdDevReq                         0x0800416e   Section        0  usbd_ctlreq.o(i.USBD_StdDevReq)
    i.USBD_StdEPReq                          0x08004260   Section        0  usbd_ctlreq.o(i.USBD_StdEPReq)
    i.USBD_StdItfReq                         0x0800433c   Section        0  usbd_ctlreq.o(i.USBD_StdItfReq)
    i.USBD_static_free                       0x08004370   Section        0  usbd_conf.o(i.USBD_static_free)
    i.USBD_static_malloc                     0x08004374   Section        0  usbd_conf.o(i.USBD_static_malloc)
    i.USB_ActivateEndpoint                   0x0800437c   Section        0  stm32f1xx_ll_usb.o(i.USB_ActivateEndpoint)
    i.USB_CoreInit                           0x080045d8   Section        0  stm32f1xx_ll_usb.o(i.USB_CoreInit)
    i.USB_DeactivateEndpoint                 0x080045dc   Section        0  stm32f1xx_ll_usb.o(i.USB_DeactivateEndpoint)
    i.USB_DevConnect                         0x08004700   Section        0  stm32f1xx_ll_usb.o(i.USB_DevConnect)
    i.USB_DevDisconnect                      0x08004704   Section        0  stm32f1xx_ll_usb.o(i.USB_DevDisconnect)
    i.USB_DevInit                            0x08004708   Section        0  stm32f1xx_ll_usb.o(i.USB_DevInit)
    i.USB_DisableGlobalInt                   0x0800471a   Section        0  stm32f1xx_ll_usb.o(i.USB_DisableGlobalInt)
    i.USB_EP0_OutStart                       0x08004728   Section        0  stm32f1xx_ll_usb.o(i.USB_EP0_OutStart)
    i.USB_EPClearStall                       0x0800472c   Section        0  stm32f1xx_ll_usb.o(i.USB_EPClearStall)
    i.USB_EPSetStall                         0x08004796   Section        0  stm32f1xx_ll_usb.o(i.USB_EPSetStall)
    i.USB_EPStartXfer                        0x080047e0   Section        0  stm32f1xx_ll_usb.o(i.USB_EPStartXfer)
    i.USB_EnableGlobalInt                    0x0800498a   Section        0  stm32f1xx_ll_usb.o(i.USB_EnableGlobalInt)
    i.USB_FlushRxFifo                        0x08004998   Section        0  stm32f1xx_ll_usb.o(i.USB_FlushRxFifo)
    i.USB_FlushTxFifo                        0x0800499c   Section        0  stm32f1xx_ll_usb.o(i.USB_FlushTxFifo)
    i.USB_LP_CAN1_RX0_IRQHandler             0x080049a0   Section        0  stm32f1xx_it.o(i.USB_LP_CAN1_RX0_IRQHandler)
    i.USB_ReadInterrupts                     0x080049ac   Section        0  stm32f1xx_ll_usb.o(i.USB_ReadInterrupts)
    i.USB_ReadPMA                            0x080049b4   Section        0  stm32f1xx_ll_usb.o(i.USB_ReadPMA)
    i.USB_SetCurrentMode                     0x080049d2   Section        0  stm32f1xx_ll_usb.o(i.USB_SetCurrentMode)
    i.USB_SetDevAddress                      0x080049d6   Section        0  stm32f1xx_ll_usb.o(i.USB_SetDevAddress)
    i.USB_WritePMA                           0x080049e2   Section        0  stm32f1xx_ll_usb.o(i.USB_WritePMA)
    i.UsageFault_Handler                     0x08004a08   Section        0  stm32f1xx_it.o(i.UsageFault_Handler)
    i.__0vsprintf                            0x08004a0c   Section        0  printfa.o(i.__0vsprintf)
    i.__scatterload_copy                     0x08004a30   Section       14  handlers.o(i.__scatterload_copy)
    i.__scatterload_null                     0x08004a3e   Section        2  handlers.o(i.__scatterload_null)
    i.__scatterload_zeroinit                 0x08004a40   Section       14  handlers.o(i.__scatterload_zeroinit)
    i._fp_digits                             0x08004a50   Section        0  printfa.o(i._fp_digits)
    _fp_digits                               0x08004a51   Thumb Code   366  printfa.o(i._fp_digits)
    i._oled_bright                           0x08004bd4   Section        0  main.o(i._oled_bright)
    i._oled_clear                            0x08004bee   Section        0  main.o(i._oled_clear)
    i._oled_close                            0x08004c2e   Section        0  main.o(i._oled_close)
    i._oled_color                            0x08004c4c   Section        0  main.o(i._oled_color)
    i._oled_draw                             0x08004c50   Section        0  main.o(i._oled_draw)
    i._oled_flash                            0x08004d20   Section        0  main.o(i._oled_flash)
    i._oled_font                             0x08004d68   Section        0  main.o(i._oled_font)
    i._oled_init                             0x08004d6c   Section        0  main.o(i._oled_init)
    i._oled_open                             0x08004eaa   Section        0  main.o(i._oled_open)
    i._oled_print                            0x08004ec8   Section        0  main.o(i._oled_print)
    i._oled_printf                           0x08004f2c   Section        0  main.o(i._oled_printf)
    i._oled_setPosition                      0x08004f66   Section        0  main.o(i._oled_setPosition)
    i._oled_trans                            0x08004f8e   Section        0  main.o(i._oled_trans)
    i._oled_writeCommand                     0x08004f96   Section        0  main.o(i._oled_writeCommand)
    i._oled_writeData                        0x08004fe6   Section        0  main.o(i._oled_writeData)
    i._printf_core                           0x08005038   Section        0  printfa.o(i._printf_core)
    _printf_core                             0x08005039   Thumb Code  1744  printfa.o(i._printf_core)
    i._printf_post_padding                   0x08005714   Section        0  printfa.o(i._printf_post_padding)
    _printf_post_padding                     0x08005715   Thumb Code    36  printfa.o(i._printf_post_padding)
    i._printf_pre_padding                    0x08005738   Section        0  printfa.o(i._printf_pre_padding)
    _printf_pre_padding                      0x08005739   Thumb Code    46  printfa.o(i._printf_pre_padding)
    i._soft_iic_send                         0x08005768   Section        0  main.o(i._soft_iic_send)
    i._soft_iic_start                        0x080057a8   Section        0  main.o(i._soft_iic_start)
    i._soft_iic_stop                         0x080057d8   Section        0  main.o(i._soft_iic_stop)
    i._soft_iic_turn                         0x080057fe   Section        0  main.o(i._soft_iic_turn)
    i._soft_iic_wait                         0x08005802   Section        0  main.o(i._soft_iic_wait)
    i._sputc                                 0x0800581e   Section        0  printfa.o(i._sputc)
    _sputc                                   0x0800581f   Thumb Code    10  printfa.o(i._sputc)
    i.free                                   0x08005828   Section        0  malloc.o(i.free)
    i.main                                   0x08005878   Section        0  main.o(i.main)
    i.malloc                                 0x08005aec   Section        0  malloc.o(i.malloc)
    .constdata                               0x08005b58   Section       16  system_stm32f1xx.o(.constdata)
    .constdata                               0x08005b68   Section     3096  main.o(.constdata)
    .constdata                               0x08006780   Section       36  usbd_storage_if.o(.constdata)
    .constdata                               0x080067a4   Section       20  sd_diskio.o(.constdata)
    .constdata                               0x080067b8   Section        7  usbd_msc_data.o(.constdata)
    .constdata                               0x080067bf   Section        8  usbd_msc_data.o(.constdata)
    .constdata                               0x080067c7   Section        8  usbd_msc_data.o(.constdata)
    .data                                    0x20000000   Section        4  stm32f1xx_hal.o(.data)
    uwTick                                   0x20000000   Data           4  stm32f1xx_hal.o(.data)
    .data                                    0x20000004   Section        4  system_stm32f1xx.o(.data)
    .data                                    0x20000008   Section        4  main.o(.data)
    .data                                    0x2000000c   Section       28  usbd_desc.o(.data)
    .data                                    0x20000028   Section       22  usbd_desc.o(.data)
    .data                                    0x2000003e   Section        5  fatfs.o(.data)
    .data                                    0x20000044   Section       32  usbd_storage_if.o(.data)
    .data                                    0x20000064   Section        1  sd_diskio.o(.data)
    Stat                                     0x20000064   Data           1  sd_diskio.o(.data)
    .data                                    0x20000068   Section       56  usbd_msc.o(.data)
    .data                                    0x200000a0   Section      106  usbd_msc.o(.data)
    .data                                    0x2000010a   Section        1  usbd_ctlreq.o(.data)
    cfgidx                                   0x2000010a   Data           1  usbd_ctlreq.o(.data)
    .data                                    0x2000010c   Section        4  mvars.o(.data)
    .data                                    0x20000110   Section        4  mvars.o(.data)
    .bss                                     0x20000114   Section       96  main.o(.bss)
    .bss                                     0x20000178   Section       88  main.o(.bss)
    .bss                                     0x200001d0   Section      512  usbd_desc.o(.bss)
    .bss                                     0x200003d0   Section      548  usb_device.o(.bss)
    .bss                                     0x200005f4   Section     1680  usbd_conf.o(.bss)
    mem                                      0x200005f4   Data         624  usbd_conf.o(.bss)
    .bss                                     0x20000c84   Section       12  ff_gen_drv.o(.bss)
    HEAP                                     0x20000c90   Section      512  startup_stm32f103xe.o(HEAP)
    STACK                                    0x20000e90   Section     1024  startup_stm32f103xe.o(STACK)

    Global Symbols

    Symbol Name                              Value     Ov Type        Size  Object(Section)

    BuildAttributes$$THM_ISAv4$P$D$K$B$S$PE$A:L22UL41UL21$X:L11$S22US41US21$IEEE1$IW$USESV6$~STKCKD$USESV7$~SHL$OSPACE$ROPI$EBA8$MICROLIB$REQ8$PRES8$EABIv2 0x00000000   Number         0  anon$$obj.o ABSOLUTE
    __ARM_use_no_argv                        0x00000000   Number         0  main.o ABSOLUTE
    __cpp_initialize__aeabi_                  - Undefined Weak Reference
    __cxa_finalize                            - Undefined Weak Reference
    __decompress                              - Undefined Weak Reference
    _clock_init                               - Undefined Weak Reference
    _microlib_exit                            - Undefined Weak Reference
    __Vectors_Size                           0x00000130   Number         0  startup_stm32f103xe.o ABSOLUTE
    __Vectors                                0x08000000   Data           4  startup_stm32f103xe.o(RESET)
    __Vectors_End                            0x08000130   Data           0  startup_stm32f103xe.o(RESET)
    __main                                   0x08000131   Thumb Code     0  entry.o(.ARM.Collect$$$$00000000)
    _main_stk                                0x08000131   Thumb Code     0  entry2.o(.ARM.Collect$$$$00000001)
    _main_scatterload                        0x08000135   Thumb Code     0  entry5.o(.ARM.Collect$$$$00000004)
    __main_after_scatterload                 0x08000139   Thumb Code     0  entry5.o(.ARM.Collect$$$$00000004)
    _main_clock                              0x08000139   Thumb Code     0  entry7b.o(.ARM.Collect$$$$00000008)
    _main_cpp_init                           0x08000139   Thumb Code     0  entry8b.o(.ARM.Collect$$$$0000000A)
    _main_init                               0x08000139   Thumb Code     0  entry9a.o(.ARM.Collect$$$$0000000B)
    __rt_final_cpp                           0x08000141   Thumb Code     0  entry10a.o(.ARM.Collect$$$$0000000D)
    __rt_final_exit                          0x08000141   Thumb Code     0  entry11a.o(.ARM.Collect$$$$0000000F)
    Reset_Handler                            0x08000145   Thumb Code     8  startup_stm32f103xe.o(.text)
    ADC1_2_IRQHandler                        0x0800015f   Thumb Code     0  startup_stm32f103xe.o(.text)
    ADC3_IRQHandler                          0x0800015f   Thumb Code     0  startup_stm32f103xe.o(.text)
    CAN1_RX1_IRQHandler                      0x0800015f   Thumb Code     0  startup_stm32f103xe.o(.text)
    CAN1_SCE_IRQHandler                      0x0800015f   Thumb Code     0  startup_stm32f103xe.o(.text)
    DMA1_Channel1_IRQHandler                 0x0800015f   Thumb Code     0  startup_stm32f103xe.o(.text)
    DMA1_Channel2_IRQHandler                 0x0800015f   Thumb Code     0  startup_stm32f103xe.o(.text)
    DMA1_Channel3_IRQHandler                 0x0800015f   Thumb Code     0  startup_stm32f103xe.o(.text)
    DMA1_Channel4_IRQHandler                 0x0800015f   Thumb Code     0  startup_stm32f103xe.o(.text)
    DMA1_Channel5_IRQHandler                 0x0800015f   Thumb Code     0  startup_stm32f103xe.o(.text)
    DMA1_Channel6_IRQHandler                 0x0800015f   Thumb Code     0  startup_stm32f103xe.o(.text)
    DMA1_Channel7_IRQHandler                 0x0800015f   Thumb Code     0  startup_stm32f103xe.o(.text)
    DMA2_Channel1_IRQHandler                 0x0800015f   Thumb Code     0  startup_stm32f103xe.o(.text)
    DMA2_Channel2_IRQHandler                 0x0800015f   Thumb Code     0  startup_stm32f103xe.o(.text)
    DMA2_Channel3_IRQHandler                 0x0800015f   Thumb Code     0  startup_stm32f103xe.o(.text)
    DMA2_Channel4_5_IRQHandler               0x0800015f   Thumb Code     0  startup_stm32f103xe.o(.text)
    EXTI0_IRQHandler                         0x0800015f   Thumb Code     0  startup_stm32f103xe.o(.text)
    EXTI15_10_IRQHandler                     0x0800015f   Thumb Code     0  startup_stm32f103xe.o(.text)
    EXTI1_IRQHandler                         0x0800015f   Thumb Code     0  startup_stm32f103xe.o(.text)
    EXTI2_IRQHandler                         0x0800015f   Thumb Code     0  startup_stm32f103xe.o(.text)
    EXTI3_IRQHandler                         0x0800015f   Thumb Code     0  startup_stm32f103xe.o(.text)
    EXTI4_IRQHandler                         0x0800015f   Thumb Code     0  startup_stm32f103xe.o(.text)
    EXTI9_5_IRQHandler                       0x0800015f   Thumb Code     0  startup_stm32f103xe.o(.text)
    FLASH_IRQHandler                         0x0800015f   Thumb Code     0  startup_stm32f103xe.o(.text)
    FSMC_IRQHandler                          0x0800015f   Thumb Code     0  startup_stm32f103xe.o(.text)
    I2C1_ER_IRQHandler                       0x0800015f   Thumb Code     0  startup_stm32f103xe.o(.text)
    I2C1_EV_IRQHandler                       0x0800015f   Thumb Code     0  startup_stm32f103xe.o(.text)
    I2C2_ER_IRQHandler                       0x0800015f   Thumb Code     0  startup_stm32f103xe.o(.text)
    I2C2_EV_IRQHandler                       0x0800015f   Thumb Code     0  startup_stm32f103xe.o(.text)
    PVD_IRQHandler                           0x0800015f   Thumb Code     0  startup_stm32f103xe.o(.text)
    RCC_IRQHandler                           0x0800015f   Thumb Code     0  startup_stm32f103xe.o(.text)
    RTC_Alarm_IRQHandler                     0x0800015f   Thumb Code     0  startup_stm32f103xe.o(.text)
    RTC_IRQHandler                           0x0800015f   Thumb Code     0  startup_stm32f103xe.o(.text)
    SDIO_IRQHandler                          0x0800015f   Thumb Code     0  startup_stm32f103xe.o(.text)
    SPI1_IRQHandler                          0x0800015f   Thumb Code     0  startup_stm32f103xe.o(.text)
    SPI2_IRQHandler                          0x0800015f   Thumb Code     0  startup_stm32f103xe.o(.text)
    SPI3_IRQHandler                          0x0800015f   Thumb Code     0  startup_stm32f103xe.o(.text)
    TAMPER_IRQHandler                        0x0800015f   Thumb Code     0  startup_stm32f103xe.o(.text)
    TIM1_BRK_IRQHandler                      0x0800015f   Thumb Code     0  startup_stm32f103xe.o(.text)
    TIM1_CC_IRQHandler                       0x0800015f   Thumb Code     0  startup_stm32f103xe.o(.text)
    TIM1_TRG_COM_IRQHandler                  0x0800015f   Thumb Code     0  startup_stm32f103xe.o(.text)
    TIM1_UP_IRQHandler                       0x0800015f   Thumb Code     0  startup_stm32f103xe.o(.text)
    TIM2_IRQHandler                          0x0800015f   Thumb Code     0  startup_stm32f103xe.o(.text)
    TIM3_IRQHandler                          0x0800015f   Thumb Code     0  startup_stm32f103xe.o(.text)
    TIM4_IRQHandler                          0x0800015f   Thumb Code     0  startup_stm32f103xe.o(.text)
    TIM5_IRQHandler                          0x0800015f   Thumb Code     0  startup_stm32f103xe.o(.text)
    TIM6_IRQHandler                          0x0800015f   Thumb Code     0  startup_stm32f103xe.o(.text)
    TIM7_IRQHandler                          0x0800015f   Thumb Code     0  startup_stm32f103xe.o(.text)
    TIM8_BRK_IRQHandler                      0x0800015f   Thumb Code     0  startup_stm32f103xe.o(.text)
    TIM8_CC_IRQHandler                       0x0800015f   Thumb Code     0  startup_stm32f103xe.o(.text)
    TIM8_TRG_COM_IRQHandler                  0x0800015f   Thumb Code     0  startup_stm32f103xe.o(.text)
    TIM8_UP_IRQHandler                       0x0800015f   Thumb Code     0  startup_stm32f103xe.o(.text)
    UART4_IRQHandler                         0x0800015f   Thumb Code     0  startup_stm32f103xe.o(.text)
    UART5_IRQHandler                         0x0800015f   Thumb Code     0  startup_stm32f103xe.o(.text)
    USART1_IRQHandler                        0x0800015f   Thumb Code     0  startup_stm32f103xe.o(.text)
    USART2_IRQHandler                        0x0800015f   Thumb Code     0  startup_stm32f103xe.o(.text)
    USART3_IRQHandler                        0x0800015f   Thumb Code     0  startup_stm32f103xe.o(.text)
    USBWakeUp_IRQHandler                     0x0800015f   Thumb Code     0  startup_stm32f103xe.o(.text)
    USB_HP_CAN1_TX_IRQHandler                0x0800015f   Thumb Code     0  startup_stm32f103xe.o(.text)
    WWDG_IRQHandler                          0x0800015f   Thumb Code     0  startup_stm32f103xe.o(.text)
    __aeabi_llsr                             0x08000169   Thumb Code    32  llushr.o(.text)
    _ll_ushift_r                             0x08000169   Thumb Code     0  llushr.o(.text)
    __aeabi_memcpy                           0x08000189   Thumb Code    36  memcpya.o(.text)
    __aeabi_memcpy4                          0x08000189   Thumb Code     0  memcpya.o(.text)
    __aeabi_memcpy8                          0x08000189   Thumb Code     0  memcpya.o(.text)
    __aeabi_memset                           0x080001ad   Thumb Code    14  memseta.o(.text)
    __aeabi_memset4                          0x080001ad   Thumb Code     0  memseta.o(.text)
    __aeabi_memset8                          0x080001ad   Thumb Code     0  memseta.o(.text)
    __aeabi_memclr                           0x080001bb   Thumb Code     4  memseta.o(.text)
    __aeabi_memclr4                          0x080001bb   Thumb Code     0  memseta.o(.text)
    __aeabi_memclr8                          0x080001bb   Thumb Code     0  memseta.o(.text)
    _memset$wrapper                          0x080001bf   Thumb Code    18  memseta.o(.text)
    __aeabi_uidiv                            0x080001d1   Thumb Code     0  uidiv.o(.text)
    __aeabi_uidivmod                         0x080001d1   Thumb Code    44  uidiv.o(.text)
    __aeabi_uldivmod                         0x080001fd   Thumb Code    98  uldiv.o(.text)
    __I$use$fp                               0x0800025f   Thumb Code     0  iusefp.o(.text)
    __aeabi_dadd                             0x0800025f   Thumb Code   322  dadd.o(.text)
    __aeabi_dsub                             0x080003a1   Thumb Code     6  dadd.o(.text)
    __aeabi_drsub                            0x080003a7   Thumb Code     6  dadd.o(.text)
    __aeabi_dmul                             0x080003ad   Thumb Code   228  dmul.o(.text)
    __aeabi_ddiv                             0x08000491   Thumb Code   222  ddiv.o(.text)
    __aeabi_d2ulz                            0x0800056f   Thumb Code    48  dfixul.o(.text)
    __aeabi_cdrcmple                         0x080005a1   Thumb Code    48  cdrcmple.o(.text)
    __scatterload                            0x080005d1   Thumb Code    28  init.o(.text)
    __scatterload_rt2                        0x080005d1   Thumb Code     0  init.o(.text)
    __aeabi_llsl                             0x080005f5   Thumb Code    30  llshl.o(.text)
    _ll_shift_l                              0x080005f5   Thumb Code     0  llshl.o(.text)
    __aeabi_lasr                             0x08000613   Thumb Code    36  llsshr.o(.text)
    _ll_sshift_r                             0x08000613   Thumb Code     0  llsshr.o(.text)
    _double_round                            0x08000637   Thumb Code    30  depilogue.o(.text)
    _double_epilogue                         0x08000655   Thumb Code   156  depilogue.o(.text)
    BSP_SD_GetCardInfo                       0x080006f1   Thumb Code     8  bsp_driver_sd.o(i.BSP_SD_GetCardInfo)
    BSP_SD_GetStatus                         0x080006fd   Thumb Code     6  bsp_driver_sd.o(i.BSP_SD_GetStatus)
    BSP_SD_Init                              0x08000709   Thumb Code    50  bsp_driver_sd.o(i.BSP_SD_Init)
    BSP_SD_ReadBlocks                        0x08000745   Thumb Code    26  bsp_driver_sd.o(i.BSP_SD_ReadBlocks)
    BSP_SD_WriteBlocks                       0x08000765   Thumb Code    26  bsp_driver_sd.o(i.BSP_SD_WriteBlocks)
    BusFault_Handler                         0x08000785   Thumb Code     2  stm32f1xx_it.o(i.BusFault_Handler)
    DebugMon_Handler                         0x08000787   Thumb Code     2  stm32f1xx_it.o(i.DebugMon_Handler)
    Error_Handler                            0x08000789   Thumb Code     2  main.o(i.Error_Handler)
    FATFS_LinkDriver                         0x0800078b   Thumb Code     6  ff_gen_drv.o(i.FATFS_LinkDriver)
    FATFS_LinkDriverEx                       0x08000791   Thumb Code    60  ff_gen_drv.o(i.FATFS_LinkDriverEx)
    HAL_Delay                                0x080007d1   Thumb Code    22  stm32f1xx_hal.o(i.HAL_Delay)
    HAL_GPIO_Init                            0x080007e9   Thumb Code   446  stm32f1xx_hal_gpio.o(i.HAL_GPIO_Init)
    HAL_GPIO_ReadPin                         0x080009d1   Thumb Code    10  stm32f1xx_hal_gpio.o(i.HAL_GPIO_ReadPin)
    HAL_GPIO_WritePin                        0x080009db   Thumb Code    10  stm32f1xx_hal_gpio.o(i.HAL_GPIO_WritePin)
    HAL_GetTick                              0x080009e5   Thumb Code     6  stm32f1xx_hal.o(i.HAL_GetTick)
    HAL_IncTick                              0x080009f1   Thumb Code    10  stm32f1xx_hal.o(i.HAL_IncTick)
    HAL_Init                                 0x08000a01   Thumb Code    32  stm32f1xx_hal.o(i.HAL_Init)
    HAL_InitTick                             0x08000a25   Thumb Code    34  stm32f1xx_hal.o(i.HAL_InitTick)
    HAL_MspInit                              0x08000a49   Thumb Code   118  stm32f1xx_hal_msp.o(i.HAL_MspInit)
    HAL_NVIC_EnableIRQ                       0x08000ac9   Thumb Code    22  stm32f1xx_hal_cortex.o(i.HAL_NVIC_EnableIRQ)
    HAL_NVIC_SetPriority                     0x08000ae1   Thumb Code    60  stm32f1xx_hal_cortex.o(i.HAL_NVIC_SetPriority)
    HAL_NVIC_SetPriorityGrouping             0x08000b21   Thumb Code    26  stm32f1xx_hal_cortex.o(i.HAL_NVIC_SetPriorityGrouping)
    HAL_PCDEx_PMAConfig                      0x08000b45   Thumb Code    52  stm32f1xx_hal_pcd_ex.o(i.HAL_PCDEx_PMAConfig)
    HAL_PCDEx_SetConnectionState             0x08000b79   Thumb Code     2  usbd_conf.o(i.HAL_PCDEx_SetConnectionState)
    HAL_PCD_DataInStageCallback              0x08000b7b   Thumb Code    14  usbd_conf.o(i.HAL_PCD_DataInStageCallback)
    HAL_PCD_DataOutStageCallback             0x08000b89   Thumb Code    16  usbd_conf.o(i.HAL_PCD_DataOutStageCallback)
    HAL_PCD_EP_Close                         0x08000b99   Thumb Code    64  stm32f1xx_hal_pcd.o(i.HAL_PCD_EP_Close)
    HAL_PCD_EP_ClrStall                      0x08000bd9   Thumb Code    72  stm32f1xx_hal_pcd.o(i.HAL_PCD_EP_ClrStall)
    HAL_PCD_EP_Flush                         0x08000c21   Thumb Code    52  stm32f1xx_hal_pcd.o(i.HAL_PCD_EP_Flush)
    HAL_PCD_EP_GetRxCount                    0x08000c55   Thumb Code    16  stm32f1xx_hal_pcd.o(i.HAL_PCD_EP_GetRxCount)
    HAL_PCD_EP_Open                          0x08000c65   Thumb Code    68  stm32f1xx_hal_pcd.o(i.HAL_PCD_EP_Open)
    HAL_PCD_EP_Receive                       0x08000ca9   Thumb Code    64  stm32f1xx_hal_pcd.o(i.HAL_PCD_EP_Receive)
    HAL_PCD_EP_SetStall                      0x08000ce9   Thumb Code    86  stm32f1xx_hal_pcd.o(i.HAL_PCD_EP_SetStall)
    HAL_PCD_EP_Transmit                      0x08000d3f   Thumb Code    62  stm32f1xx_hal_pcd.o(i.HAL_PCD_EP_Transmit)
    HAL_PCD_IRQHandler                       0x08000d7d   Thumb Code   266  stm32f1xx_hal_pcd.o(i.HAL_PCD_IRQHandler)
    HAL_PCD_Init                             0x08000e89   Thumb Code   192  stm32f1xx_hal_pcd.o(i.HAL_PCD_Init)
    HAL_PCD_MspInit                          0x08000f49   Thumb Code    50  usbd_conf.o(i.HAL_PCD_MspInit)
    HAL_PCD_ResetCallback                    0x08000f85   Thumb Code    26  usbd_conf.o(i.HAL_PCD_ResetCallback)
    HAL_PCD_ResumeCallback                   0x08000f9f   Thumb Code     8  usbd_conf.o(i.HAL_PCD_ResumeCallback)
    HAL_PCD_SOFCallback                      0x08000fa7   Thumb Code     8  usbd_conf.o(i.HAL_PCD_SOFCallback)
    HAL_PCD_SetAddress                       0x08000faf   Thumb Code    40  stm32f1xx_hal_pcd.o(i.HAL_PCD_SetAddress)
    HAL_PCD_SetupStageCallback               0x08000fd7   Thumb Code    14  usbd_conf.o(i.HAL_PCD_SetupStageCallback)
    HAL_PCD_Start                            0x08000fe5   Thumb Code    50  stm32f1xx_hal_pcd.o(i.HAL_PCD_Start)
    HAL_PCD_SuspendCallback                  0x08001019   Thumb Code    30  usbd_conf.o(i.HAL_PCD_SuspendCallback)
    HAL_RCCEx_PeriphCLKConfig                0x0800103d   Thumb Code   288  stm32f1xx_hal_rcc_ex.o(i.HAL_RCCEx_PeriphCLKConfig)
    HAL_RCC_CSSCallback                      0x08001169   Thumb Code     2  stm32f1xx_hal_rcc.o(i.HAL_RCC_CSSCallback)
    HAL_RCC_ClockConfig                      0x0800116d   Thumb Code   374  stm32f1xx_hal_rcc.o(i.HAL_RCC_ClockConfig)
    HAL_RCC_EnableCSS                        0x080012f5   Thumb Code    20  stm32f1xx_hal_rcc.o(i.HAL_RCC_EnableCSS)
    HAL_RCC_GetHCLKFreq                      0x0800130d   Thumb Code     6  stm32f1xx_hal_rcc.o(i.HAL_RCC_GetHCLKFreq)
    HAL_RCC_GetSysClockFreq                  0x08001319   Thumb Code   102  stm32f1xx_hal_rcc.o(i.HAL_RCC_GetSysClockFreq)
    HAL_RCC_NMI_IRQHandler                   0x080013a1   Thumb Code    20  stm32f1xx_hal_rcc.o(i.HAL_RCC_NMI_IRQHandler)
    HAL_RCC_OscConfig                        0x080013b9   Thumb Code  1406  stm32f1xx_hal_rcc.o(i.HAL_RCC_OscConfig)
    HAL_SD_GetStatus                         0x08001937   Thumb Code    26  stm32f1xx_hal_sd.o(i.HAL_SD_GetStatus)
    HAL_SD_Get_CardInfo                      0x08001951   Thumb Code   696  stm32f1xx_hal_sd.o(i.HAL_SD_Get_CardInfo)
    HAL_SD_Init                              0x08001c09   Thumb Code   190  stm32f1xx_hal_sd.o(i.HAL_SD_Init)
    HAL_SD_MspInit                           0x08001cc9   Thumb Code    72  stm32f1xx_hal_msp.o(i.HAL_SD_MspInit)
    HAL_SD_ReadBlocks                        0x08001d21   Thumb Code   400  stm32f1xx_hal_sd.o(i.HAL_SD_ReadBlocks)
    HAL_SD_StopTransfer                      0x08001eb1   Thumb Code    52  stm32f1xx_hal_sd.o(i.HAL_SD_StopTransfer)
    HAL_SD_WideBusOperation_Config           0x08001ee5   Thumb Code   128  stm32f1xx_hal_sd.o(i.HAL_SD_WideBusOperation_Config)
    HAL_SD_WriteBlocks                       0x08001f65   Thumb Code   488  stm32f1xx_hal_sd.o(i.HAL_SD_WriteBlocks)
    HAL_SYSTICK_CLKSourceConfig              0x0800214d   Thumb Code    24  stm32f1xx_hal_cortex.o(i.HAL_SYSTICK_CLKSourceConfig)
    HAL_SYSTICK_Callback                     0x08002165   Thumb Code     2  stm32f1xx_hal_cortex.o(i.HAL_SYSTICK_Callback)
    HAL_SYSTICK_Config                       0x08002167   Thumb Code    40  stm32f1xx_hal_cortex.o(i.HAL_SYSTICK_Config)
    HAL_SYSTICK_IRQHandler                   0x0800218f   Thumb Code     8  stm32f1xx_hal_cortex.o(i.HAL_SYSTICK_IRQHandler)
    HardFault_Handler                        0x08002197   Thumb Code     2  stm32f1xx_it.o(i.HardFault_Handler)
    MSC_BOT_CplClrFeature                    0x080022a9   Thumb Code    42  usbd_msc_bot.o(i.MSC_BOT_CplClrFeature)
    MSC_BOT_DataIn                           0x080022d3   Thumb Code    58  usbd_msc_bot.o(i.MSC_BOT_DataIn)
    MSC_BOT_DataOut                          0x0800230d   Thumb Code    58  usbd_msc_bot.o(i.MSC_BOT_DataOut)
    MSC_BOT_DeInit                           0x08002347   Thumb Code    10  usbd_msc_bot.o(i.MSC_BOT_DeInit)
    MSC_BOT_Init                             0x08002351   Thumb Code    66  usbd_msc_bot.o(i.MSC_BOT_Init)
    MSC_BOT_Reset                            0x08002393   Thumb Code    22  usbd_msc_bot.o(i.MSC_BOT_Reset)
    MSC_BOT_SendCSW                          0x080023a9   Thumb Code    54  usbd_msc_bot.o(i.MSC_BOT_SendCSW)
    MX_FATFS_Init                            0x080023e5   Thumb Code    18  fatfs.o(i.MX_FATFS_Init)
    MX_USB_DEVICE_Init                       0x080024a9   Thumb Code    38  usb_device.o(i.MX_USB_DEVICE_Init)
    MemManage_Handler                        0x080024e1   Thumb Code     2  stm32f1xx_it.o(i.MemManage_Handler)
    NMI_Handler                              0x080024e3   Thumb Code     4  stm32f1xx_it.o(i.NMI_Handler)
    OLEDInit                                 0x08002509   Thumb Code   116  main.o(i.OLEDInit)
    PendSV_Handler                           0x0800291b   Thumb Code     2  stm32f1xx_it.o(i.PendSV_Handler)
    SCSI_ProcessCmd                          0x08002941   Thumb Code   448  usbd_msc_scsi.o(i.SCSI_ProcessCmd)
    SCSI_SenseCode                           0x08002d9f   Thumb Code    54  usbd_msc_scsi.o(i.SCSI_SenseCode)
    SDIO_DataConfig                          0x08002e9f   Thumb Code    36  stm32f1xx_ll_sdmmc.o(i.SDIO_DataConfig)
    SDIO_GetCommandResponse                  0x08002ec3   Thumb Code     6  stm32f1xx_ll_sdmmc.o(i.SDIO_GetCommandResponse)
    SDIO_GetPowerState                       0x08002ec9   Thumb Code     8  stm32f1xx_ll_sdmmc.o(i.SDIO_GetPowerState)
    SDIO_GetResponse                         0x08002ed1   Thumb Code    12  stm32f1xx_ll_sdmmc.o(i.SDIO_GetResponse)
    SDIO_Init                                0x08002ee1   Thumb Code    36  stm32f1xx_ll_sdmmc.o(i.SDIO_Init)
    SDIO_PowerState_ON                       0x08002f05   Thumb Code     8  stm32f1xx_ll_sdmmc.o(i.SDIO_PowerState_ON)
    SDIO_ReadFIFO                            0x08002f0d   Thumb Code     6  stm32f1xx_ll_sdmmc.o(i.SDIO_ReadFIFO)
    SDIO_SendCommand                         0x08002f13   Thumb Code    32  stm32f1xx_ll_sdmmc.o(i.SDIO_SendCommand)
    SDIO_WriteFIFO                           0x08002f33   Thumb Code    10  stm32f1xx_ll_sdmmc.o(i.SDIO_WriteFIFO)
    SD_initialize                            0x08003735   Thumb Code    26  sd_diskio.o(i.SD_initialize)
    SD_ioctl                                 0x08003755   Thumb Code    74  sd_diskio.o(i.SD_ioctl)
    SD_read                                  0x080037a5   Thumb Code    30  sd_diskio.o(i.SD_read)
    SD_status                                0x080037c5   Thumb Code    26  sd_diskio.o(i.SD_status)
    SD_write                                 0x080037e5   Thumb Code    30  sd_diskio.o(i.SD_write)
    SVC_Handler                              0x08003829   Thumb Code     2  stm32f1xx_it.o(i.SVC_Handler)
    SoftIICInit                              0x0800382d   Thumb Code    74  main.o(i.SoftIICInit)
    SysTick_Handler                          0x0800388d   Thumb Code    14  stm32f1xx_it.o(i.SysTick_Handler)
    SystemClock_Config                       0x0800389b   Thumb Code   124  main.o(i.SystemClock_Config)
    SystemInit                               0x08003919   Thumb Code    56  system_stm32f1xx.o(i.SystemInit)
    USBD_ClrClassConfig                      0x08003961   Thumb Code    14  usbd_core.o(i.USBD_ClrClassConfig)
    USBD_CtlContinueRx                       0x0800396f   Thumb Code    16  usbd_ioreq.o(i.USBD_CtlContinueRx)
    USBD_CtlContinueSendData                 0x0800397f   Thumb Code    16  usbd_ioreq.o(i.USBD_CtlContinueSendData)
    USBD_CtlError                            0x0800398f   Thumb Code    22  usbd_ctlreq.o(i.USBD_CtlError)
    USBD_CtlReceiveStatus                    0x080039a5   Thumb Code    22  usbd_ioreq.o(i.USBD_CtlReceiveStatus)
    USBD_CtlSendData                         0x080039bb   Thumb Code    26  usbd_ioreq.o(i.USBD_CtlSendData)
    USBD_CtlSendStatus                       0x080039d5   Thumb Code    22  usbd_ioreq.o(i.USBD_CtlSendStatus)
    USBD_FS_ConfigStrDescriptor              0x080039ed   Thumb Code    16  usbd_desc.o(i.USBD_FS_ConfigStrDescriptor)
    USBD_FS_DeviceDescriptor                 0x08003a0d   Thumb Code     8  usbd_desc.o(i.USBD_FS_DeviceDescriptor)
    USBD_FS_InterfaceStrDescriptor           0x08003a19   Thumb Code    16  usbd_desc.o(i.USBD_FS_InterfaceStrDescriptor)
    USBD_FS_LangIDStrDescriptor              0x08003a3d   Thumb Code     8  usbd_desc.o(i.USBD_FS_LangIDStrDescriptor)
    USBD_FS_ManufacturerStrDescriptor        0x08003a49   Thumb Code    16  usbd_desc.o(i.USBD_FS_ManufacturerStrDescriptor)
    USBD_FS_ProductStrDescriptor             0x08003a71   Thumb Code    16  usbd_desc.o(i.USBD_FS_ProductStrDescriptor)
    USBD_FS_SerialStrDescriptor              0x08003a99   Thumb Code    16  usbd_desc.o(i.USBD_FS_SerialStrDescriptor)
    USBD_GetString                           0x08003b9d   Thumb Code    70  usbd_ctlreq.o(i.USBD_GetString)
    USBD_Init                                0x08003be3   Thumb Code    42  usbd_core.o(i.USBD_Init)
    USBD_LL_ClearStallEP                     0x08003c0d   Thumb Code    14  usbd_conf.o(i.USBD_LL_ClearStallEP)
    USBD_LL_CloseEP                          0x08003c1b   Thumb Code    14  usbd_conf.o(i.USBD_LL_CloseEP)
    USBD_LL_DataInStage                      0x08003c29   Thumb Code   170  usbd_core.o(i.USBD_LL_DataInStage)
    USBD_LL_DataOutStage                     0x08003cd3   Thumb Code   106  usbd_core.o(i.USBD_LL_DataOutStage)
    USBD_LL_FlushEP                          0x08003d3d   Thumb Code    14  usbd_conf.o(i.USBD_LL_FlushEP)
    USBD_LL_GetRxDataSize                    0x08003d4b   Thumb Code     8  usbd_conf.o(i.USBD_LL_GetRxDataSize)
    USBD_LL_Init                             0x08003d55   Thumb Code   108  usbd_conf.o(i.USBD_LL_Init)
    USBD_LL_IsStallEP                        0x08003dc9   Thumb Code    28  usbd_conf.o(i.USBD_LL_IsStallEP)
    USBD_LL_OpenEP                           0x08003de5   Thumb Code    20  usbd_conf.o(i.USBD_LL_OpenEP)
    USBD_LL_PrepareReceive                   0x08003df9   Thumb Code    14  usbd_conf.o(i.USBD_LL_PrepareReceive)
    USBD_LL_Reset                            0x08003e07   Thumb Code    62  usbd_core.o(i.USBD_LL_Reset)
    USBD_LL_Resume                           0x08003e45   Thumb Code    12  usbd_core.o(i.USBD_LL_Resume)
    USBD_LL_SOF                              0x08003e51   Thumb Code    24  usbd_core.o(i.USBD_LL_SOF)
    USBD_LL_SetSpeed                         0x08003e69   Thumb Code     6  usbd_core.o(i.USBD_LL_SetSpeed)
    USBD_LL_SetUSBAddress                    0x08003e6f   Thumb Code    14  usbd_conf.o(i.USBD_LL_SetUSBAddress)
    USBD_LL_SetupStage                       0x08003e7d   Thumb Code    90  usbd_core.o(i.USBD_LL_SetupStage)
    USBD_LL_StallEP                          0x08003ed7   Thumb Code    14  usbd_conf.o(i.USBD_LL_StallEP)
    USBD_LL_Start                            0x08003ee5   Thumb Code    14  usbd_conf.o(i.USBD_LL_Start)
    USBD_LL_Suspend                          0x08003ef3   Thumb Code    18  usbd_core.o(i.USBD_LL_Suspend)
    USBD_LL_Transmit                         0x08003f05   Thumb Code    14  usbd_conf.o(i.USBD_LL_Transmit)
    USBD_MSC_DataIn                          0x08003f13   Thumb Code    10  usbd_msc.o(i.USBD_MSC_DataIn)
    USBD_MSC_DataOut                         0x08003f1d   Thumb Code    10  usbd_msc.o(i.USBD_MSC_DataOut)
    USBD_MSC_DeInit                          0x08003f27   Thumb Code    44  usbd_msc.o(i.USBD_MSC_DeInit)
    USBD_MSC_GetDeviceQualifierDescriptor    0x08003f55   Thumb Code     8  usbd_msc.o(i.USBD_MSC_GetDeviceQualifierDescriptor)
    USBD_MSC_GetFSCfgDesc                    0x08003f61   Thumb Code     8  usbd_msc.o(i.USBD_MSC_GetFSCfgDesc)
    USBD_MSC_GetHSCfgDesc                    0x08003f6d   Thumb Code     8  usbd_msc.o(i.USBD_MSC_GetHSCfgDesc)
    USBD_MSC_GetOtherSpeedCfgDesc            0x08003f79   Thumb Code     8  usbd_msc.o(i.USBD_MSC_GetOtherSpeedCfgDesc)
    USBD_MSC_Init                            0x08003f85   Thumb Code    82  usbd_msc.o(i.USBD_MSC_Init)
    USBD_MSC_RegisterStorage                 0x08003fd7   Thumb Code    10  usbd_msc.o(i.USBD_MSC_RegisterStorage)
    USBD_MSC_Setup                           0x08003fe1   Thumb Code   194  usbd_msc.o(i.USBD_MSC_Setup)
    USBD_ParseSetupRequest                   0x080040a3   Thumb Code    40  usbd_ctlreq.o(i.USBD_ParseSetupRequest)
    USBD_RegisterClass                       0x080040cb   Thumb Code    16  usbd_core.o(i.USBD_RegisterClass)
    USBD_SetClassConfig                      0x080040db   Thumb Code    22  usbd_core.o(i.USBD_SetClassConfig)
    USBD_Start                               0x08004165   Thumb Code    10  usbd_core.o(i.USBD_Start)
    USBD_StdDevReq                           0x0800416f   Thumb Code   242  usbd_ctlreq.o(i.USBD_StdDevReq)
    USBD_StdEPReq                            0x08004261   Thumb Code   220  usbd_ctlreq.o(i.USBD_StdEPReq)
    USBD_StdItfReq                           0x0800433d   Thumb Code    52  usbd_ctlreq.o(i.USBD_StdItfReq)
    USBD_static_free                         0x08004371   Thumb Code     2  usbd_conf.o(i.USBD_static_free)
    USBD_static_malloc                       0x08004375   Thumb Code     4  usbd_conf.o(i.USBD_static_malloc)
    USB_ActivateEndpoint                     0x0800437d   Thumb Code   604  stm32f1xx_ll_usb.o(i.USB_ActivateEndpoint)
    USB_CoreInit                             0x080045d9   Thumb Code     4  stm32f1xx_ll_usb.o(i.USB_CoreInit)
    USB_DeactivateEndpoint                   0x080045dd   Thumb Code   292  stm32f1xx_ll_usb.o(i.USB_DeactivateEndpoint)
    USB_DevConnect                           0x08004701   Thumb Code     4  stm32f1xx_ll_usb.o(i.USB_DevConnect)
    USB_DevDisconnect                        0x08004705   Thumb Code     4  stm32f1xx_ll_usb.o(i.USB_DevDisconnect)
    USB_DevInit                              0x08004709   Thumb Code    18  stm32f1xx_ll_usb.o(i.USB_DevInit)
    USB_DisableGlobalInt                     0x0800471b   Thumb Code    14  stm32f1xx_ll_usb.o(i.USB_DisableGlobalInt)
    USB_EP0_OutStart                         0x08004729   Thumb Code     4  stm32f1xx_ll_usb.o(i.USB_EP0_OutStart)
    USB_EPClearStall                         0x0800472d   Thumb Code   106  stm32f1xx_ll_usb.o(i.USB_EPClearStall)
    USB_EPSetStall                           0x08004797   Thumb Code    74  stm32f1xx_ll_usb.o(i.USB_EPSetStall)
    USB_EPStartXfer                          0x080047e1   Thumb Code   426  stm32f1xx_ll_usb.o(i.USB_EPStartXfer)
    USB_EnableGlobalInt                      0x0800498b   Thumb Code    14  stm32f1xx_ll_usb.o(i.USB_EnableGlobalInt)
    USB_FlushRxFifo                          0x08004999   Thumb Code     4  stm32f1xx_ll_usb.o(i.USB_FlushRxFifo)
    USB_FlushTxFifo                          0x0800499d   Thumb Code     4  stm32f1xx_ll_usb.o(i.USB_FlushTxFifo)
    USB_LP_CAN1_RX0_IRQHandler               0x080049a1   Thumb Code     6  stm32f1xx_it.o(i.USB_LP_CAN1_RX0_IRQHandler)
    USB_ReadInterrupts                       0x080049ad   Thumb Code     6  stm32f1xx_ll_usb.o(i.USB_ReadInterrupts)
    USB_ReadPMA                              0x080049b5   Thumb Code    30  stm32f1xx_ll_usb.o(i.USB_ReadPMA)
    USB_SetCurrentMode                       0x080049d3   Thumb Code     4  stm32f1xx_ll_usb.o(i.USB_SetCurrentMode)
    USB_SetDevAddress                        0x080049d7   Thumb Code    12  stm32f1xx_ll_usb.o(i.USB_SetDevAddress)
    USB_WritePMA                             0x080049e3   Thumb Code    38  stm32f1xx_ll_usb.o(i.USB_WritePMA)
    UsageFault_Handler                       0x08004a09   Thumb Code     2  stm32f1xx_it.o(i.UsageFault_Handler)
    __0vsprintf                              0x08004a0d   Thumb Code    30  printfa.o(i.__0vsprintf)
    __1vsprintf                              0x08004a0d   Thumb Code     0  printfa.o(i.__0vsprintf)
    __2vsprintf                              0x08004a0d   Thumb Code     0  printfa.o(i.__0vsprintf)
    __c89vsprintf                            0x08004a0d   Thumb Code     0  printfa.o(i.__0vsprintf)
    vsprintf                                 0x08004a0d   Thumb Code     0  printfa.o(i.__0vsprintf)
    __scatterload_copy                       0x08004a31   Thumb Code    14  handlers.o(i.__scatterload_copy)
    __scatterload_null                       0x08004a3f   Thumb Code     2  handlers.o(i.__scatterload_null)
    __scatterload_zeroinit                   0x08004a41   Thumb Code    14  handlers.o(i.__scatterload_zeroinit)
    _oled_bright                             0x08004bd5   Thumb Code    26  main.o(i._oled_bright)
    _oled_clear                              0x08004bef   Thumb Code    64  main.o(i._oled_clear)
    _oled_close                              0x08004c2f   Thumb Code    30  main.o(i._oled_close)
    _oled_color                              0x08004c4d   Thumb Code     4  main.o(i._oled_color)
    _oled_draw                               0x08004c51   Thumb Code   198  main.o(i._oled_draw)
    _oled_flash                              0x08004d21   Thumb Code    72  main.o(i._oled_flash)
    _oled_font                               0x08004d69   Thumb Code     4  main.o(i._oled_font)
    _oled_init                               0x08004d6d   Thumb Code   318  main.o(i._oled_init)
    _oled_open                               0x08004eab   Thumb Code    30  main.o(i._oled_open)
    _oled_print                              0x08004ec9   Thumb Code   100  main.o(i._oled_print)
    _oled_printf                             0x08004f2d   Thumb Code    58  main.o(i._oled_printf)
    _oled_setPosition                        0x08004f67   Thumb Code    40  main.o(i._oled_setPosition)
    _oled_trans                              0x08004f8f   Thumb Code     8  main.o(i._oled_trans)
    _oled_writeCommand                       0x08004f97   Thumb Code    80  main.o(i._oled_writeCommand)
    _oled_writeData                          0x08004fe7   Thumb Code    80  main.o(i._oled_writeData)
    _soft_iic_send                           0x08005769   Thumb Code    64  main.o(i._soft_iic_send)
    _soft_iic_start                          0x080057a9   Thumb Code    48  main.o(i._soft_iic_start)
    _soft_iic_stop                           0x080057d9   Thumb Code    38  main.o(i._soft_iic_stop)
    _soft_iic_turn                           0x080057ff   Thumb Code     4  main.o(i._soft_iic_turn)
    _soft_iic_wait                           0x08005803   Thumb Code    28  main.o(i._soft_iic_wait)
    free                                     0x08005829   Thumb Code    76  malloc.o(i.free)
    main                                     0x08005879   Thumb Code   528  main.o(i.main)
    malloc                                   0x08005aed   Thumb Code    92  malloc.o(i.malloc)
    AHBPrescTable                            0x08005b58   Data          16  system_stm32f1xx.o(.constdata)
    __FONTS_SMALL_                           0x08005b68   Data         552  main.o(.constdata)
    __FONTS_BIG_                             0x08005d90   Data        1520  main.o(.constdata)
    __NYAGAME_LOGO_                          0x08006380   Data        1024  main.o(.constdata)
    STORAGE_Inquirydata_FS                   0x08006780   Data          36  usbd_storage_if.o(.constdata)
    SD_Driver                                0x080067a4   Data          20  sd_diskio.o(.constdata)
    MSC_Page00_Inquiry_Data                  0x080067b8   Data           7  usbd_msc_data.o(.constdata)
    MSC_Mode_Sense6_data                     0x080067bf   Data           8  usbd_msc_data.o(.constdata)
    MSC_Mode_Sense10_data                    0x080067c7   Data           8  usbd_msc_data.o(.constdata)
    Region$$Table$$Base                      0x080067d0   Number         0  anon$$obj.o(Region$$Table)
    Region$$Table$$Limit                     0x080067f0   Number         0  anon$$obj.o(Region$$Table)
    SystemCoreClock                          0x20000004   Data           4  system_stm32f1xx.o(.data)
    oled                                     0x20000008   Data           4  main.o(.data)
    FS_Desc                                  0x2000000c   Data          28  usbd_desc.o(.data)
    USBD_LangIDDesc                          0x20000028   Data           4  usbd_desc.o(.data)
    USBD_FS_DeviceDesc                       0x2000002c   Data          18  usbd_desc.o(.data)
    retSD                                    0x2000003e   Data           1  fatfs.o(.data)
    SD_Path                                  0x2000003f   Data           4  fatfs.o(.data)
    USBD_Storage_Interface_fops_FS           0x20000044   Data          32  usbd_storage_if.o(.data)
    USBD_MSC                                 0x20000068   Data          56  usbd_msc.o(.data)
    USBD_MSC_CfgHSDesc                       0x200000a0   Data          32  usbd_msc.o(.data)
    USBD_MSC_CfgFSDesc                       0x200000c0   Data          32  usbd_msc.o(.data)
    USBD_MSC_OtherSpeedCfgDesc               0x200000e0   Data          32  usbd_msc.o(.data)
    USBD_MSC_DeviceQualifierDesc             0x20000100   Data          10  usbd_msc.o(.data)
    __microlib_freelist                      0x2000010c   Data           4  mvars.o(.data)
    __microlib_freelist_initialised          0x20000110   Data           4  mvars.o(.data)
    hsd                                      0x20000114   Data          96  main.o(.bss)
    SDCardInfo                               0x20000178   Data          88  main.o(.bss)
    USBD_StrDesc                             0x200001d0   Data         512  usbd_desc.o(.bss)
    hUsbDeviceFS                             0x200003d0   Data         548  usb_device.o(.bss)
    hpcd_USB_FS                              0x20000864   Data        1056  usbd_conf.o(.bss)
    disk                                     0x20000c84   Data          12  ff_gen_drv.o(.bss)
    __heap_base                              0x20000c90   Data           0  startup_stm32f103xe.o(HEAP)
    __heap_limit                             0x20000e90   Data           0  startup_stm32f103xe.o(HEAP)
    __initial_sp                             0x20001290   Data           0  startup_stm32f103xe.o(STACK)



==============================================================================

Memory Map of the image

  Image Entry point : 0x08000131

  Load Region LR_IROM1 (Base: 0x08000000, Size: 0x00006904, Max: 0x00040000, ABSOLUTE)

    Execution Region ER_IROM1 (Base: 0x08000000, Size: 0x000067f0, Max: 0x00040000, ABSOLUTE)

    Base Addr    Size         Type   Attr      Idx    E Section Name        Object

    0x08000000   0x00000130   Data   RO         2718    RESET               startup_stm32f103xe.o
    0x08000130   0x00000000   Code   RO         3745  * .ARM.Collect$$$$00000000  mc_w.l(entry.o)
    0x08000130   0x00000004   Code   RO         3812    .ARM.Collect$$$$00000001  mc_w.l(entry2.o)
    0x08000134   0x00000004   Code   RO         3815    .ARM.Collect$$$$00000004  mc_w.l(entry5.o)
    0x08000138   0x00000000   Code   RO         3817    .ARM.Collect$$$$00000008  mc_w.l(entry7b.o)
    0x08000138   0x00000000   Code   RO         3819    .ARM.Collect$$$$0000000A  mc_w.l(entry8b.o)
    0x08000138   0x00000008   Code   RO         3820    .ARM.Collect$$$$0000000B  mc_w.l(entry9a.o)
    0x08000140   0x00000000   Code   RO         3822    .ARM.Collect$$$$0000000D  mc_w.l(entry10a.o)
    0x08000140   0x00000000   Code   RO         3824    .ARM.Collect$$$$0000000F  mc_w.l(entry11a.o)
    0x08000140   0x00000004   Code   RO         3813    .ARM.Collect$$$$00002712  mc_w.l(entry2.o)
    0x08000144   0x00000024   Code   RO         2719    .text               startup_stm32f103xe.o
    0x08000168   0x00000020   Code   RO         3748    .text               mc_w.l(llushr.o)
    0x08000188   0x00000024   Code   RO         3750    .text               mc_w.l(memcpya.o)
    0x080001ac   0x00000024   Code   RO         3752    .text               mc_w.l(memseta.o)
    0x080001d0   0x0000002c   Code   RO         3829    .text               mc_w.l(uidiv.o)
    0x080001fc   0x00000062   Code   RO         3831    .text               mc_w.l(uldiv.o)
    0x0800025e   0x00000000   Code   RO         3835    .text               mc_w.l(iusefp.o)
    0x0800025e   0x0000014e   Code   RO         3836    .text               mf_w.l(dadd.o)
    0x080003ac   0x000000e4   Code   RO         3838    .text               mf_w.l(dmul.o)
    0x08000490   0x000000de   Code   RO         3840    .text               mf_w.l(ddiv.o)
    0x0800056e   0x00000030   Code   RO         3842    .text               mf_w.l(dfixul.o)
    0x0800059e   0x00000002   PAD
    0x080005a0   0x00000030   Code   RO         3844    .text               mf_w.l(cdrcmple.o)
    0x080005d0   0x00000024   Code   RO         3846    .text               mc_w.l(init.o)
    0x080005f4   0x0000001e   Code   RO         3849    .text               mc_w.l(llshl.o)
    0x08000612   0x00000024   Code   RO         3851    .text               mc_w.l(llsshr.o)
    0x08000636   0x000000ba   Code   RO         3854    .text               mf_w.l(depilogue.o)
    0x080006f0   0x0000000c   Code   RO         2371    i.BSP_SD_GetCardInfo  bsp_driver_sd.o
    0x080006fc   0x0000000c   Code   RO         2372    i.BSP_SD_GetStatus  bsp_driver_sd.o
    0x08000708   0x0000003c   Code   RO         2375    i.BSP_SD_Init       bsp_driver_sd.o
    0x08000744   0x00000020   Code   RO         2377    i.BSP_SD_ReadBlocks  bsp_driver_sd.o
    0x08000764   0x00000020   Code   RO         2379    i.BSP_SD_WriteBlocks  bsp_driver_sd.o
    0x08000784   0x00000002   Code   RO         1864    i.BusFault_Handler  stm32f1xx_it.o
    0x08000786   0x00000002   Code   RO         1865    i.DebugMon_Handler  stm32f1xx_it.o
    0x08000788   0x00000002   Code   RO         1946    i.Error_Handler     main.o
    0x0800078a   0x00000006   Code   RO         2758    i.FATFS_LinkDriver  ff_gen_drv.o
    0x08000790   0x00000040   Code   RO         2759    i.FATFS_LinkDriverEx  ff_gen_drv.o
    0x080007d0   0x00000016   Code   RO          199    i.HAL_Delay         stm32f1xx_hal.o
    0x080007e6   0x00000002   PAD
    0x080007e8   0x000001e8   Code   RO          866    i.HAL_GPIO_Init     stm32f1xx_hal_gpio.o
    0x080009d0   0x0000000a   Code   RO          868    i.HAL_GPIO_ReadPin  stm32f1xx_hal_gpio.o
    0x080009da   0x0000000a   Code   RO          870    i.HAL_GPIO_WritePin  stm32f1xx_hal_gpio.o
    0x080009e4   0x0000000c   Code   RO          203    i.HAL_GetTick       stm32f1xx_hal.o
    0x080009f0   0x00000010   Code   RO          204    i.HAL_IncTick       stm32f1xx_hal.o
    0x08000a00   0x00000024   Code   RO          205    i.HAL_Init          stm32f1xx_hal.o
    0x08000a24   0x00000022   Code   RO          206    i.HAL_InitTick      stm32f1xx_hal.o
    0x08000a46   0x00000002   PAD
    0x08000a48   0x00000080   Code   RO         1828    i.HAL_MspInit       stm32f1xx_hal_msp.o
    0x08000ac8   0x00000016   Code   RO          543    i.HAL_NVIC_EnableIRQ  stm32f1xx_hal_cortex.o
    0x08000ade   0x00000002   PAD
    0x08000ae0   0x00000040   Code   RO          549    i.HAL_NVIC_SetPriority  stm32f1xx_hal_cortex.o
    0x08000b20   0x00000024   Code   RO          550    i.HAL_NVIC_SetPriorityGrouping  stm32f1xx_hal_cortex.o
    0x08000b44   0x00000034   Code   RO         1760    i.HAL_PCDEx_PMAConfig  stm32f1xx_hal_pcd_ex.o
    0x08000b78   0x00000002   Code   RO         2512    i.HAL_PCDEx_SetConnectionState  usbd_conf.o
    0x08000b7a   0x0000000e   Code   RO         2514    i.HAL_PCD_DataInStageCallback  usbd_conf.o
    0x08000b88   0x00000010   Code   RO         2515    i.HAL_PCD_DataOutStageCallback  usbd_conf.o
    0x08000b98   0x00000040   Code   RO         1311    i.HAL_PCD_EP_Close  stm32f1xx_hal_pcd.o
    0x08000bd8   0x00000048   Code   RO         1312    i.HAL_PCD_EP_ClrStall  stm32f1xx_hal_pcd.o
    0x08000c20   0x00000034   Code   RO         1313    i.HAL_PCD_EP_Flush  stm32f1xx_hal_pcd.o
    0x08000c54   0x00000010   Code   RO         1314    i.HAL_PCD_EP_GetRxCount  stm32f1xx_hal_pcd.o
    0x08000c64   0x00000044   Code   RO         1315    i.HAL_PCD_EP_Open   stm32f1xx_hal_pcd.o
    0x08000ca8   0x00000040   Code   RO         1316    i.HAL_PCD_EP_Receive  stm32f1xx_hal_pcd.o
    0x08000ce8   0x00000056   Code   RO         1317    i.HAL_PCD_EP_SetStall  stm32f1xx_hal_pcd.o
    0x08000d3e   0x0000003e   Code   RO         1318    i.HAL_PCD_EP_Transmit  stm32f1xx_hal_pcd.o
    0x08000d7c   0x0000010a   Code   RO         1320    i.HAL_PCD_IRQHandler  stm32f1xx_hal_pcd.o
    0x08000e86   0x00000002   PAD
    0x08000e88   0x000000c0   Code   RO         1323    i.HAL_PCD_Init      stm32f1xx_hal_pcd.o
    0x08000f48   0x0000003c   Code   RO         2520    i.HAL_PCD_MspInit   usbd_conf.o
    0x08000f84   0x0000001a   Code   RO         2521    i.HAL_PCD_ResetCallback  usbd_conf.o
    0x08000f9e   0x00000008   Code   RO         2522    i.HAL_PCD_ResumeCallback  usbd_conf.o
    0x08000fa6   0x00000008   Code   RO         2523    i.HAL_PCD_SOFCallback  usbd_conf.o
    0x08000fae   0x00000028   Code   RO         1329    i.HAL_PCD_SetAddress  stm32f1xx_hal_pcd.o
    0x08000fd6   0x0000000e   Code   RO         2524    i.HAL_PCD_SetupStageCallback  usbd_conf.o
    0x08000fe4   0x00000032   Code   RO         1331    i.HAL_PCD_Start     stm32f1xx_hal_pcd.o
    0x08001016   0x00000002   PAD
    0x08001018   0x00000024   Code   RO         2525    i.HAL_PCD_SuspendCallback  usbd_conf.o
    0x0800103c   0x0000012c   Code   RO          507    i.HAL_RCCEx_PeriphCLKConfig  stm32f1xx_hal_rcc_ex.o
    0x08001168   0x00000002   Code   RO          761    i.HAL_RCC_CSSCallback  stm32f1xx_hal_rcc.o
    0x0800116a   0x00000002   PAD
    0x0800116c   0x00000188   Code   RO          762    i.HAL_RCC_ClockConfig  stm32f1xx_hal_rcc.o
    0x080012f4   0x00000018   Code   RO          765    i.HAL_RCC_EnableCSS  stm32f1xx_hal_rcc.o
    0x0800130c   0x0000000c   Code   RO          767    i.HAL_RCC_GetHCLKFreq  stm32f1xx_hal_rcc.o
    0x08001318   0x00000088   Code   RO          771    i.HAL_RCC_GetSysClockFreq  stm32f1xx_hal_rcc.o
    0x080013a0   0x00000018   Code   RO          773    i.HAL_RCC_NMI_IRQHandler  stm32f1xx_hal_rcc.o
    0x080013b8   0x0000057e   Code   RO          774    i.HAL_RCC_OscConfig  stm32f1xx_hal_rcc.o
    0x08001936   0x0000001a   Code   RO         1526    i.HAL_SD_GetStatus  stm32f1xx_hal_sd.o
    0x08001950   0x000002b8   Code   RO         1527    i.HAL_SD_Get_CardInfo  stm32f1xx_hal_sd.o
    0x08001c08   0x000000be   Code   RO         1530    i.HAL_SD_Init       stm32f1xx_hal_sd.o
    0x08001cc6   0x00000002   PAD
    0x08001cc8   0x00000058   Code   RO         1830    i.HAL_SD_MspInit    stm32f1xx_hal_msp.o
    0x08001d20   0x00000190   Code   RO         1533    i.HAL_SD_ReadBlocks  stm32f1xx_hal_sd.o
    0x08001eb0   0x00000034   Code   RO         1536    i.HAL_SD_StopTransfer  stm32f1xx_hal_sd.o
    0x08001ee4   0x00000080   Code   RO         1537    i.HAL_SD_WideBusOperation_Config  stm32f1xx_hal_sd.o
    0x08001f64   0x000001e8   Code   RO         1538    i.HAL_SD_WriteBlocks  stm32f1xx_hal_sd.o
    0x0800214c   0x00000018   Code   RO          552    i.HAL_SYSTICK_CLKSourceConfig  stm32f1xx_hal_cortex.o
    0x08002164   0x00000002   Code   RO          553    i.HAL_SYSTICK_Callback  stm32f1xx_hal_cortex.o
    0x08002166   0x00000028   Code   RO          554    i.HAL_SYSTICK_Config  stm32f1xx_hal_cortex.o
    0x0800218e   0x00000008   Code   RO          555    i.HAL_SYSTICK_IRQHandler  stm32f1xx_hal_cortex.o
    0x08002196   0x00000002   Code   RO         1866    i.HardFault_Handler  stm32f1xx_it.o
    0x08002198   0x00000042   Code   RO         3235    i.MSC_BOT_Abort     usbd_msc_bot.o
    0x080021da   0x00000002   PAD
    0x080021dc   0x000000cc   Code   RO         3236    i.MSC_BOT_CBW_Decode  usbd_msc_bot.o
    0x080022a8   0x0000002a   Code   RO         3237    i.MSC_BOT_CplClrFeature  usbd_msc_bot.o
    0x080022d2   0x0000003a   Code   RO         3238    i.MSC_BOT_DataIn    usbd_msc_bot.o
    0x0800230c   0x0000003a   Code   RO         3239    i.MSC_BOT_DataOut   usbd_msc_bot.o
    0x08002346   0x0000000a   Code   RO         3240    i.MSC_BOT_DeInit    usbd_msc_bot.o
    0x08002350   0x00000042   Code   RO         3241    i.MSC_BOT_Init      usbd_msc_bot.o
    0x08002392   0x00000016   Code   RO         3242    i.MSC_BOT_Reset     usbd_msc_bot.o
    0x080023a8   0x0000003c   Code   RO         3243    i.MSC_BOT_SendCSW   usbd_msc_bot.o
    0x080023e4   0x0000001c   Code   RO         2258    i.MX_FATFS_Init     fatfs.o
    0x08002400   0x000000a8   Code   RO         1947    i.MX_GPIO_Init      main.o
    0x080024a8   0x00000038   Code   RO         2474    i.MX_USB_DEVICE_Init  usb_device.o
    0x080024e0   0x00000002   Code   RO         1867    i.MemManage_Handler  stm32f1xx_it.o
    0x080024e2   0x00000004   Code   RO         1868    i.NMI_Handler       stm32f1xx_it.o
    0x080024e6   0x00000020   Code   RO          556    i.NVIC_SetPriority  stm32f1xx_hal_cortex.o
    0x08002506   0x00000002   PAD
    0x08002508   0x000000b0   Code   RO         1948    i.OLEDInit          main.o
    0x080025b8   0x00000362   Code   RO         1334    i.PCD_EP_ISR_Handler  stm32f1xx_hal_pcd.o
    0x0800291a   0x00000002   Code   RO         1869    i.PendSV_Handler    stm32f1xx_it.o
    0x0800291c   0x00000022   Code   RO         3450    i.SCSI_CheckAddressRange  usbd_msc_scsi.o
    0x0800293e   0x00000002   PAD
    0x08002940   0x000001cc   Code   RO         3451    i.SCSI_ProcessCmd   usbd_msc_scsi.o
    0x08002b0c   0x0000008c   Code   RO         3452    i.SCSI_ProcessRead  usbd_msc_scsi.o
    0x08002b98   0x00000098   Code   RO         3453    i.SCSI_ProcessWrite  usbd_msc_scsi.o
    0x08002c30   0x000000aa   Code   RO         3454    i.SCSI_Read10       usbd_msc_scsi.o
    0x08002cda   0x00000056   Code   RO         3455    i.SCSI_ReadCapacity10  usbd_msc_scsi.o
    0x08002d30   0x0000006e   Code   RO         3456    i.SCSI_ReadFormatCapacity  usbd_msc_scsi.o
    0x08002d9e   0x00000036   Code   RO         3457    i.SCSI_SenseCode    usbd_msc_scsi.o
    0x08002dd4   0x000000ca   Code   RO         3458    i.SCSI_Write10      usbd_msc_scsi.o
    0x08002e9e   0x00000024   Code   RO         1206    i.SDIO_DataConfig   stm32f1xx_ll_sdmmc.o
    0x08002ec2   0x00000006   Code   RO         1207    i.SDIO_GetCommandResponse  stm32f1xx_ll_sdmmc.o
    0x08002ec8   0x00000008   Code   RO         1210    i.SDIO_GetPowerState  stm32f1xx_ll_sdmmc.o
    0x08002ed0   0x00000010   Code   RO         1211    i.SDIO_GetResponse  stm32f1xx_ll_sdmmc.o
    0x08002ee0   0x00000024   Code   RO         1212    i.SDIO_Init         stm32f1xx_ll_sdmmc.o
    0x08002f04   0x00000008   Code   RO         1214    i.SDIO_PowerState_ON  stm32f1xx_ll_sdmmc.o
    0x08002f0c   0x00000006   Code   RO         1215    i.SDIO_ReadFIFO     stm32f1xx_ll_sdmmc.o
    0x08002f12   0x00000020   Code   RO         1216    i.SDIO_SendCommand  stm32f1xx_ll_sdmmc.o
    0x08002f32   0x0000000a   Code   RO         1218    i.SDIO_WriteFIFO    stm32f1xx_ll_sdmmc.o
    0x08002f3c   0x000000ec   Code   RO         1542    i.SD_CmdResp1Error  stm32f1xx_hal_sd.o
    0x08003028   0x0000002e   Code   RO         1543    i.SD_CmdResp2Error  stm32f1xx_hal_sd.o
    0x08003056   0x00000074   Code   RO         1544    i.SD_CmdResp6Error  stm32f1xx_hal_sd.o
    0x080030ca   0x00000040   Code   RO         1545    i.SD_CmdResp7Error  stm32f1xx_hal_sd.o
    0x0800310a   0x0000011a   Code   RO         1550    i.SD_FindSCR        stm32f1xx_hal_sd.o
    0x08003224   0x0000004a   Code   RO         1551    i.SD_GetState       stm32f1xx_hal_sd.o
    0x0800326e   0x000000fa   Code   RO         1552    i.SD_Initialize_Cards  stm32f1xx_hal_sd.o
    0x08003368   0x00000144   Code   RO         1553    i.SD_IsCardProgramming  stm32f1xx_hal_sd.o
    0x080034ac   0x0000018c   Code   RO         1554    i.SD_PowerON        stm32f1xx_hal_sd.o
    0x08003638   0x0000007c   Code   RO         1555    i.SD_WideBus_Disable  stm32f1xx_hal_sd.o
    0x080036b4   0x0000007e   Code   RO         1556    i.SD_WideBus_Enable  stm32f1xx_hal_sd.o
    0x08003732   0x00000002   PAD
    0x08003734   0x00000020   Code   RO         3121    i.SD_initialize     sd_diskio.o
    0x08003754   0x00000050   Code   RO         3122    i.SD_ioctl          sd_diskio.o
    0x080037a4   0x0000001e   Code   RO         3123    i.SD_read           sd_diskio.o
    0x080037c2   0x00000002   PAD
    0x080037c4   0x00000020   Code   RO         3124    i.SD_status         sd_diskio.o
    0x080037e4   0x0000001e   Code   RO         3125    i.SD_write          sd_diskio.o
    0x08003802   0x0000000e   Code   RO         2294    i.STORAGE_GetCapacity_FS  usbd_storage_if.o
    0x08003810   0x00000004   Code   RO         2295    i.STORAGE_GetMaxLun_FS  usbd_storage_if.o
    0x08003814   0x00000004   Code   RO         2296    i.STORAGE_Init_FS   usbd_storage_if.o
    0x08003818   0x00000004   Code   RO         2297    i.STORAGE_IsReady_FS  usbd_storage_if.o
    0x0800381c   0x00000004   Code   RO         2298    i.STORAGE_IsWriteProtected_FS  usbd_storage_if.o
    0x08003820   0x00000004   Code   RO         2299    i.STORAGE_Read_FS   usbd_storage_if.o
    0x08003824   0x00000004   Code   RO         2300    i.STORAGE_Write_FS  usbd_storage_if.o
    0x08003828   0x00000002   Code   RO         1870    i.SVC_Handler       stm32f1xx_it.o
    0x0800382a   0x00000002   PAD
    0x0800382c   0x00000060   Code   RO         1949    i.SoftIICInit       main.o
    0x0800388c   0x0000000e   Code   RO         1871    i.SysTick_Handler   stm32f1xx_it.o
    0x0800389a   0x0000007c   Code   RO         1950    i.SystemClock_Config  main.o
    0x08003916   0x00000002   PAD
    0x08003918   0x00000048   Code   RO         1791    i.SystemInit        system_stm32f1xx.o
    0x08003960   0x0000000e   Code   RO         3519    i.USBD_ClrClassConfig  usbd_core.o
    0x0800396e   0x00000010   Code   RO         3305    i.USBD_CtlContinueRx  usbd_ioreq.o
    0x0800397e   0x00000010   Code   RO         3306    i.USBD_CtlContinueSendData  usbd_ioreq.o
    0x0800398e   0x00000016   Code   RO         3683    i.USBD_CtlError     usbd_ctlreq.o
    0x080039a4   0x00000016   Code   RO         3308    i.USBD_CtlReceiveStatus  usbd_ioreq.o
    0x080039ba   0x0000001a   Code   RO         3309    i.USBD_CtlSendData  usbd_ioreq.o
    0x080039d4   0x00000016   Code   RO         3310    i.USBD_CtlSendStatus  usbd_ioreq.o
    0x080039ea   0x00000002   PAD
    0x080039ec   0x00000020   Code   RO         2181    i.USBD_FS_ConfigStrDescriptor  usbd_desc.o
    0x08003a0c   0x0000000c   Code   RO         2182    i.USBD_FS_DeviceDescriptor  usbd_desc.o
    0x08003a18   0x00000024   Code   RO         2183    i.USBD_FS_InterfaceStrDescriptor  usbd_desc.o
    0x08003a3c   0x0000000c   Code   RO         2184    i.USBD_FS_LangIDStrDescriptor  usbd_desc.o
    0x08003a48   0x00000028   Code   RO         2185    i.USBD_FS_ManufacturerStrDescriptor  usbd_desc.o
    0x08003a70   0x00000028   Code   RO         2186    i.USBD_FS_ProductStrDescriptor  usbd_desc.o
    0x08003a98   0x00000024   Code   RO         2187    i.USBD_FS_SerialStrDescriptor  usbd_desc.o
    0x08003abc   0x000000e0   Code   RO         3684    i.USBD_GetDescriptor  usbd_ctlreq.o
    0x08003b9c   0x00000046   Code   RO         3685    i.USBD_GetString    usbd_ctlreq.o
    0x08003be2   0x0000002a   Code   RO         3521    i.USBD_Init         usbd_core.o
    0x08003c0c   0x0000000e   Code   RO         2526    i.USBD_LL_ClearStallEP  usbd_conf.o
    0x08003c1a   0x0000000e   Code   RO         2527    i.USBD_LL_CloseEP   usbd_conf.o
    0x08003c28   0x000000aa   Code   RO         3522    i.USBD_LL_DataInStage  usbd_core.o
    0x08003cd2   0x0000006a   Code   RO         3523    i.USBD_LL_DataOutStage  usbd_core.o
    0x08003d3c   0x0000000e   Code   RO         2530    i.USBD_LL_FlushEP   usbd_conf.o
    0x08003d4a   0x00000008   Code   RO         2531    i.USBD_LL_GetRxDataSize  usbd_conf.o
    0x08003d52   0x00000002   PAD
    0x08003d54   0x00000074   Code   RO         2532    i.USBD_LL_Init      usbd_conf.o
    0x08003dc8   0x0000001c   Code   RO         2533    i.USBD_LL_IsStallEP  usbd_conf.o
    0x08003de4   0x00000014   Code   RO         2534    i.USBD_LL_OpenEP    usbd_conf.o
    0x08003df8   0x0000000e   Code   RO         2535    i.USBD_LL_PrepareReceive  usbd_conf.o
    0x08003e06   0x0000003e   Code   RO         3528    i.USBD_LL_Reset     usbd_core.o
    0x08003e44   0x0000000c   Code   RO         3529    i.USBD_LL_Resume    usbd_core.o
    0x08003e50   0x00000018   Code   RO         3530    i.USBD_LL_SOF       usbd_core.o
    0x08003e68   0x00000006   Code   RO         3531    i.USBD_LL_SetSpeed  usbd_core.o
    0x08003e6e   0x0000000e   Code   RO         2536    i.USBD_LL_SetUSBAddress  usbd_conf.o
    0x08003e7c   0x0000005a   Code   RO         3532    i.USBD_LL_SetupStage  usbd_core.o
    0x08003ed6   0x0000000e   Code   RO         2537    i.USBD_LL_StallEP   usbd_conf.o
    0x08003ee4   0x0000000e   Code   RO         2538    i.USBD_LL_Start     usbd_conf.o
    0x08003ef2   0x00000012   Code   RO         3533    i.USBD_LL_Suspend   usbd_core.o
    0x08003f04   0x0000000e   Code   RO         2540    i.USBD_LL_Transmit  usbd_conf.o
    0x08003f12   0x0000000a   Code   RO         3365    i.USBD_MSC_DataIn   usbd_msc.o
    0x08003f1c   0x0000000a   Code   RO         3366    i.USBD_MSC_DataOut  usbd_msc.o
    0x08003f26   0x0000002c   Code   RO         3367    i.USBD_MSC_DeInit   usbd_msc.o
    0x08003f52   0x00000002   PAD
    0x08003f54   0x0000000c   Code   RO         3368    i.USBD_MSC_GetDeviceQualifierDescriptor  usbd_msc.o
    0x08003f60   0x0000000c   Code   RO         3369    i.USBD_MSC_GetFSCfgDesc  usbd_msc.o
    0x08003f6c   0x0000000c   Code   RO         3370    i.USBD_MSC_GetHSCfgDesc  usbd_msc.o
    0x08003f78   0x0000000c   Code   RO         3371    i.USBD_MSC_GetOtherSpeedCfgDesc  usbd_msc.o
    0x08003f84   0x00000052   Code   RO         3372    i.USBD_MSC_Init     usbd_msc.o
    0x08003fd6   0x0000000a   Code   RO         3373    i.USBD_MSC_RegisterStorage  usbd_msc.o
    0x08003fe0   0x000000c2   Code   RO         3374    i.USBD_MSC_Setup    usbd_msc.o
    0x080040a2   0x00000028   Code   RO         3686    i.USBD_ParseSetupRequest  usbd_ctlreq.o
    0x080040ca   0x00000010   Code   RO         3534    i.USBD_RegisterClass  usbd_core.o
    0x080040da   0x00000016   Code   RO         3536    i.USBD_SetClassConfig  usbd_core.o
    0x080040f0   0x00000074   Code   RO         3687    i.USBD_SetConfig    usbd_ctlreq.o
    0x08004164   0x0000000a   Code   RO         3537    i.USBD_Start        usbd_core.o
    0x0800416e   0x000000f2   Code   RO         3688    i.USBD_StdDevReq    usbd_ctlreq.o
    0x08004260   0x000000dc   Code   RO         3689    i.USBD_StdEPReq     usbd_ctlreq.o
    0x0800433c   0x00000034   Code   RO         3690    i.USBD_StdItfReq    usbd_ctlreq.o
    0x08004370   0x00000002   Code   RO         2541    i.USBD_static_free  usbd_conf.o
    0x08004372   0x00000002   PAD
    0x08004374   0x00000008   Code   RO         2542    i.USBD_static_malloc  usbd_conf.o
    0x0800437c   0x0000025c   Code   RO         1014    i.USB_ActivateEndpoint  stm32f1xx_ll_usb.o
    0x080045d8   0x00000004   Code   RO         1017    i.USB_CoreInit      stm32f1xx_ll_usb.o
    0x080045dc   0x00000124   Code   RO         1019    i.USB_DeactivateEndpoint  stm32f1xx_ll_usb.o
    0x08004700   0x00000004   Code   RO         1020    i.USB_DevConnect    stm32f1xx_ll_usb.o
    0x08004704   0x00000004   Code   RO         1021    i.USB_DevDisconnect  stm32f1xx_ll_usb.o
    0x08004708   0x00000012   Code   RO         1022    i.USB_DevInit       stm32f1xx_ll_usb.o
    0x0800471a   0x0000000e   Code   RO         1023    i.USB_DisableGlobalInt  stm32f1xx_ll_usb.o
    0x08004728   0x00000004   Code   RO         1024    i.USB_EP0_OutStart  stm32f1xx_ll_usb.o
    0x0800472c   0x0000006a   Code   RO         1025    i.USB_EPClearStall  stm32f1xx_ll_usb.o
    0x08004796   0x0000004a   Code   RO         1026    i.USB_EPSetStall    stm32f1xx_ll_usb.o
    0x080047e0   0x000001aa   Code   RO         1027    i.USB_EPStartXfer   stm32f1xx_ll_usb.o
    0x0800498a   0x0000000e   Code   RO         1028    i.USB_EnableGlobalInt  stm32f1xx_ll_usb.o
    0x08004998   0x00000004   Code   RO         1029    i.USB_FlushRxFifo   stm32f1xx_ll_usb.o
    0x0800499c   0x00000004   Code   RO         1030    i.USB_FlushTxFifo   stm32f1xx_ll_usb.o
    0x080049a0   0x0000000c   Code   RO         1872    i.USB_LP_CAN1_RX0_IRQHandler  stm32f1xx_it.o
    0x080049ac   0x00000006   Code   RO         1035    i.USB_ReadInterrupts  stm32f1xx_ll_usb.o
    0x080049b2   0x00000002   PAD
    0x080049b4   0x0000001e   Code   RO         1036    i.USB_ReadPMA       stm32f1xx_ll_usb.o
    0x080049d2   0x00000004   Code   RO         1038    i.USB_SetCurrentMode  stm32f1xx_ll_usb.o
    0x080049d6   0x0000000c   Code   RO         1039    i.USB_SetDevAddress  stm32f1xx_ll_usb.o
    0x080049e2   0x00000026   Code   RO         1041    i.USB_WritePMA      stm32f1xx_ll_usb.o
    0x08004a08   0x00000002   Code   RO         1873    i.UsageFault_Handler  stm32f1xx_it.o
    0x08004a0a   0x00000002   PAD
    0x08004a0c   0x00000024   Code   RO         3763    i.__0vsprintf       mc_w.l(printfa.o)
    0x08004a30   0x0000000e   Code   RO         3858    i.__scatterload_copy  mc_w.l(handlers.o)
    0x08004a3e   0x00000002   Code   RO         3859    i.__scatterload_null  mc_w.l(handlers.o)
    0x08004a40   0x0000000e   Code   RO         3860    i.__scatterload_zeroinit  mc_w.l(handlers.o)
    0x08004a4e   0x00000002   PAD
    0x08004a50   0x00000184   Code   RO         3764    i._fp_digits        mc_w.l(printfa.o)
    0x08004bd4   0x0000001a   Code   RO         1951    i._oled_bright      main.o
    0x08004bee   0x00000040   Code   RO         1952    i._oled_clear       main.o
    0x08004c2e   0x0000001e   Code   RO         1953    i._oled_close       main.o
    0x08004c4c   0x00000004   Code   RO         1954    i._oled_color       main.o
    0x08004c50   0x000000d0   Code   RO         1955    i._oled_draw        main.o
    0x08004d20   0x00000048   Code   RO         1956    i._oled_flash       main.o
    0x08004d68   0x00000004   Code   RO         1957    i._oled_font        main.o
    0x08004d6c   0x0000013e   Code   RO         1958    i._oled_init        main.o
    0x08004eaa   0x0000001e   Code   RO         1959    i._oled_open        main.o
    0x08004ec8   0x00000064   Code   RO         1960    i._oled_print       main.o
    0x08004f2c   0x0000003a   Code   RO         1961    i._oled_printf      main.o
    0x08004f66   0x00000028   Code   RO         1962    i._oled_setPosition  main.o
    0x08004f8e   0x00000008   Code   RO         1963    i._oled_trans       main.o
    0x08004f96   0x00000050   Code   RO         1964    i._oled_writeCommand  main.o
    0x08004fe6   0x00000050   Code   RO         1965    i._oled_writeData   main.o
    0x08005036   0x00000002   PAD
    0x08005038   0x000006dc   Code   RO         3765    i._printf_core      mc_w.l(printfa.o)
    0x08005714   0x00000024   Code   RO         3766    i._printf_post_padding  mc_w.l(printfa.o)
    0x08005738   0x0000002e   Code   RO         3767    i._printf_pre_padding  mc_w.l(printfa.o)
    0x08005766   0x00000002   PAD
    0x08005768   0x00000040   Code   RO         1966    i._soft_iic_send    main.o
    0x080057a8   0x00000030   Code   RO         1967    i._soft_iic_start   main.o
    0x080057d8   0x00000026   Code   RO         1968    i._soft_iic_stop    main.o
    0x080057fe   0x00000004   Code   RO         1969    i._soft_iic_turn    main.o
    0x08005802   0x0000001c   Code   RO         1970    i._soft_iic_wait    main.o
    0x0800581e   0x0000000a   Code   RO         3769    i._sputc            mc_w.l(printfa.o)
    0x08005828   0x00000050   Code   RO         3784    i.free              mc_w.l(malloc.o)
    0x08005878   0x00000274   Code   RO         1971    i.main              main.o
    0x08005aec   0x0000006c   Code   RO         3785    i.malloc            mc_w.l(malloc.o)
    0x08005b58   0x00000010   Data   RO         1792    .constdata          system_stm32f1xx.o
    0x08005b68   0x00000c18   Data   RO         1974    .constdata          main.o
    0x08006780   0x00000024   Data   RO         2301    .constdata          usbd_storage_if.o
    0x080067a4   0x00000014   Data   RO         3126    .constdata          sd_diskio.o
    0x080067b8   0x00000007   Data   RO         3657    .constdata          usbd_msc_data.o
    0x080067bf   0x00000008   Data   RO         3658    .constdata          usbd_msc_data.o
    0x080067c7   0x00000008   Data   RO         3659    .constdata          usbd_msc_data.o
    0x080067cf   0x00000001   PAD
    0x080067d0   0x00000020   Data   RO         3856    Region$$Table       anon$$obj.o


    Execution Region RW_IRAM1 (Base: 0x20000000, Size: 0x00001290, Max: 0x0000c000, ABSOLUTE)

    Base Addr    Size         Type   Attr      Idx    E Section Name        Object

    0x20000000   0x00000004   Data   RW          211    .data               stm32f1xx_hal.o
    0x20000004   0x00000004   Data   RW         1794    .data               system_stm32f1xx.o
    0x20000008   0x00000004   Data   RW         1975    .data               main.o
    0x2000000c   0x0000001c   Data   RW         2189    .data               usbd_desc.o
    0x20000028   0x00000016   Data   RW         2190    .data               usbd_desc.o
    0x2000003e   0x00000005   Data   RW         2260    .data               fatfs.o
    0x20000043   0x00000001   PAD
    0x20000044   0x00000020   Data   RW         2302    .data               usbd_storage_if.o
    0x20000064   0x00000001   Data   RW         3127    .data               sd_diskio.o
    0x20000065   0x00000003   PAD
    0x20000068   0x00000038   Data   RW         3375    .data               usbd_msc.o
    0x200000a0   0x0000006a   Data   RW         3376    .data               usbd_msc.o
    0x2000010a   0x00000001   Data   RW         3691    .data               usbd_ctlreq.o
    0x2000010b   0x00000001   PAD
    0x2000010c   0x00000004   Data   RW         3833    .data               mc_w.l(mvars.o)
    0x20000110   0x00000004   Data   RW         3834    .data               mc_w.l(mvars.o)
    0x20000114   0x00000060   Zero   RW         1972    .bss                main.o
    0x20000174   0x00000004   PAD
    0x20000178   0x00000058   Zero   RW         1973    .bss                main.o
    0x200001d0   0x00000200   Zero   RW         2188    .bss                usbd_desc.o
    0x200003d0   0x00000224   Zero   RW         2475    .bss                usb_device.o
    0x200005f4   0x00000690   Zero   RW         2543    .bss                usbd_conf.o
    0x20000c84   0x0000000c   Zero   RW         2762    .bss                ff_gen_drv.o
    0x20000c90   0x00000200   Zero   RW         2717    HEAP                startup_stm32f103xe.o
    0x20000e90   0x00000400   Zero   RW         2716    STACK               startup_stm32f103xe.o


==============================================================================

Image component sizes


      Code (inc. data)   RO Data    RW Data    ZI Data      Debug   Object Name

       148         32          0          0          0       3026   bsp_driver_sd.o
        28         10          0          5          0        880   fatfs.o
        70          4          0          0         12       1515   ff_gen_drv.o
      2498        208       3096          4        184      25050   main.o
       204         18         20          1          0       3968   sd_diskio.o
        36          8        304          0       1536        748   startup_stm32f103xe.o
       120         16          0          4          0       3450   stm32f1xx_hal.o
       228         14          0          0          0      27193   stm32f1xx_hal_cortex.o
       508         42          0          0          0       3595   stm32f1xx_hal_gpio.o
       216         26          0          0          0       1411   stm32f1xx_hal_msp.o
      1898          0          0          0          0      10676   stm32f1xx_hal_pcd.o
        52          0          0          0          0       1130   stm32f1xx_hal_pcd_ex.o
      1996         78          0          0          0       6073   stm32f1xx_hal_rcc.o
       300         12          0          0          0       1280   stm32f1xx_hal_rcc_ex.o
      4018         12          0          0          0      20915   stm32f1xx_hal_sd.o
         0          0          0          0          0     489248   stm32f1xx_hal_tim_ex.o
        44          6          0          0          0       4055   stm32f1xx_it.o
       158          4          0          0          0       5465   stm32f1xx_ll_sdmmc.o
      1662          0          0          0          0      13195   stm32f1xx_ll_usb.o
        72         16         16          4          0       1323   system_stm32f1xx.o
        56         18          0          0        548        656   usb_device.o
       478         28          0          0       1680      12395   usbd_conf.o
       592          0          0          0          0       8840   usbd_core.o
       986         30          0          1          0       7548   usbd_ctlreq.o
       208        112          0         50        512       4719   usbd_desc.o
       102          0          0          0          0       3520   usbd_ioreq.o
       398         16          0        162          0       8824   usbd_msc.o
       586         12          0          0          0       6833   usbd_msc_bot.o
         0          0         23          0          0        841   usbd_msc_data.o
      1408         12          0          0          0      10103   usbd_msc_scsi.o
        38          0         36         32          0       8820   usbd_storage_if.o

    ----------------------------------------------------------------------
     19150        734       3528        268       4476     697295   Object Totals
         0          0         32          0          0          0   (incl. Generated)
        42          0          1          5          4          0   (incl. Padding)

    ----------------------------------------------------------------------

      Code (inc. data)   RO Data    RW Data    ZI Data      Debug   Library Member Name

         0          0          0          0          0          0   entry.o
         0          0          0          0          0          0   entry10a.o
         0          0          0          0          0          0   entry11a.o
         8          4          0          0          0          0   entry2.o
         4          0          0          0          0          0   entry5.o
         0          0          0          0          0          0   entry7b.o
         0          0          0          0          0          0   entry8b.o
         8          4          0          0          0          0   entry9a.o
        30          0          0          0          0          0   handlers.o
        36          8          0          0          0         68   init.o
         0          0          0          0          0          0   iusefp.o
        30          0          0          0          0         68   llshl.o
        36          0          0          0          0         68   llsshr.o
        32          0          0          0          0         68   llushr.o
       188         20          0          0          0        160   malloc.o
        36          0          0          0          0         68   memcpya.o
        36          0          0          0          0        108   memseta.o
         0          0          0          8          0          0   mvars.o
      2272         86          0          0          0        516   printfa.o
        44          0          0          0          0         80   uidiv.o
        98          0          0          0          0         92   uldiv.o
        48          0          0          0          0         68   cdrcmple.o
       334          0          0          0          0        148   dadd.o
       222          0          0          0          0        100   ddiv.o
       186          0          0          0          0        176   depilogue.o
        48          0          0          0          0         68   dfixul.o
       228          0          0          0          0         96   dmul.o

    ----------------------------------------------------------------------
      3930        122          0          8          0       1952   Library Totals
         6          0          0          0          0          0   (incl. Padding)

    ----------------------------------------------------------------------

      Code (inc. data)   RO Data    RW Data    ZI Data      Debug   Library Name

      2858        122          0          8          0       1296   mc_w.l
      1066          0          0          0          0        656   mf_w.l

    ----------------------------------------------------------------------
      3930        122          0          8          0       1952   Library Totals

    ----------------------------------------------------------------------

==============================================================================


      Code (inc. data)   RO Data    RW Data    ZI Data      Debug   

     23080        856       3528        276       4476     686763   Grand Totals
     23080        856       3528        276       4476     686763   ELF Image Totals
     23080        856       3528        276          0          0   ROM Totals

==============================================================================

    Total RO  Size (Code + RO Data)                26608 (  25.98kB)
    Total RW  Size (RW Data + ZI Data)              4752 (   4.64kB)
    Total ROM Size (Code + RO Data + RW Data)      26884 (  26.25kB)

==============================================================================

