Component: ARM Compiler 5.06 update 3 (build 300) Tool: armlink [4d35c9]

==============================================================================

Section Cross References

    stm32f1xx_hal_tim_ex.o(i.HAL_TIMEx_ConfigCommutationEvent_DMA) refers to stm32f1xx_hal_tim_ex.o(i.TIMEx_DMACommutationCplt) for TIMEx_DMACommutationCplt
    stm32f1xx_hal_tim_ex.o(i.HAL_TIMEx_ConfigCommutationEvent_DMA) refers to stm32f1xx_hal_tim.o(i.TIM_DMAError) for TIM_DMAError
    stm32f1xx_hal_tim_ex.o(i.HAL_TIMEx_HallSensor_DeInit) refers to stm32f1xx_hal_tim_ex.o(i.HAL_TIMEx_HallSensor_MspDeInit) for HAL_TIMEx_HallSensor_MspDeInit
    stm32f1xx_hal_tim_ex.o(i.HAL_TIMEx_HallSensor_Init) refers to stm32f1xx_hal_tim_ex.o(i.HAL_TIMEx_HallSensor_MspInit) for HAL_TIMEx_HallSensor_MspInit
    stm32f1xx_hal_tim_ex.o(i.HAL_TIMEx_HallSensor_Init) refers to stm32f1xx_hal_tim.o(i.TIM_Base_SetConfig) for TIM_Base_SetConfig
    stm32f1xx_hal_tim_ex.o(i.HAL_TIMEx_HallSensor_Init) refers to stm32f1xx_hal_tim.o(i.TIM_TI1_SetConfig) for TIM_TI1_SetConfig
    stm32f1xx_hal_tim_ex.o(i.HAL_TIMEx_HallSensor_Init) refers to stm32f1xx_hal_tim.o(i.TIM_OC2_SetConfig) for TIM_OC2_SetConfig
    stm32f1xx_hal_tim_ex.o(i.HAL_TIMEx_HallSensor_Start) refers to stm32f1xx_hal_tim.o(i.TIM_CCxChannelCmd) for TIM_CCxChannelCmd
    stm32f1xx_hal_tim_ex.o(i.HAL_TIMEx_HallSensor_Start_DMA) refers to stm32f1xx_hal_tim.o(i.TIM_CCxChannelCmd) for TIM_CCxChannelCmd
    stm32f1xx_hal_tim_ex.o(i.HAL_TIMEx_HallSensor_Start_DMA) refers to stm32f1xx_hal_dma.o(i.HAL_DMA_Start_IT) for HAL_DMA_Start_IT
    stm32f1xx_hal_tim_ex.o(i.HAL_TIMEx_HallSensor_Start_DMA) refers to stm32f1xx_hal_tim.o(i.TIM_DMACaptureCplt) for TIM_DMACaptureCplt
    stm32f1xx_hal_tim_ex.o(i.HAL_TIMEx_HallSensor_Start_DMA) refers to stm32f1xx_hal_tim.o(i.TIM_DMAError) for TIM_DMAError
    stm32f1xx_hal_tim_ex.o(i.HAL_TIMEx_HallSensor_Start_IT) refers to stm32f1xx_hal_tim.o(i.TIM_CCxChannelCmd) for TIM_CCxChannelCmd
    stm32f1xx_hal_tim_ex.o(i.HAL_TIMEx_HallSensor_Stop) refers to stm32f1xx_hal_tim.o(i.TIM_CCxChannelCmd) for TIM_CCxChannelCmd
    stm32f1xx_hal_tim_ex.o(i.HAL_TIMEx_HallSensor_Stop_DMA) refers to stm32f1xx_hal_tim.o(i.TIM_CCxChannelCmd) for TIM_CCxChannelCmd
    stm32f1xx_hal_tim_ex.o(i.HAL_TIMEx_HallSensor_Stop_IT) refers to stm32f1xx_hal_tim.o(i.TIM_CCxChannelCmd) for TIM_CCxChannelCmd
    stm32f1xx_hal_tim_ex.o(i.HAL_TIMEx_OCN_Start) refers to stm32f1xx_hal_tim_ex.o(i.TIM_CCxNChannelCmd) for TIM_CCxNChannelCmd
    stm32f1xx_hal_tim_ex.o(i.HAL_TIMEx_OCN_Start_DMA) refers to stm32f1xx_hal_dma.o(i.HAL_DMA_Start_IT) for HAL_DMA_Start_IT
    stm32f1xx_hal_tim_ex.o(i.HAL_TIMEx_OCN_Start_DMA) refers to stm32f1xx_hal_tim_ex.o(i.TIM_CCxNChannelCmd) for TIM_CCxNChannelCmd
    stm32f1xx_hal_tim_ex.o(i.HAL_TIMEx_OCN_Start_DMA) refers to stm32f1xx_hal_tim.o(i.TIM_DMADelayPulseCplt) for TIM_DMADelayPulseCplt
    stm32f1xx_hal_tim_ex.o(i.HAL_TIMEx_OCN_Start_DMA) refers to stm32f1xx_hal_tim.o(i.TIM_DMAError) for TIM_DMAError
    stm32f1xx_hal_tim_ex.o(i.HAL_TIMEx_OCN_Start_IT) refers to stm32f1xx_hal_tim_ex.o(i.TIM_CCxNChannelCmd) for TIM_CCxNChannelCmd
    stm32f1xx_hal_tim_ex.o(i.HAL_TIMEx_OCN_Stop) refers to stm32f1xx_hal_tim_ex.o(i.TIM_CCxNChannelCmd) for TIM_CCxNChannelCmd
    stm32f1xx_hal_tim_ex.o(i.HAL_TIMEx_OCN_Stop_DMA) refers to stm32f1xx_hal_tim_ex.o(i.TIM_CCxNChannelCmd) for TIM_CCxNChannelCmd
    stm32f1xx_hal_tim_ex.o(i.HAL_TIMEx_OCN_Stop_IT) refers to stm32f1xx_hal_tim_ex.o(i.TIM_CCxNChannelCmd) for TIM_CCxNChannelCmd
    stm32f1xx_hal_tim_ex.o(i.HAL_TIMEx_OnePulseN_Start) refers to stm32f1xx_hal_tim_ex.o(i.TIM_CCxNChannelCmd) for TIM_CCxNChannelCmd
    stm32f1xx_hal_tim_ex.o(i.HAL_TIMEx_OnePulseN_Start_IT) refers to stm32f1xx_hal_tim_ex.o(i.TIM_CCxNChannelCmd) for TIM_CCxNChannelCmd
    stm32f1xx_hal_tim_ex.o(i.HAL_TIMEx_OnePulseN_Stop) refers to stm32f1xx_hal_tim_ex.o(i.TIM_CCxNChannelCmd) for TIM_CCxNChannelCmd
    stm32f1xx_hal_tim_ex.o(i.HAL_TIMEx_OnePulseN_Stop_IT) refers to stm32f1xx_hal_tim_ex.o(i.TIM_CCxNChannelCmd) for TIM_CCxNChannelCmd
    stm32f1xx_hal_tim_ex.o(i.HAL_TIMEx_PWMN_Start) refers to stm32f1xx_hal_tim_ex.o(i.TIM_CCxNChannelCmd) for TIM_CCxNChannelCmd
    stm32f1xx_hal_tim_ex.o(i.HAL_TIMEx_PWMN_Start_DMA) refers to stm32f1xx_hal_dma.o(i.HAL_DMA_Start_IT) for HAL_DMA_Start_IT
    stm32f1xx_hal_tim_ex.o(i.HAL_TIMEx_PWMN_Start_DMA) refers to stm32f1xx_hal_tim_ex.o(i.TIM_CCxNChannelCmd) for TIM_CCxNChannelCmd
    stm32f1xx_hal_tim_ex.o(i.HAL_TIMEx_PWMN_Start_DMA) refers to stm32f1xx_hal_tim.o(i.TIM_DMADelayPulseCplt) for TIM_DMADelayPulseCplt
    stm32f1xx_hal_tim_ex.o(i.HAL_TIMEx_PWMN_Start_DMA) refers to stm32f1xx_hal_tim.o(i.TIM_DMAError) for TIM_DMAError
    stm32f1xx_hal_tim_ex.o(i.HAL_TIMEx_PWMN_Start_IT) refers to stm32f1xx_hal_tim_ex.o(i.TIM_CCxNChannelCmd) for TIM_CCxNChannelCmd
    stm32f1xx_hal_tim_ex.o(i.HAL_TIMEx_PWMN_Stop) refers to stm32f1xx_hal_tim_ex.o(i.TIM_CCxNChannelCmd) for TIM_CCxNChannelCmd
[...]
    i.SCSI_ReadFormatCapacity                0x08002eb4   Section        0  usbd_msc_scsi.o(i.SCSI_ReadFormatCapacity)
    SCSI_ReadFormatCapacity                  0x08002eb5   Thumb Code   110  usbd_msc_scsi.o(i.SCSI_ReadFormatCapacity)
    i.SCSI_SenseCode                         0x08002f22   Section        0  usbd_msc_scsi.o(i.SCSI_SenseCode)
    i.SCSI_Write10                           0x08002f58   Section        0  usbd_msc_scsi.o(i.SCSI_Write10)
    SCSI_Write10                             0x08002f59   Thumb Code   202  usbd_msc_scsi.o(i.SCSI_Write10)
    i.SDIO_DataConfig                        0x08003022   Section        0  stm32f1xx_ll_sdmmc.o(i.SDIO_DataConfig)
    i.SDIO_GetCommandResponse                0x08003046   Section        0  stm32f1xx_ll_sdmmc.o(i.SDIO_GetCommandResponse)
    i.SDIO_GetPowerState                     0x0800304c   Section        0  stm32f1xx_ll_sdmmc.o(i.SDIO_GetPowerState)
    i.SDIO_GetResponse                       0x08003054   Section        0  stm32f1xx_ll_sdmmc.o(i.SDIO_GetResponse)
    i.SDIO_Init                              0x08003064   Section        0  stm32f1xx_ll_sdmmc.o(i.SDIO_Init)
    i.SDIO_PowerState_ON                     0x08003088   Section        0  stm32f1xx_ll_sdmmc.o(i.SDIO_PowerState_ON)
    i.SDIO_ReadFIFO                          0x08003090   Section        0  stm32f1xx_ll_sdmmc.o(i.SDIO_ReadFIFO)
    i.SDIO_SendCommand                       0x08003096   Section        0  stm32f1xx_ll_sdmmc.o(i.SDIO_SendCommand)
    i.SDIO_WriteFIFO                         0x080030b6   Section        0  stm32f1xx_ll_sdmmc.o(i.SDIO_WriteFIFO)
    i.SD_CmdResp1Error                       0x080030c0   Section        0  stm32f1xx_hal_sd.o(i.SD_CmdResp1Error)
    SD_CmdResp1Error                         0x080030c1   Thumb Code   232  stm32f1xx_hal_sd.o(i.SD_CmdResp1Error)
    i.SD_CmdResp2Error                       0x080031ac   Section        0  stm32f1xx_hal_sd.o(i.SD_CmdResp2Error)
    SD_CmdResp2Error                         0x080031ad   Thumb Code    46  stm32f1xx_hal_sd.o(i.SD_CmdResp2Error)
    i.SD_CmdResp6Error                       0x080031da   Section        0  stm32f1xx_hal_sd.o(i.SD_CmdResp6Error)
    SD_CmdResp6Error                         0x080031db   Thumb Code   116  stm32f1xx_hal_sd.o(i.SD_CmdResp6Error)
    i.SD_CmdResp7Error                       0x0800324e   Section        0  stm32f1xx_hal_sd.o(i.SD_CmdResp7Error)
    SD_CmdResp7Error                         0x0800324f   Thumb Code    64  stm32f1xx_hal_sd.o(i.SD_CmdResp7Error)
    i.SD_FindSCR                             0x0800328e   Section        0  stm32f1xx_hal_sd.o(i.SD_FindSCR)
    SD_FindSCR                               0x0800328f   Thumb Code   282  stm32f1xx_hal_sd.o(i.SD_FindSCR)
    i.SD_Initialize_Cards                    0x080033a8   Section        0  stm32f1xx_hal_sd.o(i.SD_Initialize_Cards)
    SD_Initialize_Cards                      0x080033a9   Thumb Code   250  stm32f1xx_hal_sd.o(i.SD_Initialize_Cards)
    i.SD_IsCardProgramming                   0x080034a4   Section        0  stm32f1xx_hal_sd.o(i.SD_IsCardProgramming)
    SD_IsCardProgramming                     0x080034a5   Thumb Code   320  stm32f1xx_hal_sd.o(i.SD_IsCardProgramming)
    i.SD_PowerON                             0x080035e8   Section        0  stm32f1xx_hal_sd.o(i.SD_PowerON)
    SD_PowerON                               0x080035e9   Thumb Code   392  stm32f1xx_hal_sd.o(i.SD_PowerON)
    i.SD_WideBus_Disable                     0x08003774   Section        0  stm32f1xx_hal_sd.o(i.SD_WideBus_Disable)
    SD_WideBus_Disable                       0x08003775   Thumb Code   124  stm32f1xx_hal_sd.o(i.SD_WideBus_Disable)
    i.SD_WideBus_Enable                      0x080037f0   Section        0  stm32f1xx_hal_sd.o(i.SD_WideBus_Enable)
    SD_WideBus_Enable                        0x080037f1   Thumb Code   126  stm32f1xx_hal_sd.o(i.SD_WideBus_Enable)
    i.STORAGE_GetCapacity_FS                 0x08003870   Section        0  usbd_storage_if.o(i.STORAGE_GetCapacity_FS)
    STORAGE_GetCapacity_FS                   0x08003871   Thumb Code    40  usbd_storage_if.o(i.STORAGE_GetCapacity_FS)
    i.STORAGE_GetMaxLun_FS                   0x080038a0   Section        0  usbd_storage_if.o(i.STORAGE_GetMaxLun_FS)
    STORAGE_GetMaxLun_FS                     0x080038a1   Thumb Code     4  usbd_storage_if.o(i.STORAGE_GetMaxLun_FS)
    i.STORAGE_Init_FS                        0x080038a4   Section        0  usbd_storage_if.o(i.STORAGE_Init_FS)
    STORAGE_Init_FS                          0x080038a5   Thumb Code     4  usbd_storage_if.o(i.STORAGE_Init_FS)
    i.STORAGE_IsReady_FS                     0x080038a8   Section        0  usbd_storage_if.o(i.STORAGE_IsReady_FS)
    STORAGE_IsReady_FS                       0x080038a9   Thumb Code     4  usbd_storage_if.o(i.STORAGE_IsReady_FS)
    i.STORAGE_IsWriteProtected_FS            0x080038ac   Section        0  usbd_storage_if.o(i.STORAGE_IsWriteProtected_FS)
    STORAGE_IsWriteProtected_FS              0x080038ad   Thumb Code     4  usbd_storage_if.o(i.STORAGE_IsWriteProtected_FS)
    i.STORAGE_Read_FS                        0x080038b0   Section        0  usbd_storage_if.o(i.STORAGE_Read_FS)
    STORAGE_Read_FS                          0x080038b1   Thumb Code    24  usbd_storage_if.o(i.STORAGE_Read_FS)
    i.STORAGE_Write_FS                       0x080038cc   Section        0  usbd_storage_if.o(i.STORAGE_Write_FS)
    STORAGE_Write_FS                         0x080038cd   Thumb Code    24  usbd_storage_if.o(i.STORAGE_Write_FS)
    i.SVC_Handler                            0x080038e8   Section        0  stm32f1xx_it.o(i.SVC_Handler)
    i.SoftIICInit                            0x080038ec   Section        0  main.o(i.SoftIICInit)
    i.SysTick_Handler                        0x0800394c   Section        0  stm32f1xx_it.o(i.SysTick_Handler)
    i.SystemClock_Config                     0x08003950   Section        0  main.o(i.SystemClock_Config)
    i.SystemInit                             0x080039cc   Section        0  system_stm32f1xx.o(i.SystemInit)
    i.TIM8_UP_IRQHandler                     0x08003a14   Section        0  stm32f1xx_it.o(i.TIM8_UP_IRQHandler)
    i.TIM_Base_SetConfig                     0x08003a20   Section        0  stm32f1xx_hal_tim.o(i.TIM_Base_SetConfig)
    i.USBD_ClrClassConfig                    0x08003aa4   Section        0  usbd_core.o(i.USBD_ClrClassConfig)
    i.USBD_CtlContinueRx                     0x08003ab2   Section        0  usbd_ioreq.o(i.USBD_CtlContinueRx)
    i.USBD_CtlContinueSendData               0x08003ac2   Section        0  usbd_ioreq.o(i.USBD_CtlContinueSendData)
    i.USBD_CtlError                          0x08003ad2   Section        0  usbd_ctlreq.o(i.USBD_CtlError)
    i.USBD_CtlReceiveStatus                  0x08003ae8   Section        0  usbd_ioreq.o(i.USBD_CtlReceiveStatus)
    i.USBD_CtlSendData                       0x08003afe   Section        0  usbd_ioreq.o(i.USBD_CtlSendData)
    i.USBD_CtlSendStatus                     0x08003b18   Section        0  usbd_ioreq.o(i.USBD_CtlSendStatus)
    i.USBD_FS_ConfigStrDescriptor            0x08003b30   Section        0  usbd_desc.o(i.USBD_FS_ConfigStrDescriptor)
    i.USBD_FS_DeviceDescriptor               0x08003b54   Section        0  usbd_desc.o(i.USBD_FS_DeviceDescriptor)
    i.USBD_FS_InterfaceStrDescriptor         0x08003b60   Section        0  usbd_desc.o(i.USBD_FS_InterfaceStrDescriptor)
    i.USBD_FS_LangIDStrDescriptor            0x08003b88   Section        0  usbd_desc.o(i.USBD_FS_LangIDStrDescriptor)
    i.USBD_FS_ManufacturerStrDescriptor      0x08003b94   Section        0  usbd_desc.o(i.USBD_FS_ManufacturerStrDescriptor)
    i.USBD_FS_ProductStrDescriptor           0x08003bb0   Section        0  usbd_desc.o(i.USBD_FS_ProductStrDescriptor)
    i.USBD_FS_SerialStrDescriptor            0x08003bd4   Section        0  usbd_desc.o(i.USBD_FS_SerialStrDescriptor)
    i.USBD_GetDescriptor                     0x08003bf8   Section        0  usbd_ctlreq.o(i.USBD_GetDescriptor)
    USBD_GetDescriptor                       0x08003bf9   Thumb Code   224  usbd_ctlreq.o(i.USBD_GetDescriptor)
    i.USBD_GetString                         0x08003cd8   Section        0  usbd_ctlreq.o(i.USBD_GetString)
    i.USBD_Init                              0x08003d1e   Section        0  usbd_core.o(i.USBD_Init)
    i.USBD_LL_ClearStallEP                   0x08003d48   Section        0  usbd_conf.o(i.USBD_LL_ClearStallEP)
    i.USBD_LL_CloseEP                        0x08003d56   Section        0  usbd_conf.o(i.USBD_LL_CloseEP)
    i.USBD_LL_DataInStage                    0x08003d64   Section        0  usbd_core.o(i.USBD_LL_DataInStage)
    i.USBD_LL_DataOutStage                   0x08003e0e   Section        0  usbd_core.o(i.USBD_LL_DataOutStage)
    i.USBD_LL_FlushEP                        0x08003e78   Section        0  usbd_conf.o(i.USBD_LL_FlushEP)
    i.USBD_LL_GetRxDataSize                  0x08003e86   Section        0  usbd_conf.o(i.USBD_LL_GetRxDataSize)
    i.USBD_LL_Init                           0x08003e90   Section        0  usbd_conf.o(i.USBD_LL_Init)
    i.USBD_LL_IsStallEP                      0x08003f04   Section        0  usbd_conf.o(i.USBD_LL_IsStallEP)
    i.USBD_LL_OpenEP                         0x08003f20   Section        0  usbd_conf.o(i.USBD_LL_OpenEP)
    i.USBD_LL_PrepareReceive                 0x08003f34   Section        0  usbd_conf.o(i.USBD_LL_PrepareReceive)
    i.USBD_LL_Reset                          0x08003f42   Section        0  usbd_core.o(i.USBD_LL_Reset)
    i.USBD_LL_Resume                         0x08003f80   Section        0  usbd_core.o(i.USBD_LL_Resume)
    i.USBD_LL_SOF                            0x08003f8c   Section        0  usbd_core.o(i.USBD_LL_SOF)
    i.USBD_LL_SetSpeed                       0x08003fa4   Section        0  usbd_core.o(i.USBD_LL_SetSpeed)
    i.USBD_LL_SetUSBAddress                  0x08003faa   Section        0  usbd_conf.o(i.USBD_LL_SetUSBAddress)
    i.USBD_LL_SetupStage                     0x08003fb8   Section        0  usbd_core.o(i.USBD_LL_SetupStage)
    i.USBD_LL_StallEP                        0x08004012   Section        0  usbd_conf.o(i.USBD_LL_StallEP)
    i.USBD_LL_Start                          0x08004020   Section        0  usbd_conf.o(i.USBD_LL_Start)
    i.USBD_LL_Suspend                        0x0800402e   Section        0  usbd_core.o(i.USBD_LL_Suspend)
    i.USBD_LL_Transmit                       0x08004040   Section        0  usbd_conf.o(i.USBD_LL_Transmit)
    i.USBD_MSC_DataIn                        0x0800404e   Section        0  usbd_msc.o(i.USBD_MSC_DataIn)
    i.USBD_MSC_DataOut                       0x08004058   Section        0  usbd_msc.o(i.USBD_MSC_DataOut)
    i.USBD_MSC_DeInit                        0x08004062   Section        0  usbd_msc.o(i.USBD_MSC_DeInit)
    i.USBD_MSC_GetDeviceQualifierDescriptor  0x08004090   Section        0  usbd_msc.o(i.USBD_MSC_GetDeviceQualifierDescriptor)
    i.USBD_MSC_GetFSCfgDesc                  0x0800409c   Section        0  usbd_msc.o(i.USBD_MSC_GetFSCfgDesc)
    i.USBD_MSC_GetHSCfgDesc                  0x080040a8   Section        0  usbd_msc.o(i.USBD_MSC_GetHSCfgDesc)
    i.USBD_MSC_GetOtherSpeedCfgDesc          0x080040b4   Section        0  usbd_msc.o(i.USBD_MSC_GetOtherSpeedCfgDesc)
    i.USBD_MSC_Init                          0x080040c0   Section        0  usbd_msc.o(i.USBD_MSC_Init)
    i.USBD_MSC_RegisterStorage               0x08004112   Section        0  usbd_msc.o(i.USBD_MSC_RegisterStorage)
    i.USBD_MSC_Setup                         0x0800411c   Section        0  usbd_msc.o(i.USBD_MSC_Setup)
    i.USBD_ParseSetupRequest                 0x080041de   Section        0  usbd_ctlreq.o(i.USBD_ParseSetupRequest)
    i.USBD_RegisterClass                     0x08004206   Section        0  usbd_core.o(i.USBD_RegisterClass)
    i.USBD_SetClassConfig                    0x08004216   Section        0  usbd_core.o(i.USBD_SetClassConfig)
    i.USBD_SetConfig                         0x0800422c   Section        0  usbd_ctlreq.o(i.USBD_SetConfig)
    USBD_SetConfig                           0x0800422d   Thumb Code   110  usbd_ctlreq.o(i.USBD_SetConfig)
    i.USBD_Start                             0x080042a0   Section        0  usbd_core.o(i.USBD_Start)
    i.USBD_StdDevReq                         0x080042aa   Section        0  usbd_ctlreq.o(i.USBD_StdDevReq)
    i.USBD_StdEPReq                          0x0800439c   Section        0  usbd_ctlreq.o(i.USBD_StdEPReq)
    i.USBD_StdItfReq                         0x08004478   Section        0  usbd_ctlreq.o(i.USBD_StdItfReq)
    i.USBD_static_free                       0x080044ac   Section        0  usbd_conf.o(i.USBD_static_free)
    i.USBD_static_malloc                     0x080044b0   Section        0  usbd_conf.o(i.USBD_static_malloc)
    i.USB_ActivateEndpoint                   0x080044b8   Section        0  stm32f1xx_ll_usb.o(i.USB_ActivateEndpoint)
    i.USB_CoreInit                           0x08004714   Section        0  stm32f1xx_ll_usb.o(i.USB_CoreInit)
    i.USB_DeactivateEndpoint                 0x08004718   Section        0  stm32f1xx_ll_usb.o(i.USB_DeactivateEndpoint)
    i.USB_DevConnect                         0x0800483c   Section        0  stm32f1xx_ll_usb.o(i.USB_DevConnect)
    i.USB_DevDisconnect                      0x08004840   Section        0  stm32f1xx_ll_usb.o(i.USB_DevDisconnect)
    i.USB_DevInit                            0x08004844   Section        0  stm32f1xx_ll_usb.o(i.USB_DevInit)
    i.USB_DisableGlobalInt                   0x08004856   Section        0  stm32f1xx_ll_usb.o(i.USB_DisableGlobalInt)
    i.USB_EP0_OutStart                       0x08004864   Section        0  stm32f1xx_ll_usb.o(i.USB_EP0_OutStart)
    i.USB_EPClearStall                       0x08004868   Section        0  stm32f1xx_ll_usb.o(i.USB_EPClearStall)
    i.USB_EPSetStall                         0x080048d2   Section        0  stm32f1xx_ll_usb.o(i.USB_EPSetStall)
    i.USB_EPStartXfer                        0x0800491c   Section        0  stm32f1xx_ll_usb.o(i.USB_EPStartXfer)
    i.USB_EnableGlobalInt                    0x08004ac6   Section        0  stm32f1xx_ll_usb.o(i.USB_EnableGlobalInt)
    i.USB_FlushRxFifo                        0x08004ad4   Section        0  stm32f1xx_ll_usb.o(i.USB_FlushRxFifo)
    i.USB_FlushTxFifo                        0x08004ad8   Section        0  stm32f1xx_ll_usb.o(i.USB_FlushTxFifo)
    i.USB_LP_CAN1_RX0_IRQHandler             0x08004adc   Section        0  stm32f1xx_it.o(i.USB_LP_CAN1_RX0_IRQHandler)
    i.USB_ReadInterrupts                     0x08004ae8   Section        0  stm32f1xx_ll_usb.o(i.USB_ReadInterrupts)
    i.USB_ReadPMA                            0x08004af0   Section        0  stm32f1xx_ll_usb.o(i.USB_ReadPMA)
    i.USB_SetCurrentMode                     0x08004b0e   Section        0  stm32f1xx_ll_usb.o(i.USB_SetCurrentMode)
    i.USB_SetDevAddress                      0x08004b12   Section        0  stm32f1xx_ll_usb.o(i.USB_SetDevAddress)
    i.USB_WritePMA                           0x08004b1e   Section        0  stm32f1xx_ll_usb.o(i.USB_WritePMA)
    i.UsageFault_Handler                     0x08004b44   Section        0  stm32f1xx_it.o(i.UsageFault_Handler)
    i.__0vsprintf                            0x08004b48   Section        0  printfa.o(i.__0vsprintf)
    i.__scatterload_copy                     0x08004b6c   Section       14  handlers.o(i.__scatterload_copy)
    i.__scatterload_null                     0x08004b7a   Section        2  handlers.o(i.__scatterload_null)
    i.__scatterload_zeroinit                 0x08004b7c   Section       14  handlers.o(i.__scatterload_zeroinit)
    i._fp_digits                             0x08004b8c   Section        0  printfa.o(i._fp_digits)
    _fp_digits                               0x08004b8d   Thumb Code   366  printfa.o(i._fp_digits)
    i._oled_bright                           0x08004d10   Section        0  main.o(i._oled_bright)
    i._oled_clear                            0x08004d2a   Section        0  main.o(i._oled_clear)
    i._oled_close                            0x08004d6a   Section        0  main.o(i._oled_close)
    i._oled_color                            0x08004d88   Section        0  main.o(i._oled_color)
    i._oled_draw                             0x08004d8c   Section        0  main.o(i._oled_draw)
    i._oled_flash                            0x08004e5c   Section        0  main.o(i._oled_flash)
    i._oled_font                             0x08004ea4   Section        0  main.o(i._oled_font)
    i._oled_init                             0x08004ea8   Section        0  main.o(i._oled_init)
    i._oled_open                             0x08004fe6   Section        0  main.o(i._oled_open)
    i._oled_print                            0x08005004   Section        0  main.o(i._oled_print)
    i._oled_printf                           0x08005068   Section        0  main.o(i._oled_printf)
    i._oled_setPosition                      0x080050a2   Section        0  main.o(i._oled_setPosition)
    i._oled_trans                            0x080050ca   Section        0  main.o(i._oled_trans)
    i._oled_writeCommand                     0x080050d2   Section        0  main.o(i._oled_writeCommand)
    i._oled_writeData                        0x08005122   Section        0  main.o(i._oled_writeData)
    i._printf_core                           0x08005174   Section        0  printfa.o(i._printf_core)
    _printf_core                             0x08005175   Thumb Code  1744  printfa.o(i._printf_core)
    i._printf_post_padding                   0x08005850   Section        0  printfa.o(i._printf_post_padding)
    _printf_post_padding                     0x08005851   Thumb Code    36  printfa.o(i._printf_post_padding)
    i._printf_pre_padding                    0x08005874   Section        0  printfa.o(i._printf_pre_padding)
    _printf_pre_padding                      0x08005875   Thumb Code    46  printfa.o(i._printf_pre_padding)
    i._soft_iic_send                         0x080058a4   Section        0  main.o(i._soft_iic_send)
    i._soft_iic_start                        0x080058e4   Section        0  main.o(i._soft_iic_start)
    i._soft_iic_stop                         0x08005914   Section        0  main.o(i._soft_iic_stop)
    i._soft_iic_turn                         0x0800593a   Section        0  main.o(i._soft_iic_turn)
    i._soft_iic_wait                         0x0800593e   Section        0  main.o(i._soft_iic_wait)
    i._sputc                                 0x0800595a   Section        0  printfa.o(i._sputc)
    _sputc                                   0x0800595b   Thumb Code    10  printfa.o(i._sputc)
    i.free                                   0x08005964   Section        0  malloc.o(i.free)
    i.main                                   0x080059b4   Section        0  main.o(i.main)
    i.malloc                                 0x08005c38   Section        0  malloc.o(i.malloc)
    .constdata                               0x08005ca4   Section       16  system_stm32f1xx.o(.constdata)
    .constdata                               0x08005cb4   Section        8  system_stm32f1xx.o(.constdata)
    .constdata                               0x08005cbc   Section     3096  main.o(.constdata)
    .constdata                               0x080068d4   Section       36  usbd_storage_if.o(.constdata)
    .constdata                               0x080068f8   Section        7  usbd_msc_data.o(.constdata)
    .constdata                               0x080068ff   Section        8  usbd_msc_data.o(.constdata)
    .constdata                               0x08006907   Section        8  usbd_msc_data.o(.constdata)
    .data                                    0x20000000   Section        4  stm32f1xx_hal.o(.data)
    uwTick                                   0x20000000   Data           4  stm32f1xx_hal.o(.data)
    .data                                    0x20000004   Section        4  system_stm32f1xx.o(.data)
    .data                                    0x20000008   Section        4  main.o(.data)
    .data                                    0x2000000c   Section       28  usbd_desc.o(.data)
    .data                                    0x20000028   Section       22  usbd_desc.o(.data)
    .data                                    0x20000040   Section       32  usbd_storage_if.o(.data)
    .data                                    0x20000060   Section        1  usbd_ctlreq.o(.data)
    cfgidx                                   0x20000060   Data           1  usbd_ctlreq.o(.data)
    .data                                    0x20000064   Section       56  usbd_msc.o(.data)
    .data                                    0x2000009c   Section      106  usbd_msc.o(.data)
    .data                                    0x20000108   Section        4  mvars.o(.data)
    .data                                    0x2000010c   Section        4  mvars.o(.data)
    .bss                                     0x20000110   Section      184  main.o(.bss)
    .bss                                     0x200001c8   Section      512  usbd_desc.o(.bss)
    .bss                                     0x200003c8   Section      548  usb_device.o(.bss)
    .bss                                     0x200005ec   Section     1680  usbd_conf.o(.bss)
    mem                                      0x200005ec   Data         624  usbd_conf.o(.bss)
    .bss                                     0x20000c7c   Section       60  stm32f1xx_hal_timebase_tim.o(.bss)
    HEAP                                     0x20000cb8   Section      512  startup_stm32f103xe.o(HEAP)
    STACK                                    0x20000eb8   Section     1024  startup_stm32f103xe.o(STACK)

    Global Symbols

    Symbol Name                              Value     Ov Type        Size  Object(Section)

    BuildAttributes$$THM_ISAv4$P$D$K$B$S$PE$A:L22UL41UL21$X:L11$S22US41US21$IEEE1$IW$USESV6$~STKCKD$USESV7$~SHL$OSPACE$ROPI$EBA8$MICROLIB$REQ8$PRES8$EABIv2 0x00000000   Number         0  anon$$obj.o ABSOLUTE
    __ARM_use_no_argv                        0x00000000   Number         0  main.o ABSOLUTE
    __cpp_initialize__aeabi_                  - Undefined Weak Reference
    __cxa_finalize                            - Undefined Weak Reference
    __decompress                              - Undefined Weak Reference
    _clock_init                               - Undefined Weak Reference
    _microlib_exit                            - Undefined Weak Reference
    __Vectors_Size                           0x00000130   Number         0  startup_stm32f103xe.o ABSOLUTE
    __Vectors                                0x08000000   Data           4  startup_stm32f103xe.o(RESET)
    __Vectors_End                            0x08000130   Data           0  startup_stm32f103xe.o(RESET)
    __main                                   0x08000131   Thumb Code     0  entry.o(.ARM.Collect$$$$00000000)
    _main_stk                                0x08000131   Thumb Code     0  entry2.o(.ARM.Collect$$$$00000001)
    _main_scatterload                        0x08000135   Thumb Code     0  entry5.o(.ARM.Collect$$$$00000004)
    __main_after_scatterload                 0x08000139   Thumb Code     0  entry5.o(.ARM.Collect$$$$00000004)
    _main_clock                              0x08000139   Thumb Code     0  entry7b.o(.ARM.Collect$$$$00000008)
    _main_cpp_init                           0x08000139   Thumb Code     0  entry8b.o(.ARM.Collect$$$$0000000A)
    _main_init                               0x08000139   Thumb Code     0  entry9a.o(.ARM.Collect$$$$0000000B)
    __rt_final_cpp                           0x08000141   Thumb Code     0  entry10a.o(.ARM.Collect$$$$0000000D)
    __rt_final_exit                          0x08000141   Thumb Code     0  entry11a.o(.ARM.Collect$$$$0000000F)
    Reset_Handler                            0x08000145   Thumb Code     8  startup_stm32f103xe.o(.text)
    ADC1_2_IRQHandler                        0x0800015f   Thumb Code     0  startup_stm32f103xe.o(.text)
    ADC3_IRQHandler                          0x0800015f   Thumb Code     0  startup_stm32f103xe.o(.text)
    CAN1_RX1_IRQHandler                      0x0800015f   Thumb Code     0  startup_stm32f103xe.o(.text)
    CAN1_SCE_IRQHandler                      0x0800015f   Thumb Code     0  startup_stm32f103xe.o(.text)
    DMA1_Channel1_IRQHandler                 0x0800015f   Thumb Code     0  startup_stm32f103xe.o(.text)
    DMA1_Channel2_IRQHandler                 0x0800015f   Thumb Code     0  startup_stm32f103xe.o(.text)
    DMA1_Channel3_IRQHandler                 0x0800015f   Thumb Code     0  startup_stm32f103xe.o(.text)
    DMA1_Channel4_IRQHandler                 0x0800015f   Thumb Code     0  startup_stm32f103xe.o(.text)
    DMA1_Channel5_IRQHandler                 0x0800015f   Thumb Code     0  startup_stm32f103xe.o(.text)
    DMA1_Channel6_IRQHandler                 0x0800015f   Thumb Code     0  startup_stm32f103xe.o(.text)
    DMA1_Channel7_IRQHandler                 0x0800015f   Thumb Code     0  startup_stm32f103xe.o(.text)
    DMA2_Channel1_IRQHandler                 0x0800015f   Thumb Code     0  startup_stm32f103xe.o(.text)
    DMA2_Channel2_IRQHandler                 0x0800015f   Thumb Code     0  startup_stm32f103xe.o(.text)
    DMA2_Channel3_IRQHandler                 0x0800015f   Thumb Code     0  startup_stm32f103xe.o(.text)
    DMA2_Channel4_5_IRQHandler               0x0800015f   Thumb Code     0  startup_stm32f103xe.o(.text)
    EXTI0_IRQHandler                         0x0800015f   Thumb Code     0  startup_stm32f103xe.o(.text)
    EXTI15_10_IRQHandler                     0x0800015f   Thumb Code     0  startup_stm32f103xe.o(.text)
    EXTI1_IRQHandler                         0x0800015f   Thumb Code     0  startup_stm32f103xe.o(.text)
    EXTI2_IRQHandler                         0x0800015f   Thumb Code     0  startup_stm32f103xe.o(.text)
    EXTI3_IRQHandler                         0x0800015f   Thumb Code     0  startup_stm32f103xe.o(.text)
    EXTI4_IRQHandler                         0x0800015f   Thumb Code     0  startup_stm32f103xe.o(.text)
    EXTI9_5_IRQHandler                       0x0800015f   Thumb Code     0  startup_stm32f103xe.o(.text)
    FLASH_IRQHandler                         0x0800015f   Thumb Code     0  startup_stm32f103xe.o(.text)
    FSMC_IRQHandler                          0x0800015f   Thumb Code     0  startup_stm32f103xe.o(.text)
    I2C1_ER_IRQHandler                       0x0800015f   Thumb Code     0  startup_stm32f103xe.o(.text)
    I2C1_EV_IRQHandler                       0x0800015f   Thumb Code     0  startup_stm32f103xe.o(.text)
    I2C2_ER_IRQHandler                       0x0800015f   Thumb Code     0  startup_stm32f103xe.o(.text)
    I2C2_EV_IRQHandler                       0x0800015f   Thumb Code     0  startup_stm32f103xe.o(.text)
    PVD_IRQHandler                           0x0800015f   Thumb Code     0  startup_stm32f103xe.o(.text)
    RCC_IRQHandler                           0x0800015f   Thumb Code     0  startup_stm32f103xe.o(.text)
    RTC_Alarm_IRQHandler                     0x0800015f   Thumb Code     0  startup_stm32f103xe.o(.text)
    RTC_IRQHandler                           0x0800015f   Thumb Code     0  startup_stm32f103xe.o(.text)
    SDIO_IRQHandler                          0x0800015f   Thumb Code     0  startup_stm32f103xe.o(.text)
    SPI1_IRQHandler                          0x0800015f   Thumb Code     0  startup_stm32f103xe.o(.text)
    SPI2_IRQHandler                          0x0800015f   Thumb Code     0  startup_stm32f103xe.o(.text)
    SPI3_IRQHandler                          0x0800015f   Thumb Code     0  startup_stm32f103xe.o(.text)
    TAMPER_IRQHandler                        0x0800015f   Thumb Code     0  startup_stm32f103xe.o(.text)
    TIM1_BRK_IRQHandler                      0x0800015f   Thumb Code     0  startup_stm32f103xe.o(.text)
    TIM1_CC_IRQHandler                       0x0800015f   Thumb Code     0  startup_stm32f103xe.o(.text)
    TIM1_TRG_COM_IRQHandler                  0x0800015f   Thumb Code     0  startup_stm32f103xe.o(.text)
    TIM1_UP_IRQHandler                       0x0800015f   Thumb Code     0  startup_stm32f103xe.o(.text)
    TIM2_IRQHandler                          0x0800015f   Thumb Code     0  startup_stm32f103xe.o(.text)
    TIM3_IRQHandler                          0x0800015f   Thumb Code     0  startup_stm32f103xe.o(.text)
    TIM4_IRQHandler                          0x0800015f   Thumb Code     0  startup_stm32f103xe.o(.text)
    TIM5_IRQHandler                          0x0800015f   Thumb Code     0  startup_stm32f103xe.o(.text)
    TIM6_IRQHandler                          0x0800015f   Thumb Code     0  startup_stm32f103xe.o(.text)
    TIM7_IRQHandler                          0x0800015f   Thumb Code     0  startup_stm32f103xe.o(.text)
    TIM8_BRK_IRQHandler                      0x0800015f   Thumb Code     0  startup_stm32f103xe.o(.text)
    TIM8_CC_IRQHandler                       0x0800015f   Thumb Code     0  startup_stm32f103xe.o(.text)
    TIM8_TRG_COM_IRQHandler                  0x0800015f   Thumb Code     0  startup_stm32f103xe.o(.text)
    UART4_IRQHandler                         0x0800015f   Thumb Code     0  startup_stm32f103xe.o(.text)
    UART5_IRQHandler                         0x0800015f   Thumb Code     0  startup_stm32f103xe.o(.text)
    USART1_IRQHandler                        0x0800015f   Thumb Code     0  startup_stm32f103xe.o(.text)
    USART2_IRQHandler                        0x0800015f   Thumb Code     0  startup_stm32f103xe.o(.text)
    USART3_IRQHandler                        0x0800015f   Thumb Code     0  startup_stm32f103xe.o(.text)
    USBWakeUp_IRQHandler                     0x0800015f   Thumb Code     0  startup_stm32f103xe.o(.text)
    USB_HP_CAN1_TX_IRQHandler                0x0800015f   Thumb Code     0  startup_stm32f103xe.o(.text)
    WWDG_IRQHandler                          0x0800015f   Thumb Code     0  startup_stm32f103xe.o(.text)
    __aeabi_llsr                             0x08000169   Thumb Code    32  llushr.o(.text)
    _ll_ushift_r                             0x08000169   Thumb Code     0  llushr.o(.text)
    __aeabi_memcpy                           0x08000189   Thumb Code    36  memcpya.o(.text)
    __aeabi_memcpy4                          0x08000189   Thumb Code     0  memcpya.o(.text)
    __aeabi_memcpy8                          0x08000189   Thumb Code     0  memcpya.o(.text)
    __aeabi_memset                           0x080001ad   Thumb Code    14  memseta.o(.text)
    __aeabi_memset4                          0x080001ad   Thumb Code     0  memseta.o(.text)
    __aeabi_memset8                          0x080001ad   Thumb Code     0  memseta.o(.text)
    __aeabi_memclr                           0x080001bb   Thumb Code     4  memseta.o(.text)
    __aeabi_memclr4                          0x080001bb   Thumb Code     0  memseta.o(.text)
    __aeabi_memclr8                          0x080001bb   Thumb Code     0  memseta.o(.text)
    _memset$wrapper                          0x080001bf   Thumb Code    18  memseta.o(.text)
    __aeabi_uidiv                            0x080001d1   Thumb Code     0  uidiv.o(.text)
    __aeabi_uidivmod                         0x080001d1   Thumb Code    44  uidiv.o(.text)
    __aeabi_uldivmod                         0x080001fd   Thumb Code    98  uldiv.o(.text)
    __I$use$fp                               0x0800025f   Thumb Code     0  iusefp.o(.text)
    __aeabi_dadd                             0x0800025f   Thumb Code   322  dadd.o(.text)
    __aeabi_dsub                             0x080003a1   Thumb Code     6  dadd.o(.text)
    __aeabi_drsub                            0x080003a7   Thumb Code     6  dadd.o(.text)
    __aeabi_dmul                             0x080003ad   Thumb Code   228  dmul.o(.text)
    __aeabi_ddiv                             0x08000491   Thumb Code   222  ddiv.o(.text)
    __aeabi_d2ulz                            0x0800056f   Thumb Code    48  dfixul.o(.text)
    __aeabi_cdrcmple                         0x080005a1   Thumb Code    48  cdrcmple.o(.text)
    __scatterload                            0x080005d1   Thumb Code    28  init.o(.text)
    __scatterload_rt2                        0x080005d1   Thumb Code     0  init.o(.text)
    __aeabi_llsl                             0x080005f5   Thumb Code    30  llshl.o(.text)
    _ll_shift_l                              0x080005f5   Thumb Code     0  llshl.o(.text)
    __aeabi_lasr                             0x08000613   Thumb Code    36  llsshr.o(.text)
    _ll_sshift_r                             0x08000613   Thumb Code     0  llsshr.o(.text)
    _double_round                            0x08000637   Thumb Code    30  depilogue.o(.text)
    _double_epilogue                         0x08000655   Thumb Code   156  depilogue.o(.text)
    BusFault_Handler                         0x080006f1   Thumb Code     2  stm32f1xx_it.o(i.BusFault_Handler)
    DebugMon_Handler                         0x080006f3   Thumb Code     2  stm32f1xx_it.o(i.DebugMon_Handler)
    Error_Handler                            0x080006f5   Thumb Code     2  main.o(i.Error_Handler)
    HAL_Delay                                0x080006f7   Thumb Code    22  stm32f1xx_hal.o(i.HAL_Delay)
    HAL_GPIO_Init                            0x0800070d   Thumb Code   446  stm32f1xx_hal_gpio.o(i.HAL_GPIO_Init)
    HAL_GPIO_ReadPin                         0x080008f5   Thumb Code    10  stm32f1xx_hal_gpio.o(i.HAL_GPIO_ReadPin)
    HAL_GPIO_WritePin                        0x080008ff   Thumb Code    10  stm32f1xx_hal_gpio.o(i.HAL_GPIO_WritePin)
    HAL_GetTick                              0x08000909   Thumb Code     6  stm32f1xx_hal.o(i.HAL_GetTick)
    HAL_IncTick                              0x08000915   Thumb Code    10  stm32f1xx_hal.o(i.HAL_IncTick)
    HAL_Init                                 0x08000925   Thumb Code    32  stm32f1xx_hal.o(i.HAL_Init)
    HAL_InitTick                             0x08000949   Thumb Code    98  stm32f1xx_hal_timebase_tim.o(i.HAL_InitTick)
    HAL_MspInit                              0x080009bd   Thumb Code   118  stm32f1xx_hal_msp.o(i.HAL_MspInit)
    HAL_NVIC_EnableIRQ                       0x08000a3d   Thumb Code    22  stm32f1xx_hal_cortex.o(i.HAL_NVIC_EnableIRQ)
    HAL_NVIC_SetPriority                     0x08000a55   Thumb Code    60  stm32f1xx_hal_cortex.o(i.HAL_NVIC_SetPriority)
    HAL_NVIC_SetPriorityGrouping             0x08000a95   Thumb Code    26  stm32f1xx_hal_cortex.o(i.HAL_NVIC_SetPriorityGrouping)
    HAL_PCDEx_PMAConfig                      0x08000ab9   Thumb Code    52  stm32f1xx_hal_pcd_ex.o(i.HAL_PCDEx_PMAConfig)
    HAL_PCDEx_SetConnectionState             0x08000aed   Thumb Code     2  usbd_conf.o(i.HAL_PCDEx_SetConnectionState)
    HAL_PCD_DataInStageCallback              0x08000aef   Thumb Code    14  usbd_conf.o(i.HAL_PCD_DataInStageCallback)
    HAL_PCD_DataOutStageCallback             0x08000afd   Thumb Code    16  usbd_conf.o(i.HAL_PCD_DataOutStageCallback)
    HAL_PCD_EP_Close                         0x08000b0d   Thumb Code    64  stm32f1xx_hal_pcd.o(i.HAL_PCD_EP_Close)
    HAL_PCD_EP_ClrStall                      0x08000b4d   Thumb Code    72  stm32f1xx_hal_pcd.o(i.HAL_PCD_EP_ClrStall)
    HAL_PCD_EP_Flush                         0x08000b95   Thumb Code    52  stm32f1xx_hal_pcd.o(i.HAL_PCD_EP_Flush)
    HAL_PCD_EP_GetRxCount                    0x08000bc9   Thumb Code    16  stm32f1xx_hal_pcd.o(i.HAL_PCD_EP_GetRxCount)
    HAL_PCD_EP_Open                          0x08000bd9   Thumb Code    68  stm32f1xx_hal_pcd.o(i.HAL_PCD_EP_Open)
    HAL_PCD_EP_Receive                       0x08000c1d   Thumb Code    64  stm32f1xx_hal_pcd.o(i.HAL_PCD_EP_Receive)
    HAL_PCD_EP_SetStall                      0x08000c5d   Thumb Code    86  stm32f1xx_hal_pcd.o(i.HAL_PCD_EP_SetStall)
    HAL_PCD_EP_Transmit                      0x08000cb3   Thumb Code    62  stm32f1xx_hal_pcd.o(i.HAL_PCD_EP_Transmit)
    HAL_PCD_IRQHandler                       0x08000cf1   Thumb Code   266  stm32f1xx_hal_pcd.o(i.HAL_PCD_IRQHandler)
    HAL_PCD_Init                             0x08000dfd   Thumb Code   192  stm32f1xx_hal_pcd.o(i.HAL_PCD_Init)
    HAL_PCD_MspInit                          0x08000ebd   Thumb Code    50  usbd_conf.o(i.HAL_PCD_MspInit)
    HAL_PCD_ResetCallback                    0x08000ef9   Thumb Code    26  usbd_conf.o(i.HAL_PCD_ResetCallback)
    HAL_PCD_ResumeCallback                   0x08000f13   Thumb Code     8  usbd_conf.o(i.HAL_PCD_ResumeCallback)
    HAL_PCD_SOFCallback                      0x08000f1b   Thumb Code     8  usbd_conf.o(i.HAL_PCD_SOFCallback)
    HAL_PCD_SetAddress                       0x08000f23   Thumb Code    40  stm32f1xx_hal_pcd.o(i.HAL_PCD_SetAddress)
    HAL_PCD_SetupStageCallback               0x08000f4b   Thumb Code    14  usbd_conf.o(i.HAL_PCD_SetupStageCallback)
    HAL_PCD_Start                            0x08000f59   Thumb Code    50  stm32f1xx_hal_pcd.o(i.HAL_PCD_Start)
    HAL_PCD_SuspendCallback                  0x08000f8d   Thumb Code    30  usbd_conf.o(i.HAL_PCD_SuspendCallback)
    HAL_RCCEx_PeriphCLKConfig                0x08000fb1   Thumb Code   288  stm32f1xx_hal_rcc_ex.o(i.HAL_RCCEx_PeriphCLKConfig)
    HAL_RCC_CSSCallback                      0x080010dd   Thumb Code     2  stm32f1xx_hal_rcc.o(i.HAL_RCC_CSSCallback)
    HAL_RCC_ClockConfig                      0x080010e1   Thumb Code   374  stm32f1xx_hal_rcc.o(i.HAL_RCC_ClockConfig)
    HAL_RCC_EnableCSS                        0x08001269   Thumb Code    20  stm32f1xx_hal_rcc.o(i.HAL_RCC_EnableCSS)
    HAL_RCC_GetClockConfig                   0x08001281   Thumb Code    54  stm32f1xx_hal_rcc.o(i.HAL_RCC_GetClockConfig)
    HAL_RCC_GetHCLKFreq                      0x080012c1   Thumb Code     6  stm32f1xx_hal_rcc.o(i.HAL_RCC_GetHCLKFreq)
    HAL_RCC_GetPCLK2Freq                     0x080012cd   Thumb Code    34  stm32f1xx_hal_rcc.o(i.HAL_RCC_GetPCLK2Freq)
    HAL_RCC_GetSysClockFreq                  0x080012fd   Thumb Code   102  stm32f1xx_hal_rcc.o(i.HAL_RCC_GetSysClockFreq)
    HAL_RCC_NMI_IRQHandler                   0x08001385   Thumb Code    20  stm32f1xx_hal_rcc.o(i.HAL_RCC_NMI_IRQHandler)
    HAL_RCC_OscConfig                        0x0800139d   Thumb Code  1406  stm32f1xx_hal_rcc.o(i.HAL_RCC_OscConfig)
    HAL_SD_Get_CardInfo                      0x0800191b   Thumb Code   696  stm32f1xx_hal_sd.o(i.HAL_SD_Get_CardInfo)
    HAL_SD_Init                              0x08001bd3   Thumb Code   190  stm32f1xx_hal_sd.o(i.HAL_SD_Init)
    HAL_SD_MspInit                           0x08001c91   Thumb Code    72  stm32f1xx_hal_msp.o(i.HAL_SD_MspInit)
    HAL_SD_ReadBlocks                        0x08001ce9   Thumb Code   400  stm32f1xx_hal_sd.o(i.HAL_SD_ReadBlocks)
    HAL_SD_StopTransfer                      0x08001e79   Thumb Code    52  stm32f1xx_hal_sd.o(i.HAL_SD_StopTransfer)
    HAL_SD_WideBusOperation_Config           0x08001ead   Thumb Code   128  stm32f1xx_hal_sd.o(i.HAL_SD_WideBusOperation_Config)
    HAL_SD_WriteBlocks                       0x08001f2d   Thumb Code   488  stm32f1xx_hal_sd.o(i.HAL_SD_WriteBlocks)
    HAL_SYSTICK_CLKSourceConfig              0x08002115   Thumb Code    24  stm32f1xx_hal_cortex.o(i.HAL_SYSTICK_CLKSourceConfig)
    HAL_SYSTICK_Callback                     0x0800212d   Thumb Code     2  stm32f1xx_hal_cortex.o(i.HAL_SYSTICK_Callback)
    HAL_SYSTICK_Config                       0x0800212f   Thumb Code    40  stm32f1xx_hal_cortex.o(i.HAL_SYSTICK_Config)
    HAL_SYSTICK_IRQHandler                   0x08002157   Thumb Code     8  stm32f1xx_hal_cortex.o(i.HAL_SYSTICK_IRQHandler)
    HAL_TIMEx_BreakCallback                  0x0800215f   Thumb Code     2  stm32f1xx_hal_tim_ex.o(i.HAL_TIMEx_BreakCallback)
    HAL_TIMEx_CommutationCallback            0x08002161   Thumb Code     2  stm32f1xx_hal_tim_ex.o(i.HAL_TIMEx_CommutationCallback)
    HAL_TIM_Base_Init                        0x08002163   Thumb Code    54  stm32f1xx_hal_tim.o(i.HAL_TIM_Base_Init)
    HAL_TIM_Base_MspInit                     0x08002199   Thumb Code     2  stm32f1xx_hal_tim.o(i.HAL_TIM_Base_MspInit)
    HAL_TIM_Base_Start_IT                    0x0800219b   Thumb Code    24  stm32f1xx_hal_tim.o(i.HAL_TIM_Base_Start_IT)
    HAL_TIM_IC_CaptureCallback               0x080021b3   Thumb Code     2  stm32f1xx_hal_tim.o(i.HAL_TIM_IC_CaptureCallback)
    HAL_TIM_IRQHandler                       0x080021b5   Thumb Code   358  stm32f1xx_hal_tim.o(i.HAL_TIM_IRQHandler)
    HAL_TIM_OC_DelayElapsedCallback          0x0800231b   Thumb Code     2  stm32f1xx_hal_tim.o(i.HAL_TIM_OC_DelayElapsedCallback)
    HAL_TIM_PWM_PulseFinishedCallback        0x0800231d   Thumb Code     2  stm32f1xx_hal_tim.o(i.HAL_TIM_PWM_PulseFinishedCallback)
    HAL_TIM_PeriodElapsedCallback            0x08002321   Thumb Code    14  main.o(i.HAL_TIM_PeriodElapsedCallback)
    HAL_TIM_TriggerCallback                  0x08002335   Thumb Code     2  stm32f1xx_hal_tim.o(i.HAL_TIM_TriggerCallback)
    HardFault_Handler                        0x08002337   Thumb Code     2  stm32f1xx_it.o(i.HardFault_Handler)
    MSC_BOT_CplClrFeature                    0x08002449   Thumb Code    42  usbd_msc_bot.o(i.MSC_BOT_CplClrFeature)
    MSC_BOT_DataIn                           0x08002473   Thumb Code    58  usbd_msc_bot.o(i.MSC_BOT_DataIn)
    MSC_BOT_DataOut                          0x080024ad   Thumb Code    58  usbd_msc_bot.o(i.MSC_BOT_DataOut)
    MSC_BOT_DeInit                           0x080024e7   Thumb Code    10  usbd_msc_bot.o(i.MSC_BOT_DeInit)
    MSC_BOT_Init                             0x080024f1   Thumb Code    66  usbd_msc_bot.o(i.MSC_BOT_Init)
    MSC_BOT_Reset                            0x08002533   Thumb Code    22  usbd_msc_bot.o(i.MSC_BOT_Reset)
    MSC_BOT_SendCSW                          0x08002549   Thumb Code    54  usbd_msc_bot.o(i.MSC_BOT_SendCSW)
    MX_USB_DEVICE_Init                       0x0800262d   Thumb Code    38  usb_device.o(i.MX_USB_DEVICE_Init)
    MemManage_Handler                        0x08002665   Thumb Code     2  stm32f1xx_it.o(i.MemManage_Handler)
    NMI_Handler                              0x08002667   Thumb Code     4  stm32f1xx_it.o(i.NMI_Handler)
    OLEDInit                                 0x0800268d   Thumb Code   116  main.o(i.OLEDInit)
    PendSV_Handler                           0x08002a9f   Thumb Code     2  stm32f1xx_it.o(i.PendSV_Handler)
    SCSI_ProcessCmd                          0x08002ac5   Thumb Code   448  usbd_msc_scsi.o(i.SCSI_ProcessCmd)
    SCSI_SenseCode                           0x08002f23   Thumb Code    54  usbd_msc_scsi.o(i.SCSI_SenseCode)
    SDIO_DataConfig                          0x08003023   Thumb Code    36  stm32f1xx_ll_sdmmc.o(i.SDIO_DataConfig)
    SDIO_GetCommandResponse                  0x08003047   Thumb Code     6  stm32f1xx_ll_sdmmc.o(i.SDIO_GetCommandResponse)
    SDIO_GetPowerState                       0x0800304d   Thumb Code     8  stm32f1xx_ll_sdmmc.o(i.SDIO_GetPowerState)
    SDIO_GetResponse                         0x08003055   Thumb Code    12  stm32f1xx_ll_sdmmc.o(i.SDIO_GetResponse)
    SDIO_Init                                0x08003065   Thumb Code    36  stm32f1xx_ll_sdmmc.o(i.SDIO_Init)
    SDIO_PowerState_ON                       0x08003089   Thumb Code     8  stm32f1xx_ll_sdmmc.o(i.SDIO_PowerState_ON)
    SDIO_ReadFIFO                            0x08003091   Thumb Code     6  stm32f1xx_ll_sdmmc.o(i.SDIO_ReadFIFO)
    SDIO_SendCommand                         0x08003097   Thumb Code    32  stm32f1xx_ll_sdmmc.o(i.SDIO_SendCommand)
    SDIO_WriteFIFO                           0x080030b7   Thumb Code    10  stm32f1xx_ll_sdmmc.o(i.SDIO_WriteFIFO)
    SVC_Handler                              0x080038e9   Thumb Code     2  stm32f1xx_it.o(i.SVC_Handler)
    SoftIICInit                              0x080038ed   Thumb Code    74  main.o(i.SoftIICInit)
    SysTick_Handler                          0x0800394d   Thumb Code     4  stm32f1xx_it.o(i.SysTick_Handler)
    SystemClock_Config                       0x08003951   Thumb Code   124  main.o(i.SystemClock_Config)
    SystemInit                               0x080039cd   Thumb Code    56  system_stm32f1xx.o(i.SystemInit)
    TIM8_UP_IRQHandler                       0x08003a15   Thumb Code     6  stm32f1xx_it.o(i.TIM8_UP_IRQHandler)
    TIM_Base_SetConfig                       0x08003a21   Thumb Code   112  stm32f1xx_hal_tim.o(i.TIM_Base_SetConfig)
    USBD_ClrClassConfig                      0x08003aa5   Thumb Code    14  usbd_core.o(i.USBD_ClrClassConfig)
    USBD_CtlContinueRx                       0x08003ab3   Thumb Code    16  usbd_ioreq.o(i.USBD_CtlContinueRx)
    USBD_CtlContinueSendData                 0x08003ac3   Thumb Code    16  usbd_ioreq.o(i.USBD_CtlContinueSendData)
    USBD_CtlError                            0x08003ad3   Thumb Code    22  usbd_ctlreq.o(i.USBD_CtlError)
    USBD_CtlReceiveStatus                    0x08003ae9   Thumb Code    22  usbd_ioreq.o(i.USBD_CtlReceiveStatus)
    USBD_CtlSendData                         0x08003aff   Thumb Code    26  usbd_ioreq.o(i.USBD_CtlSendData)
    USBD_CtlSendStatus                       0x08003b19   Thumb Code    22  usbd_ioreq.o(i.USBD_CtlSendStatus)
    USBD_FS_ConfigStrDescriptor              0x08003b31   Thumb Code    16  usbd_desc.o(i.USBD_FS_ConfigStrDescriptor)
    USBD_FS_DeviceDescriptor                 0x08003b55   Thumb Code     8  usbd_desc.o(i.USBD_FS_DeviceDescriptor)
    USBD_FS_InterfaceStrDescriptor           0x08003b61   Thumb Code    16  usbd_desc.o(i.USBD_FS_InterfaceStrDescriptor)
    USBD_FS_LangIDStrDescriptor              0x08003b89   Thumb Code     8  usbd_desc.o(i.USBD_FS_LangIDStrDescriptor)
    USBD_FS_ManufacturerStrDescriptor        0x08003b95   Thumb Code    16  usbd_desc.o(i.USBD_FS_ManufacturerStrDescriptor)
    USBD_FS_ProductStrDescriptor             0x08003bb1   Thumb Code    16  usbd_desc.o(i.USBD_FS_ProductStrDescriptor)
    USBD_FS_SerialStrDescriptor              0x08003bd5   Thumb Code    16  usbd_desc.o(i.USBD_FS_SerialStrDescriptor)
    USBD_GetString                           0x08003cd9   Thumb Code    70  usbd_ctlreq.o(i.USBD_GetString)
    USBD_Init                                0x08003d1f   Thumb Code    42  usbd_core.o(i.USBD_Init)
    USBD_LL_ClearStallEP                     0x08003d49   Thumb Code    14  usbd_conf.o(i.USBD_LL_ClearStallEP)
    USBD_LL_CloseEP                          0x08003d57   Thumb Code    14  usbd_conf.o(i.USBD_LL_CloseEP)
    USBD_LL_DataInStage                      0x08003d65   Thumb Code   170  usbd_core.o(i.USBD_LL_DataInStage)
    USBD_LL_DataOutStage                     0x08003e0f   Thumb Code   106  usbd_core.o(i.USBD_LL_DataOutStage)
    USBD_LL_FlushEP                          0x08003e79   Thumb Code    14  usbd_conf.o(i.USBD_LL_FlushEP)
    USBD_LL_GetRxDataSize                    0x08003e87   Thumb Code     8  usbd_conf.o(i.USBD_LL_GetRxDataSize)
    USBD_LL_Init                             0x08003e91   Thumb Code   108  usbd_conf.o(i.USBD_LL_Init)
    USBD_LL_IsStallEP                        0x08003f05   Thumb Code    28  usbd_conf.o(i.USBD_LL_IsStallEP)
    USBD_LL_OpenEP                           0x08003f21   Thumb Code    20  usbd_conf.o(i.USBD_LL_OpenEP)
    USBD_LL_PrepareReceive                   0x08003f35   Thumb Code    14  usbd_conf.o(i.USBD_LL_PrepareReceive)
    USBD_LL_Reset                            0x08003f43   Thumb Code    62  usbd_core.o(i.USBD_LL_Reset)
    USBD_LL_Resume                           0x08003f81   Thumb Code    12  usbd_core.o(i.USBD_LL_Resume)
    USBD_LL_SOF                              0x08003f8d   Thumb Code    24  usbd_core.o(i.USBD_LL_SOF)
    USBD_LL_SetSpeed                         0x08003fa5   Thumb Code     6  usbd_core.o(i.USBD_LL_SetSpeed)
    USBD_LL_SetUSBAddress                    0x08003fab   Thumb Code    14  usbd_conf.o(i.USBD_LL_SetUSBAddress)
    USBD_LL_SetupStage                       0x08003fb9   Thumb Code    90  usbd_core.o(i.USBD_LL_SetupStage)
    USBD_LL_StallEP                          0x08004013   Thumb Code    14  usbd_conf.o(i.USBD_LL_StallEP)
    USBD_LL_Start                            0x08004021   Thumb Code    14  usbd_conf.o(i.USBD_LL_Start)
    USBD_LL_Suspend                          0x0800402f   Thumb Code    18  usbd_core.o(i.USBD_LL_Suspend)
    USBD_LL_Transmit                         0x08004041   Thumb Code    14  usbd_conf.o(i.USBD_LL_Transmit)
    USBD_MSC_DataIn                          0x0800404f   Thumb Code    10  usbd_msc.o(i.USBD_MSC_DataIn)
    USBD_MSC_DataOut                         0x08004059   Thumb Code    10  usbd_msc.o(i.USBD_MSC_DataOut)
    USBD_MSC_DeInit                          0x08004063   Thumb Code    44  usbd_msc.o(i.USBD_MSC_DeInit)
    USBD_MSC_GetDeviceQualifierDescriptor    0x08004091   Thumb Code     8  usbd_msc.o(i.USBD_MSC_GetDeviceQualifierDescriptor)
    USBD_MSC_GetFSCfgDesc                    0x0800409d   Thumb Code     8  usbd_msc.o(i.USBD_MSC_GetFSCfgDesc)
    USBD_MSC_GetHSCfgDesc                    0x080040a9   Thumb Code     8  usbd_msc.o(i.USBD_MSC_GetHSCfgDesc)
    USBD_MSC_GetOtherSpeedCfgDesc            0x080040b5   Thumb Code     8  usbd_msc.o(i.USBD_MSC_GetOtherSpeedCfgDesc)
    USBD_MSC_Init                            0x080040c1   Thumb Code    82  usbd_msc.o(i.USBD_MSC_Init)
    USBD_MSC_RegisterStorage                 0x08004113   Thumb Code    10  usbd_msc.o(i.USBD_MSC_RegisterStorage)
    USBD_MSC_Setup                           0x0800411d   Thumb Code   194  usbd_msc.o(i.USBD_MSC_Setup)
    USBD_ParseSetupRequest                   0x080041df   Thumb Code    40  usbd_ctlreq.o(i.USBD_ParseSetupRequest)
    USBD_RegisterClass                       0x08004207   Thumb Code    16  usbd_core.o(i.USBD_RegisterClass)
    USBD_SetClassConfig                      0x08004217   Thumb Code    22  usbd_core.o(i.USBD_SetClassConfig)
    USBD_Start                               0x080042a1   Thumb Code    10  usbd_core.o(i.USBD_Start)
    USBD_StdDevReq                           0x080042ab   Thumb Code   242  usbd_ctlreq.o(i.USBD_StdDevReq)
    USBD_StdEPReq                            0x0800439d   Thumb Code   220  usbd_ctlreq.o(i.USBD_StdEPReq)
    USBD_StdItfReq                           0x08004479   Thumb Code    52  usbd_ctlreq.o(i.USBD_StdItfReq)
    USBD_static_free                         0x080044ad   Thumb Code     2  usbd_conf.o(i.USBD_static_free)
    USBD_static_malloc                       0x080044b1   Thumb Code     4  usbd_conf.o(i.USBD_static_malloc)
    USB_ActivateEndpoint                     0x080044b9   Thumb Code   604  stm32f1xx_ll_usb.o(i.USB_ActivateEndpoint)
    USB_CoreInit                             0x08004715   Thumb Code     4  stm32f1xx_ll_usb.o(i.USB_CoreInit)
    USB_DeactivateEndpoint                   0x08004719   Thumb Code   292  stm32f1xx_ll_usb.o(i.USB_DeactivateEndpoint)
    USB_DevConnect                           0x0800483d   Thumb Code     4  stm32f1xx_ll_usb.o(i.USB_DevConnect)
    USB_DevDisconnect                        0x08004841   Thumb Code     4  stm32f1xx_ll_usb.o(i.USB_DevDisconnect)
    USB_DevInit                              0x08004845   Thumb Code    18  stm32f1xx_ll_usb.o(i.USB_DevInit)
    USB_DisableGlobalInt                     0x08004857   Thumb Code    14  stm32f1xx_ll_usb.o(i.USB_DisableGlobalInt)
    USB_EP0_OutStart                         0x08004865   Thumb Code     4  stm32f1xx_ll_usb.o(i.USB_EP0_OutStart)
    USB_EPClearStall                         0x08004869   Thumb Code   106  stm32f1xx_ll_usb.o(i.USB_EPClearStall)
    USB_EPSetStall                           0x080048d3   Thumb Code    74  stm32f1xx_ll_usb.o(i.USB_EPSetStall)
    USB_EPStartXfer                          0x0800491d   Thumb Code   426  stm32f1xx_ll_usb.o(i.USB_EPStartXfer)
    USB_EnableGlobalInt                      0x08004ac7   Thumb Code    14  stm32f1xx_ll_usb.o(i.USB_EnableGlobalInt)
    USB_FlushRxFifo                          0x08004ad5   Thumb Code     4  stm32f1xx_ll_usb.o(i.USB_FlushRxFifo)
    USB_FlushTxFifo                          0x08004ad9   Thumb Code     4  stm32f1xx_ll_usb.o(i.USB_FlushTxFifo)
    USB_LP_CAN1_RX0_IRQHandler               0x08004add   Thumb Code     6  stm32f1xx_it.o(i.USB_LP_CAN1_RX0_IRQHandler)
    USB_ReadInterrupts                       0x08004ae9   Thumb Code     6  stm32f1xx_ll_usb.o(i.USB_ReadInterrupts)
    USB_ReadPMA                              0x08004af1   Thumb Code    30  stm32f1xx_ll_usb.o(i.USB_ReadPMA)
    USB_SetCurrentMode                       0x08004b0f   Thumb Code     4  stm32f1xx_ll_usb.o(i.USB_SetCurrentMode)
    USB_SetDevAddress                        0x08004b13   Thumb Code    12  stm32f1xx_ll_usb.o(i.USB_SetDevAddress)
    USB_WritePMA                             0x08004b1f   Thumb Code    38  stm32f1xx_ll_usb.o(i.USB_WritePMA)
    UsageFault_Handler                       0x08004b45   Thumb Code     2  stm32f1xx_it.o(i.UsageFault_Handler)
    __0vsprintf                              0x08004b49   Thumb Code    30  printfa.o(i.__0vsprintf)
    __1vsprintf                              0x08004b49   Thumb Code     0  printfa.o(i.__0vsprintf)
    __2vsprintf                              0x08004b49   Thumb Code     0  printfa.o(i.__0vsprintf)
    __c89vsprintf                            0x08004b49   Thumb Code     0  printfa.o(i.__0vsprintf)
    vsprintf                                 0x08004b49   Thumb Code     0  printfa.o(i.__0vsprintf)
    __scatterload_copy                       0x08004b6d   Thumb Code    14  handlers.o(i.__scatterload_copy)
    __scatterload_null                       0x08004b7b   Thumb Code     2  handlers.o(i.__scatterload_null)
    __scatterload_zeroinit                   0x08004b7d   Thumb Code    14  handlers.o(i.__scatterload_zeroinit)
    _oled_bright                             0x08004d11   Thumb Code    26  main.o(i._oled_bright)
    _oled_clear                              0x08004d2b   Thumb Code    64  main.o(i._oled_clear)
    _oled_close                              0x08004d6b   Thumb Code    30  main.o(i._oled_close)
    _oled_color                              0x08004d89   Thumb Code     4  main.o(i._oled_color)
    _oled_draw                               0x08004d8d   Thumb Code   198  main.o(i._oled_draw)
    _oled_flash                              0x08004e5d   Thumb Code    72  main.o(i._oled_flash)
    _oled_font                               0x08004ea5   Thumb Code     4  main.o(i._oled_font)
    _oled_init                               0x08004ea9   Thumb Code   318  main.o(i._oled_init)
    _oled_open                               0x08004fe7   Thumb Code    30  main.o(i._oled_open)
    _oled_print                              0x08005005   Thumb Code   100  main.o(i._oled_print)
    _oled_printf                             0x08005069   Thumb Code    58  main.o(i._oled_printf)
    _oled_setPosition                        0x080050a3   Thumb Code    40  main.o(i._oled_setPosition)
    _oled_trans                              0x080050cb   Thumb Code     8  main.o(i._oled_trans)
    _oled_writeCommand                       0x080050d3   Thumb Code    80  main.o(i._oled_writeCommand)
    _oled_writeData                          0x08005123   Thumb Code    80  main.o(i._oled_writeData)
    _soft_iic_send                           0x080058a5   Thumb Code    64  main.o(i._soft_iic_send)
    _soft_iic_start                          0x080058e5   Thumb Code    48  main.o(i._soft_iic_start)
    _soft_iic_stop                           0x08005915   Thumb Code    38  main.o(i._soft_iic_stop)
    _soft_iic_turn                           0x0800593b   Thumb Code     4  main.o(i._soft_iic_turn)
    _soft_iic_wait                           0x0800593f   Thumb Code    28  main.o(i._soft_iic_wait)
    free                                     0x08005965   Thumb Code    76  malloc.o(i.free)
    main                                     0x080059b5   Thumb Code   544  main.o(i.main)
    malloc                                   0x08005c39   Thumb Code    92  malloc.o(i.malloc)
    AHBPrescTable                            0x08005ca4   Data          16  system_stm32f1xx.o(.constdata)
    APBPrescTable                            0x08005cb4   Data           8  system_stm32f1xx.o(.constdata)
    __FONTS_SMALL_                           0x08005cbc   Data         552  main.o(.constdata)
    __FONTS_BIG_                             0x08005ee4   Data        1520  main.o(.constdata)
    __NYAGAME_LOGO_                          0x080064d4   Data        1024  main.o(.constdata)
    STORAGE_Inquirydata_FS                   0x080068d4   Data          36  usbd_storage_if.o(.constdata)
    MSC_Page00_Inquiry_Data                  0x080068f8   Data           7  usbd_msc_data.o(.constdata)
    MSC_Mode_Sense6_data                     0x080068ff   Data           8  usbd_msc_data.o(.constdata)
    MSC_Mode_Sense10_data                    0x08006907   Data           8  usbd_msc_data.o(.constdata)
    Region$$Table$$Base                      0x08006910   Number         0  anon$$obj.o(Region$$Table)
    Region$$Table$$Limit                     0x08006930   Number         0  anon$$obj.o(Region$$Table)
    SystemCoreClock                          0x20000004   Data           4  system_stm32f1xx.o(.data)
    oled                                     0x20000008   Data           4  main.o(.data)
    FS_Desc                                  0x2000000c   Data          28  usbd_desc.o(.data)
    USBD_LangIDDesc                          0x20000028   Data           4  usbd_desc.o(.data)
    USBD_FS_DeviceDesc                       0x2000002c   Data          18  usbd_desc.o(.data)
    USBD_Storage_Interface_fops_FS           0x20000040   Data          32  usbd_storage_if.o(.data)
    USBD_MSC                                 0x20000064   Data          56  usbd_msc.o(.data)
    USBD_MSC_CfgHSDesc                       0x2000009c   Data          32  usbd_msc.o(.data)
    USBD_MSC_CfgFSDesc                       0x200000bc   Data          32  usbd_msc.o(.data)
    USBD_MSC_OtherSpeedCfgDesc               0x200000dc   Data          32  usbd_msc.o(.data)
    USBD_MSC_DeviceQualifierDesc             0x200000fc   Data          10  usbd_msc.o(.data)
    __microlib_freelist                      0x20000108   Data           4  mvars.o(.data)
    __microlib_freelist_initialised          0x2000010c   Data           4  mvars.o(.data)
    hsd                                      0x20000110   Data          96  main.o(.bss)
    SDCardInfo                               0x20000170   Data          88  main.o(.bss)
    USBD_StrDesc                             0x200001c8   Data         512  usbd_desc.o(.bss)
    hUsbDeviceFS                             0x200003c8   Data         548  usb_device.o(.bss)
    hpcd_USB_FS                              0x2000085c   Data        1056  usbd_conf.o(.bss)
    htim8                                    0x20000c7c   Data          60  stm32f1xx_hal_timebase_tim.o(.bss)
    __heap_base                              0x20000cb8   Data           0  startup_stm32f103xe.o(HEAP)
    __heap_limit                             0x20000eb8   Data           0  startup_stm32f103xe.o(HEAP)
    __initial_sp                             0x200012b8   Data           0  startup_stm32f103xe.o(STACK)



==============================================================================

Memory Map of the image

  Image Entry point : 0x08000131

  Load Region LR_IROM1 (Base: 0x08000000, Size: 0x00006a40, Max: 0x00040000, ABSOLUTE)

    Execution Region ER_IROM1 (Base: 0x08000000, Size: 0x00006930, Max: 0x00040000, ABSOLUTE)

    Base Addr    Size         Type   Attr      Idx    E Section Name        Object

    0x08000000   0x00000130   Data   RO         3433    RESET               startup_stm32f103xe.o
    0x08000130   0x00000000   Code   RO         3951  * .ARM.Collect$$$$00000000  mc_w.l(entry.o)
    0x08000130   0x00000004   Code   RO         4018    .ARM.Collect$$$$00000001  mc_w.l(entry2.o)
    0x08000134   0x00000004   Code   RO         4021    .ARM.Collect$$$$00000004  mc_w.l(entry5.o)
    0x08000138   0x00000000   Code   RO         4023    .ARM.Collect$$$$00000008  mc_w.l(entry7b.o)
    0x08000138   0x00000000   Code   RO         4025    .ARM.Collect$$$$0000000A  mc_w.l(entry8b.o)
    0x08000138   0x00000008   Code   RO         4026    .ARM.Collect$$$$0000000B  mc_w.l(entry9a.o)
    0x08000140   0x00000000   Code   RO         4028    .ARM.Collect$$$$0000000D  mc_w.l(entry10a.o)
    0x08000140   0x00000000   Code   RO         4030    .ARM.Collect$$$$0000000F  mc_w.l(entry11a.o)
    0x08000140   0x00000004   Code   RO         4019    .ARM.Collect$$$$00002712  mc_w.l(entry2.o)
    0x08000144   0x00000024   Code   RO         3434    .text               startup_stm32f103xe.o
    0x08000168   0x00000020   Code   RO         3954    .text               mc_w.l(llushr.o)
    0x08000188   0x00000024   Code   RO         3956    .text               mc_w.l(memcpya.o)
    0x080001ac   0x00000024   Code   RO         3958    .text               mc_w.l(memseta.o)
    0x080001d0   0x0000002c   Code   RO         4035    .text               mc_w.l(uidiv.o)
    0x080001fc   0x00000062   Code   RO         4037    .text               mc_w.l(uldiv.o)
    0x0800025e   0x00000000   Code   RO         4041    .text               mc_w.l(iusefp.o)
    0x0800025e   0x0000014e   Code   RO         4042    .text               mf_w.l(dadd.o)
    0x080003ac   0x000000e4   Code   RO         4044    .text               mf_w.l(dmul.o)
    0x08000490   0x000000de   Code   RO         4046    .text               mf_w.l(ddiv.o)
    0x0800056e   0x00000030   Code   RO         4048    .text               mf_w.l(dfixul.o)
    0x0800059e   0x00000002   PAD
    0x080005a0   0x00000030   Code   RO         4050    .text               mf_w.l(cdrcmple.o)
    0x080005d0   0x00000024   Code   RO         4052    .text               mc_w.l(init.o)
    0x080005f4   0x0000001e   Code   RO         4055    .text               mc_w.l(llshl.o)
    0x08000612   0x00000024   Code   RO         4057    .text               mc_w.l(llsshr.o)
    0x08000636   0x000000ba   Code   RO         4060    .text               mf_w.l(depilogue.o)
    0x080006f0   0x00000002   Code   RO         2698    i.BusFault_Handler  stm32f1xx_it.o
    0x080006f2   0x00000002   Code   RO         2699    i.DebugMon_Handler  stm32f1xx_it.o
    0x080006f4   0x00000002   Code   RO         2786    i.Error_Handler     main.o
    0x080006f6   0x00000016   Code   RO          420    i.HAL_Delay         stm32f1xx_hal.o
    0x0800070c   0x000001e8   Code   RO         1700    i.HAL_GPIO_Init     stm32f1xx_hal_gpio.o
    0x080008f4   0x0000000a   Code   RO         1702    i.HAL_GPIO_ReadPin  stm32f1xx_hal_gpio.o
    0x080008fe   0x0000000a   Code   RO         1704    i.HAL_GPIO_WritePin  stm32f1xx_hal_gpio.o
    0x08000908   0x0000000c   Code   RO          424    i.HAL_GetTick       stm32f1xx_hal.o
    0x08000914   0x00000010   Code   RO          425    i.HAL_IncTick       stm32f1xx_hal.o
    0x08000924   0x00000024   Code   RO          426    i.HAL_Init          stm32f1xx_hal.o
    0x08000948   0x00000074   Code   RO         3333    i.HAL_InitTick      stm32f1xx_hal_timebase_tim.o
    0x080009bc   0x00000080   Code   RO         2662    i.HAL_MspInit       stm32f1xx_hal_msp.o
    0x08000a3c   0x00000016   Code   RO         1377    i.HAL_NVIC_EnableIRQ  stm32f1xx_hal_cortex.o
    0x08000a52   0x00000002   PAD
    0x08000a54   0x00000040   Code   RO         1383    i.HAL_NVIC_SetPriority  stm32f1xx_hal_cortex.o
    0x08000a94   0x00000024   Code   RO         1384    i.HAL_NVIC_SetPriorityGrouping  stm32f1xx_hal_cortex.o
    0x08000ab8   0x00000034   Code   RO         2255    i.HAL_PCDEx_PMAConfig  stm32f1xx_hal_pcd_ex.o
    0x08000aec   0x00000002   Code   RO         3126    i.HAL_PCDEx_SetConnectionState  usbd_conf.o
    0x08000aee   0x0000000e   Code   RO         3128    i.HAL_PCD_DataInStageCallback  usbd_conf.o
    0x08000afc   0x00000010   Code   RO         3129    i.HAL_PCD_DataOutStageCallback  usbd_conf.o
    0x08000b0c   0x00000040   Code   RO         2049    i.HAL_PCD_EP_Close  stm32f1xx_hal_pcd.o
    0x08000b4c   0x00000048   Code   RO         2050    i.HAL_PCD_EP_ClrStall  stm32f1xx_hal_pcd.o
    0x08000b94   0x00000034   Code   RO         2051    i.HAL_PCD_EP_Flush  stm32f1xx_hal_pcd.o
    0x08000bc8   0x00000010   Code   RO         2052    i.HAL_PCD_EP_GetRxCount  stm32f1xx_hal_pcd.o
    0x08000bd8   0x00000044   Code   RO         2053    i.HAL_PCD_EP_Open   stm32f1xx_hal_pcd.o
    0x08000c1c   0x00000040   Code   RO         2054    i.HAL_PCD_EP_Receive  stm32f1xx_hal_pcd.o
    0x08000c5c   0x00000056   Code   RO         2055    i.HAL_PCD_EP_SetStall  stm32f1xx_hal_pcd.o
    0x08000cb2   0x0000003e   Code   RO         2056    i.HAL_PCD_EP_Transmit  stm32f1xx_hal_pcd.o
    0x08000cf0   0x0000010a   Code   RO         2058    i.HAL_PCD_IRQHandler  stm32f1xx_hal_pcd.o
    0x08000dfa   0x00000002   PAD
    0x08000dfc   0x000000c0   Code   RO         2061    i.HAL_PCD_Init      stm32f1xx_hal_pcd.o
    0x08000ebc   0x0000003c   Code   RO         3134    i.HAL_PCD_MspInit   usbd_conf.o
    0x08000ef8   0x0000001a   Code   RO         3135    i.HAL_PCD_ResetCallback  usbd_conf.o
    0x08000f12   0x00000008   Code   RO         3136    i.HAL_PCD_ResumeCallback  usbd_conf.o
    0x08000f1a   0x00000008   Code   RO         3137    i.HAL_PCD_SOFCallback  usbd_conf.o
    0x08000f22   0x00000028   Code   RO         2067    i.HAL_PCD_SetAddress  stm32f1xx_hal_pcd.o
    0x08000f4a   0x0000000e   Code   RO         3138    i.HAL_PCD_SetupStageCallback  usbd_conf.o
    0x08000f58   0x00000032   Code   RO         2069    i.HAL_PCD_Start     stm32f1xx_hal_pcd.o
    0x08000f8a   0x00000002   PAD
    0x08000f8c   0x00000024   Code   RO         3139    i.HAL_PCD_SuspendCallback  usbd_conf.o
    0x08000fb0   0x0000012c   Code   RO         1341    i.HAL_RCCEx_PeriphCLKConfig  stm32f1xx_hal_rcc_ex.o
    0x080010dc   0x00000002   Code   RO         1595    i.HAL_RCC_CSSCallback  stm32f1xx_hal_rcc.o
    0x080010de   0x00000002   PAD
    0x080010e0   0x00000188   Code   RO         1596    i.HAL_RCC_ClockConfig  stm32f1xx_hal_rcc.o
    0x08001268   0x00000018   Code   RO         1599    i.HAL_RCC_EnableCSS  stm32f1xx_hal_rcc.o
    0x08001280   0x00000040   Code   RO         1600    i.HAL_RCC_GetClockConfig  stm32f1xx_hal_rcc.o
    0x080012c0   0x0000000c   Code   RO         1601    i.HAL_RCC_GetHCLKFreq  stm32f1xx_hal_rcc.o
    0x080012cc   0x00000030   Code   RO         1604    i.HAL_RCC_GetPCLK2Freq  stm32f1xx_hal_rcc.o
    0x080012fc   0x00000088   Code   RO         1605    i.HAL_RCC_GetSysClockFreq  stm32f1xx_hal_rcc.o
    0x08001384   0x00000018   Code   RO         1607    i.HAL_RCC_NMI_IRQHandler  stm32f1xx_hal_rcc.o
    0x0800139c   0x0000057e   Code   RO         1608    i.HAL_RCC_OscConfig  stm32f1xx_hal_rcc.o
    0x0800191a   0x000002b8   Code   RO         2391    i.HAL_SD_Get_CardInfo  stm32f1xx_hal_sd.o
    0x08001bd2   0x000000be   Code   RO         2394    i.HAL_SD_Init       stm32f1xx_hal_sd.o
    0x08001c90   0x00000058   Code   RO         2664    i.HAL_SD_MspInit    stm32f1xx_hal_msp.o
    0x08001ce8   0x00000190   Code   RO         2397    i.HAL_SD_ReadBlocks  stm32f1xx_hal_sd.o
    0x08001e78   0x00000034   Code   RO         2400    i.HAL_SD_StopTransfer  stm32f1xx_hal_sd.o
    0x08001eac   0x00000080   Code   RO         2401    i.HAL_SD_WideBusOperation_Config  stm32f1xx_hal_sd.o
    0x08001f2c   0x000001e8   Code   RO         2402    i.HAL_SD_WriteBlocks  stm32f1xx_hal_sd.o
    0x08002114   0x00000018   Code   RO         1386    i.HAL_SYSTICK_CLKSourceConfig  stm32f1xx_hal_cortex.o
    0x0800212c   0x00000002   Code   RO         1387    i.HAL_SYSTICK_Callback  stm32f1xx_hal_cortex.o
    0x0800212e   0x00000028   Code   RO         1388    i.HAL_SYSTICK_Config  stm32f1xx_hal_cortex.o
    0x08002156   0x00000008   Code   RO         1389    i.HAL_SYSTICK_IRQHandler  stm32f1xx_hal_cortex.o
    0x0800215e   0x00000002   Code   RO            4    i.HAL_TIMEx_BreakCallback  stm32f1xx_hal_tim_ex.o
    0x08002160   0x00000002   Code   RO            5    i.HAL_TIMEx_CommutationCallback  stm32f1xx_hal_tim_ex.o
    0x08002162   0x00000036   Code   RO          710    i.HAL_TIM_Base_Init  stm32f1xx_hal_tim.o
    0x08002198   0x00000002   Code   RO          712    i.HAL_TIM_Base_MspInit  stm32f1xx_hal_tim.o
    0x0800219a   0x00000018   Code   RO          715    i.HAL_TIM_Base_Start_IT  stm32f1xx_hal_tim.o
    0x080021b2   0x00000002   Code   RO          739    i.HAL_TIM_IC_CaptureCallback  stm32f1xx_hal_tim.o
    0x080021b4   0x00000166   Code   RO          752    i.HAL_TIM_IRQHandler  stm32f1xx_hal_tim.o
    0x0800231a   0x00000002   Code   RO          755    i.HAL_TIM_OC_DelayElapsedCallback  stm32f1xx_hal_tim.o
    0x0800231c   0x00000002   Code   RO          782    i.HAL_TIM_PWM_PulseFinishedCallback  stm32f1xx_hal_tim.o
    0x0800231e   0x00000002   PAD
    0x08002320   0x00000014   Code   RO         2787    i.HAL_TIM_PeriodElapsedCallback  main.o
    0x08002334   0x00000002   Code   RO          793    i.HAL_TIM_TriggerCallback  stm32f1xx_hal_tim.o
    0x08002336   0x00000002   Code   RO         2700    i.HardFault_Handler  stm32f1xx_it.o
    0x08002338   0x00000042   Code   RO         3704    i.MSC_BOT_Abort     usbd_msc_bot.o
    0x0800237a   0x00000002   PAD
    0x0800237c   0x000000cc   Code   RO         3705    i.MSC_BOT_CBW_Decode  usbd_msc_bot.o
    0x08002448   0x0000002a   Code   RO         3706    i.MSC_BOT_CplClrFeature  usbd_msc_bot.o
    0x08002472   0x0000003a   Code   RO         3707    i.MSC_BOT_DataIn    usbd_msc_bot.o
    0x080024ac   0x0000003a   Code   RO         3708    i.MSC_BOT_DataOut   usbd_msc_bot.o
    0x080024e6   0x0000000a   Code   RO         3709    i.MSC_BOT_DeInit    usbd_msc_bot.o
    0x080024f0   0x00000042   Code   RO         3710    i.MSC_BOT_Init      usbd_msc_bot.o
    0x08002532   0x00000016   Code   RO         3711    i.MSC_BOT_Reset     usbd_msc_bot.o
    0x08002548   0x0000003c   Code   RO         3712    i.MSC_BOT_SendCSW   usbd_msc_bot.o
    0x08002584   0x000000a8   Code   RO         2788    i.MX_GPIO_Init      main.o
    0x0800262c   0x00000038   Code   RO         3077    i.MX_USB_DEVICE_Init  usb_device.o
    0x08002664   0x00000002   Code   RO         2701    i.MemManage_Handler  stm32f1xx_it.o
    0x08002666   0x00000004   Code   RO         2702    i.NMI_Handler       stm32f1xx_it.o
    0x0800266a   0x00000020   Code   RO         1390    i.NVIC_SetPriority  stm32f1xx_hal_cortex.o
    0x0800268a   0x00000002   PAD
    0x0800268c   0x000000b0   Code   RO         2789    i.OLEDInit          main.o
    0x0800273c   0x00000362   Code   RO         2072    i.PCD_EP_ISR_Handler  stm32f1xx_hal_pcd.o
    0x08002a9e   0x00000002   Code   RO         2703    i.PendSV_Handler    stm32f1xx_it.o
    0x08002aa0   0x00000022   Code   RO         3859    i.SCSI_CheckAddressRange  usbd_msc_scsi.o
    0x08002ac2   0x00000002   PAD
    0x08002ac4   0x000001cc   Code   RO         3860    i.SCSI_ProcessCmd   usbd_msc_scsi.o
    0x08002c90   0x0000008c   Code   RO         3861    i.SCSI_ProcessRead  usbd_msc_scsi.o
    0x08002d1c   0x00000098   Code   RO         3862    i.SCSI_ProcessWrite  usbd_msc_scsi.o
    0x08002db4   0x000000aa   Code   RO         3863    i.SCSI_Read10       usbd_msc_scsi.o
    0x08002e5e   0x00000056   Code   RO         3864    i.SCSI_ReadCapacity10  usbd_msc_scsi.o
    0x08002eb4   0x0000006e   Code   RO         3865    i.SCSI_ReadFormatCapacity  usbd_msc_scsi.o
    0x08002f22   0x00000036   Code   RO         3866    i.SCSI_SenseCode    usbd_msc_scsi.o
    0x08002f58   0x000000ca   Code   RO         3867    i.SCSI_Write10      usbd_msc_scsi.o
    0x08003022   0x00000024   Code   RO         2285    i.SDIO_DataConfig   stm32f1xx_ll_sdmmc.o
    0x08003046   0x00000006   Code   RO         2286    i.SDIO_GetCommandResponse  stm32f1xx_ll_sdmmc.o
    0x0800304c   0x00000008   Code   RO         2289    i.SDIO_GetPowerState  stm32f1xx_ll_sdmmc.o
    0x08003054   0x00000010   Code   RO         2290    i.SDIO_GetResponse  stm32f1xx_ll_sdmmc.o
    0x08003064   0x00000024   Code   RO         2291    i.SDIO_Init         stm32f1xx_ll_sdmmc.o
    0x08003088   0x00000008   Code   RO         2293    i.SDIO_PowerState_ON  stm32f1xx_ll_sdmmc.o
    0x08003090   0x00000006   Code   RO         2294    i.SDIO_ReadFIFO     stm32f1xx_ll_sdmmc.o
    0x08003096   0x00000020   Code   RO         2295    i.SDIO_SendCommand  stm32f1xx_ll_sdmmc.o
    0x080030b6   0x0000000a   Code   RO         2297    i.SDIO_WriteFIFO    stm32f1xx_ll_sdmmc.o
    0x080030c0   0x000000ec   Code   RO         2406    i.SD_CmdResp1Error  stm32f1xx_hal_sd.o
    0x080031ac   0x0000002e   Code   RO         2407    i.SD_CmdResp2Error  stm32f1xx_hal_sd.o
    0x080031da   0x00000074   Code   RO         2408    i.SD_CmdResp6Error  stm32f1xx_hal_sd.o
    0x0800324e   0x00000040   Code   RO         2409    i.SD_CmdResp7Error  stm32f1xx_hal_sd.o
    0x0800328e   0x0000011a   Code   RO         2414    i.SD_FindSCR        stm32f1xx_hal_sd.o
    0x080033a8   0x000000fa   Code   RO         2416    i.SD_Initialize_Cards  stm32f1xx_hal_sd.o
    0x080034a2   0x00000002   PAD
    0x080034a4   0x00000144   Code   RO         2417    i.SD_IsCardProgramming  stm32f1xx_hal_sd.o
    0x080035e8   0x0000018c   Code   RO         2418    i.SD_PowerON        stm32f1xx_hal_sd.o
    0x08003774   0x0000007c   Code   RO         2419    i.SD_WideBus_Disable  stm32f1xx_hal_sd.o
    0x080037f0   0x0000007e   Code   RO         2420    i.SD_WideBus_Enable  stm32f1xx_hal_sd.o
    0x0800386e   0x00000002   PAD
    0x08003870   0x00000030   Code   RO         3373    i.STORAGE_GetCapacity_FS  usbd_storage_if.o
    0x080038a0   0x00000004   Code   RO         3374    i.STORAGE_GetMaxLun_FS  usbd_storage_if.o
    0x080038a4   0x00000004   Code   RO         3375    i.STORAGE_Init_FS   usbd_storage_if.o
    0x080038a8   0x00000004   Code   RO         3376    i.STORAGE_IsReady_FS  usbd_storage_if.o
    0x080038ac   0x00000004   Code   RO         3377    i.STORAGE_IsWriteProtected_FS  usbd_storage_if.o
    0x080038b0   0x0000001c   Code   RO         3378    i.STORAGE_Read_FS   usbd_storage_if.o
    0x080038cc   0x0000001c   Code   RO         3379    i.STORAGE_Write_FS  usbd_storage_if.o
    0x080038e8   0x00000002   Code   RO         2704    i.SVC_Handler       stm32f1xx_it.o
    0x080038ea   0x00000002   PAD
    0x080038ec   0x00000060   Code   RO         2790    i.SoftIICInit       main.o
    0x0800394c   0x00000004   Code   RO         2705    i.SysTick_Handler   stm32f1xx_it.o
    0x08003950   0x0000007c   Code   RO         2791    i.SystemClock_Config  main.o
    0x080039cc   0x00000048   Code   RO         2625    i.SystemInit        system_stm32f1xx.o
    0x08003a14   0x0000000c   Code   RO         2706    i.TIM8_UP_IRQHandler  stm32f1xx_it.o
    0x08003a20   0x00000084   Code   RO          794    i.TIM_Base_SetConfig  stm32f1xx_hal_tim.o
    0x08003aa4   0x0000000e   Code   RO         3501    i.USBD_ClrClassConfig  usbd_core.o
    0x08003ab2   0x00000010   Code   RO         3441    i.USBD_CtlContinueRx  usbd_ioreq.o
    0x08003ac2   0x00000010   Code   RO         3442    i.USBD_CtlContinueSendData  usbd_ioreq.o
    0x08003ad2   0x00000016   Code   RO         3639    i.USBD_CtlError     usbd_ctlreq.o
    0x08003ae8   0x00000016   Code   RO         3444    i.USBD_CtlReceiveStatus  usbd_ioreq.o
    0x08003afe   0x0000001a   Code   RO         3445    i.USBD_CtlSendData  usbd_ioreq.o
    0x08003b18   0x00000016   Code   RO         3446    i.USBD_CtlSendStatus  usbd_ioreq.o
    0x08003b2e   0x00000002   PAD
    0x08003b30   0x00000024   Code   RO         3000    i.USBD_FS_ConfigStrDescriptor  usbd_desc.o
    0x08003b54   0x0000000c   Code   RO         3001    i.USBD_FS_DeviceDescriptor  usbd_desc.o
    0x08003b60   0x00000028   Code   RO         3002    i.USBD_FS_InterfaceStrDescriptor  usbd_desc.o
    0x08003b88   0x0000000c   Code   RO         3003    i.USBD_FS_LangIDStrDescriptor  usbd_desc.o
    0x08003b94   0x0000001c   Code   RO         3004    i.USBD_FS_ManufacturerStrDescriptor  usbd_desc.o
    0x08003bb0   0x00000024   Code   RO         3005    i.USBD_FS_ProductStrDescriptor  usbd_desc.o
    0x08003bd4   0x00000024   Code   RO         3006    i.USBD_FS_SerialStrDescriptor  usbd_desc.o
    0x08003bf8   0x000000e0   Code   RO         3640    i.USBD_GetDescriptor  usbd_ctlreq.o
    0x08003cd8   0x00000046   Code   RO         3641    i.USBD_GetString    usbd_ctlreq.o
    0x08003d1e   0x0000002a   Code   RO         3503    i.USBD_Init         usbd_core.o
    0x08003d48   0x0000000e   Code   RO         3140    i.USBD_LL_ClearStallEP  usbd_conf.o
    0x08003d56   0x0000000e   Code   RO         3141    i.USBD_LL_CloseEP   usbd_conf.o
    0x08003d64   0x000000aa   Code   RO         3504    i.USBD_LL_DataInStage  usbd_core.o
    0x08003e0e   0x0000006a   Code   RO         3505    i.USBD_LL_DataOutStage  usbd_core.o
    0x08003e78   0x0000000e   Code   RO         3144    i.USBD_LL_FlushEP   usbd_conf.o
    0x08003e86   0x00000008   Code   RO         3145    i.USBD_LL_GetRxDataSize  usbd_conf.o
    0x08003e8e   0x00000002   PAD
    0x08003e90   0x00000074   Code   RO         3146    i.USBD_LL_Init      usbd_conf.o
    0x08003f04   0x0000001c   Code   RO         3147    i.USBD_LL_IsStallEP  usbd_conf.o
    0x08003f20   0x00000014   Code   RO         3148    i.USBD_LL_OpenEP    usbd_conf.o
    0x08003f34   0x0000000e   Code   RO         3149    i.USBD_LL_PrepareReceive  usbd_conf.o
    0x08003f42   0x0000003e   Code   RO         3510    i.USBD_LL_Reset     usbd_core.o
    0x08003f80   0x0000000c   Code   RO         3511    i.USBD_LL_Resume    usbd_core.o
    0x08003f8c   0x00000018   Code   RO         3512    i.USBD_LL_SOF       usbd_core.o
    0x08003fa4   0x00000006   Code   RO         3513    i.USBD_LL_SetSpeed  usbd_core.o
    0x08003faa   0x0000000e   Code   RO         3150    i.USBD_LL_SetUSBAddress  usbd_conf.o
    0x08003fb8   0x0000005a   Code   RO         3514    i.USBD_LL_SetupStage  usbd_core.o
    0x08004012   0x0000000e   Code   RO         3151    i.USBD_LL_StallEP   usbd_conf.o
    0x08004020   0x0000000e   Code   RO         3152    i.USBD_LL_Start     usbd_conf.o
    0x0800402e   0x00000012   Code   RO         3515    i.USBD_LL_Suspend   usbd_core.o
    0x08004040   0x0000000e   Code   RO         3154    i.USBD_LL_Transmit  usbd_conf.o
    0x0800404e   0x0000000a   Code   RO         3774    i.USBD_MSC_DataIn   usbd_msc.o
    0x08004058   0x0000000a   Code   RO         3775    i.USBD_MSC_DataOut  usbd_msc.o
    0x08004062   0x0000002c   Code   RO         3776    i.USBD_MSC_DeInit   usbd_msc.o
    0x0800408e   0x00000002   PAD
    0x08004090   0x0000000c   Code   RO         3777    i.USBD_MSC_GetDeviceQualifierDescriptor  usbd_msc.o
    0x0800409c   0x0000000c   Code   RO         3778    i.USBD_MSC_GetFSCfgDesc  usbd_msc.o
    0x080040a8   0x0000000c   Code   RO         3779    i.USBD_MSC_GetHSCfgDesc  usbd_msc.o
    0x080040b4   0x0000000c   Code   RO         3780    i.USBD_MSC_GetOtherSpeedCfgDesc  usbd_msc.o
    0x080040c0   0x00000052   Code   RO         3781    i.USBD_MSC_Init     usbd_msc.o
    0x08004112   0x0000000a   Code   RO         3782    i.USBD_MSC_RegisterStorage  usbd_msc.o
    0x0800411c   0x000000c2   Code   RO         3783    i.USBD_MSC_Setup    usbd_msc.o
    0x080041de   0x00000028   Code   RO         3642    i.USBD_ParseSetupRequest  usbd_ctlreq.o
    0x08004206   0x00000010   Code   RO         3516    i.USBD_RegisterClass  usbd_core.o
    0x08004216   0x00000016   Code   RO         3518    i.USBD_SetClassConfig  usbd_core.o
    0x0800422c   0x00000074   Code   RO         3643    i.USBD_SetConfig    usbd_ctlreq.o
    0x080042a0   0x0000000a   Code   RO         3519    i.USBD_Start        usbd_core.o
    0x080042aa   0x000000f2   Code   RO         3644    i.USBD_StdDevReq    usbd_ctlreq.o
    0x0800439c   0x000000dc   Code   RO         3645    i.USBD_StdEPReq     usbd_ctlreq.o
    0x08004478   0x00000034   Code   RO         3646    i.USBD_StdItfReq    usbd_ctlreq.o
    0x080044ac   0x00000002   Code   RO         3155    i.USBD_static_free  usbd_conf.o
    0x080044ae   0x00000002   PAD
    0x080044b0   0x00000008   Code   RO         3156    i.USBD_static_malloc  usbd_conf.o
    0x080044b8   0x0000025c   Code   RO         1848    i.USB_ActivateEndpoint  stm32f1xx_ll_usb.o
    0x08004714   0x00000004   Code   RO         1851    i.USB_CoreInit      stm32f1xx_ll_usb.o
    0x08004718   0x00000124   Code   RO         1853    i.USB_DeactivateEndpoint  stm32f1xx_ll_usb.o
    0x0800483c   0x00000004   Code   RO         1854    i.USB_DevConnect    stm32f1xx_ll_usb.o
    0x08004840   0x00000004   Code   RO         1855    i.USB_DevDisconnect  stm32f1xx_ll_usb.o
    0x08004844   0x00000012   Code   RO         1856    i.USB_DevInit       stm32f1xx_ll_usb.o
    0x08004856   0x0000000e   Code   RO         1857    i.USB_DisableGlobalInt  stm32f1xx_ll_usb.o
    0x08004864   0x00000004   Code   RO         1858    i.USB_EP0_OutStart  stm32f1xx_ll_usb.o
    0x08004868   0x0000006a   Code   RO         1859    i.USB_EPClearStall  stm32f1xx_ll_usb.o
    0x080048d2   0x0000004a   Code   RO         1860    i.USB_EPSetStall    stm32f1xx_ll_usb.o
    0x0800491c   0x000001aa   Code   RO         1861    i.USB_EPStartXfer   stm32f1xx_ll_usb.o
    0x08004ac6   0x0000000e   Code   RO         1862    i.USB_EnableGlobalInt  stm32f1xx_ll_usb.o
    0x08004ad4   0x00000004   Code   RO         1863    i.USB_FlushRxFifo   stm32f1xx_ll_usb.o
    0x08004ad8   0x00000004   Code   RO         1864    i.USB_FlushTxFifo   stm32f1xx_ll_usb.o
    0x08004adc   0x0000000c   Code   RO         2707    i.USB_LP_CAN1_RX0_IRQHandler  stm32f1xx_it.o
    0x08004ae8   0x00000006   Code   RO         1869    i.USB_ReadInterrupts  stm32f1xx_ll_usb.o
    0x08004aee   0x00000002   PAD
    0x08004af0   0x0000001e   Code   RO         1870    i.USB_ReadPMA       stm32f1xx_ll_usb.o
    0x08004b0e   0x00000004   Code   RO         1872    i.USB_SetCurrentMode  stm32f1xx_ll_usb.o
    0x08004b12   0x0000000c   Code   RO         1873    i.USB_SetDevAddress  stm32f1xx_ll_usb.o
    0x08004b1e   0x00000026   Code   RO         1875    i.USB_WritePMA      stm32f1xx_ll_usb.o
    0x08004b44   0x00000002   Code   RO         2708    i.UsageFault_Handler  stm32f1xx_it.o
    0x08004b46   0x00000002   PAD
    0x08004b48   0x00000024   Code   RO         3969    i.__0vsprintf       mc_w.l(printfa.o)
    0x08004b6c   0x0000000e   Code   RO         4064    i.__scatterload_copy  mc_w.l(handlers.o)
    0x08004b7a   0x00000002   Code   RO         4065    i.__scatterload_null  mc_w.l(handlers.o)
    0x08004b7c   0x0000000e   Code   RO         4066    i.__scatterload_zeroinit  mc_w.l(handlers.o)
    0x08004b8a   0x00000002   PAD
    0x08004b8c   0x00000184   Code   RO         3970    i._fp_digits        mc_w.l(printfa.o)
    0x08004d10   0x0000001a   Code   RO         2792    i._oled_bright      main.o
    0x08004d2a   0x00000040   Code   RO         2793    i._oled_clear       main.o
    0x08004d6a   0x0000001e   Code   RO         2794    i._oled_close       main.o
    0x08004d88   0x00000004   Code   RO         2795    i._oled_color       main.o
    0x08004d8c   0x000000d0   Code   RO         2796    i._oled_draw        main.o
    0x08004e5c   0x00000048   Code   RO         2797    i._oled_flash       main.o
    0x08004ea4   0x00000004   Code   RO         2798    i._oled_font        main.o
    0x08004ea8   0x0000013e   Code   RO         2799    i._oled_init        main.o
    0x08004fe6   0x0000001e   Code   RO         2800    i._oled_open        main.o
    0x08005004   0x00000064   Code   RO         2801    i._oled_print       main.o
    0x08005068   0x0000003a   Code   RO         2802    i._oled_printf      main.o
    0x080050a2   0x00000028   Code   RO         2803    i._oled_setPosition  main.o
    0x080050ca   0x00000008   Code   RO         2804    i._oled_trans       main.o
    0x080050d2   0x00000050   Code   RO         2805    i._oled_writeCommand  main.o
    0x08005122   0x00000050   Code   RO         2806    i._oled_writeData   main.o
    0x08005172   0x00000002   PAD
    0x08005174   0x000006dc   Code   RO         3971    i._printf_core      mc_w.l(printfa.o)
    0x08005850   0x00000024   Code   RO         3972    i._printf_post_padding  mc_w.l(printfa.o)
    0x08005874   0x0000002e   Code   RO         3973    i._printf_pre_padding  mc_w.l(printfa.o)
    0x080058a2   0x00000002   PAD
    0x080058a4   0x00000040   Code   RO         2807    i._soft_iic_send    main.o
    0x080058e4   0x00000030   Code   RO         2808    i._soft_iic_start   main.o
    0x08005914   0x00000026   Code   RO         2809    i._soft_iic_stop    main.o
    0x0800593a   0x00000004   Code   RO         2810    i._soft_iic_turn    main.o
    0x0800593e   0x0000001c   Code   RO         2811    i._soft_iic_wait    main.o
    0x0800595a   0x0000000a   Code   RO         3975    i._sputc            mc_w.l(printfa.o)
    0x08005964   0x00000050   Code   RO         3990    i.free              mc_w.l(malloc.o)
    0x080059b4   0x00000284   Code   RO         2812    i.main              main.o
    0x08005c38   0x0000006c   Code   RO         3991    i.malloc            mc_w.l(malloc.o)
    0x08005ca4   0x00000010   Data   RO         2626    .constdata          system_stm32f1xx.o
    0x08005cb4   0x00000008   Data   RO         2627    .constdata          system_stm32f1xx.o
    0x08005cbc   0x00000c18   Data   RO         2814    .constdata          main.o
    0x080068d4   0x00000024   Data   RO         3380    .constdata          usbd_storage_if.o
    0x080068f8   0x00000007   Data   RO         3928    .constdata          usbd_msc_data.o
    0x080068ff   0x00000008   Data   RO         3929    .constdata          usbd_msc_data.o
    0x08006907   0x00000008   Data   RO         3930    .constdata          usbd_msc_data.o
    0x0800690f   0x00000001   PAD
    0x08006910   0x00000020   Data   RO         4062    Region$$Table       anon$$obj.o


    Execution Region RW_IRAM1 (Base: 0x20000000, Size: 0x000012b8, Max: 0x0000c000, ABSOLUTE)

    Base Addr    Size         Type   Attr      Idx    E Section Name        Object

    0x20000000   0x00000004   Data   RW          432    .data               stm32f1xx_hal.o
    0x20000004   0x00000004   Data   RW         2628    .data               system_stm32f1xx.o
    0x20000008   0x00000004   Data   RW         2815    .data               main.o
    0x2000000c   0x0000001c   Data   RW         3008    .data               usbd_desc.o
    0x20000028   0x00000016   Data   RW         3009    .data               usbd_desc.o
    0x2000003e   0x00000002   PAD
    0x20000040   0x00000020   Data   RW         3381    .data               usbd_storage_if.o
    0x20000060   0x00000001   Data   RW         3647    .data               usbd_ctlreq.o
    0x20000061   0x00000003   PAD
    0x20000064   0x00000038   Data   RW         3784    .data               usbd_msc.o
    0x2000009c   0x0000006a   Data   RW         3785    .data               usbd_msc.o
    0x20000106   0x00000002   PAD
    0x20000108   0x00000004   Data   RW         4039    .data               mc_w.l(mvars.o)
    0x2000010c   0x00000004   Data   RW         4040    .data               mc_w.l(mvars.o)
    0x20000110   0x000000b8   Zero   RW         2813    .bss                main.o
    0x200001c8   0x00000200   Zero   RW         3007    .bss                usbd_desc.o
    0x200003c8   0x00000224   Zero   RW         3078    .bss                usb_device.o
    0x200005ec   0x00000690   Zero   RW         3157    .bss                usbd_conf.o
    0x20000c7c   0x0000003c   Zero   RW         3336    .bss                stm32f1xx_hal_timebase_tim.o
    0x20000cb8   0x00000200   Zero   RW         3432    HEAP                startup_stm32f103xe.o
    0x20000eb8   0x00000400   Zero   RW         3431    STACK               startup_stm32f103xe.o


==============================================================================

Image component sizes


      Code (inc. data)   RO Data    RW Data    ZI Data      Debug   Object Name

      2534        214       3096          4        184      23530   main.o
        36          8        304          0       1536        748   startup_stm32f103xe.o
        86         16          0          4          0       2883   stm32f1xx_hal.o
       228         14          0          0          0      27193   stm32f1xx_hal_cortex.o
       508         42          0          0          0       3595   stm32f1xx_hal_gpio.o
       216         26          0          0          0       1411   stm32f1xx_hal_msp.o
      1898          0          0          0          0      10676   stm32f1xx_hal_pcd.o
        52          0          0          0          0       1130   stm32f1xx_hal_pcd_ex.o
      2108        102          0          0          0       7217   stm32f1xx_hal_rcc.o
       300         12          0          0          0       1280   stm32f1xx_hal_rcc_ex.o
      3918         12          0          0          0      19627   stm32f1xx_hal_sd.o
       578         20          0          0          0       6530   stm32f1xx_hal_tim.o
         4          0          0          0          0     516678   stm32f1xx_hal_tim_ex.o
       116         18          0          0         60       1380   stm32f1xx_hal_timebase_tim.o
        46         12          0          0          0       4416   stm32f1xx_it.o
       158          4          0          0          0       5465   stm32f1xx_ll_sdmmc.o
      1662          0          0          0          0      13195   stm32f1xx_ll_usb.o
        72         16         24          4          0       1323   system_stm32f1xx.o
        56         18          0          0        548       5741   usb_device.o
       478         28          0          0       1680      12395   usbd_conf.o
       592          0          0          0          0       8840   usbd_core.o
       986         30          0          1          0       7548   usbd_ctlreq.o
       200        104          0         50        512       4707   usbd_desc.o
       102          0          0          0          0       3520   usbd_ioreq.o
       398         16          0        162          0       8824   usbd_msc.o
       586         12          0          0          0       6833   usbd_msc_bot.o
         0          0         23          0          0        841   usbd_msc_data.o
      1408         12          0          0          0      10103   usbd_msc_scsi.o
       120         16         36         32          0       4046   usbd_storage_if.o

    ----------------------------------------------------------------------
     19482        752       3516        264       4520     721675   Object Totals
         0          0         32          0          0          0   (incl. Generated)
        36          0          1          7          0          0   (incl. Padding)

    ----------------------------------------------------------------------

      Code (inc. data)   RO Data    RW Data    ZI Data      Debug   Library Member Name

         0          0          0          0          0          0   entry.o
         0          0          0          0          0          0   entry10a.o
         0          0          0          0          0          0   entry11a.o
         8          4          0          0          0          0   entry2.o
         4          0          0          0          0          0   entry5.o
         0          0          0          0          0          0   entry7b.o
         0          0          0          0          0          0   entry8b.o
         8          4          0          0          0          0   entry9a.o
        30          0          0          0          0          0   handlers.o
        36          8          0          0          0         68   init.o
         0          0          0          0          0          0   iusefp.o
        30          0          0          0          0         68   llshl.o
        36          0          0          0          0         68   llsshr.o
        32          0          0          0          0         68   llushr.o
       188         20          0          0          0        160   malloc.o
        36          0          0          0          0         68   memcpya.o
        36          0          0          0          0        108   memseta.o
         0          0          0          8          0          0   mvars.o
      2272         86          0          0          0        516   printfa.o
        44          0          0          0          0         80   uidiv.o
        98          0          0          0          0         92   uldiv.o
        48          0          0          0          0         68   cdrcmple.o
       334          0          0          0          0        148   dadd.o
       222          0          0          0          0        100   ddiv.o
       186          0          0          0          0        176   depilogue.o
        48          0          0          0          0         68   dfixul.o
       228          0          0          0          0         96   dmul.o

    ----------------------------------------------------------------------
      3930        122          0          8          0       1952   Library Totals
         6          0          0          0          0          0   (incl. Padding)

    ----------------------------------------------------------------------

      Code (inc. data)   RO Data    RW Data    ZI Data      Debug   Library Name

      2858        122          0          8          0       1296   mc_w.l
      1066          0          0          0          0        656   mf_w.l

    ----------------------------------------------------------------------
      3930        122          0          8          0       1952   Library Totals

    ----------------------------------------------------------------------

==============================================================================


      Code (inc. data)   RO Data    RW Data    ZI Data      Debug   

     23412        874       3516        272       4520     711143   Grand Totals
     23412        874       3516        272       4520     711143   ELF Image Totals
     23412        874       3516        272          0          0   ROM Totals

==============================================================================

    Total RO  Size (Code + RO Data)                26928 (  26.30kB)
    Total RW  Size (RW Data + ZI Data)              4792 (   4.68kB)
    Total ROM Size (Code + RO Data + RW Data)      27200 (  26.56kB)

==============================================================================

